Archive member included to satisfy reference by file (symbol)

c:/st/stm32cubeide_1.8.0/stm32cubeide/plugins/com.st.stm32cube.ide.mcu.externaltools.gnu-tools-for-stm32.9-2020-q2-update.win32_2.0.0.202105311346/tools/bin/../lib/gcc/arm-none-eabi/9.3.1/../../../../arm-none-eabi/lib/thumb/v7e-m+dp/hard\libc_nano.a(lib_a-errno.o)
                              ./Core/Src/syscalls.o (__errno)
c:/st/stm32cubeide_1.8.0/stm32cubeide/plugins/com.st.stm32cube.ide.mcu.externaltools.gnu-tools-for-stm32.9-2020-q2-update.win32_2.0.0.202105311346/tools/bin/../lib/gcc/arm-none-eabi/9.3.1/../../../../arm-none-eabi/lib/thumb/v7e-m+dp/hard\libc_nano.a(lib_a-exit.o)
                              c:/st/stm32cubeide_1.8.0/stm32cubeide/plugins/com.st.stm32cube.ide.mcu.externaltools.gnu-tools-for-stm32.9-2020-q2-update.win32_2.0.0.202105311346/tools/bin/../lib/gcc/arm-none-eabi/9.3.1/../../../../arm-none-eabi/lib/thumb/v7e-m+dp/hard/crt0.o (exit)
c:/st/stm32cubeide_1.8.0/stm32cubeide/plugins/com.st.stm32cube.ide.mcu.externaltools.gnu-tools-for-stm32.9-2020-q2-update.win32_2.0.0.202105311346/tools/bin/../lib/gcc/arm-none-eabi/9.3.1/../../../../arm-none-eabi/lib/thumb/v7e-m+dp/hard\libc_nano.a(lib_a-impure.o)
                              c:/st/stm32cubeide_1.8.0/stm32cubeide/plugins/com.st.stm32cube.ide.mcu.externaltools.gnu-tools-for-stm32.9-2020-q2-update.win32_2.0.0.202105311346/tools/bin/../lib/gcc/arm-none-eabi/9.3.1/../../../../arm-none-eabi/lib/thumb/v7e-m+dp/hard\libc_nano.a(lib_a-exit.o) (_global_impure_ptr)
c:/st/stm32cubeide_1.8.0/stm32cubeide/plugins/com.st.stm32cube.ide.mcu.externaltools.gnu-tools-for-stm32.9-2020-q2-update.win32_2.0.0.202105311346/tools/bin/../lib/gcc/arm-none-eabi/9.3.1/../../../../arm-none-eabi/lib/thumb/v7e-m+dp/hard\libc_nano.a(lib_a-init.o)
                              c:/st/stm32cubeide_1.8.0/stm32cubeide/plugins/com.st.stm32cube.ide.mcu.externaltools.gnu-tools-for-stm32.9-2020-q2-update.win32_2.0.0.202105311346/tools/bin/../lib/gcc/arm-none-eabi/9.3.1/../../../../arm-none-eabi/lib/thumb/v7e-m+dp/hard/crt0.o (__libc_init_array)
c:/st/stm32cubeide_1.8.0/stm32cubeide/plugins/com.st.stm32cube.ide.mcu.externaltools.gnu-tools-for-stm32.9-2020-q2-update.win32_2.0.0.202105311346/tools/bin/../lib/gcc/arm-none-eabi/9.3.1/../../../../arm-none-eabi/lib/thumb/v7e-m+dp/hard\libc_nano.a(lib_a-memcpy-stub.o)
                              ./Core/Src/custom.o (memcpy)
c:/st/stm32cubeide_1.8.0/stm32cubeide/plugins/com.st.stm32cube.ide.mcu.externaltools.gnu-tools-for-stm32.9-2020-q2-update.win32_2.0.0.202105311346/tools/bin/../lib/gcc/arm-none-eabi/9.3.1/../../../../arm-none-eabi/lib/thumb/v7e-m+dp/hard\libc_nano.a(lib_a-memset.o)
                              c:/st/stm32cubeide_1.8.0/stm32cubeide/plugins/com.st.stm32cube.ide.mcu.externaltools.gnu-tools-for-stm32.9-2020-q2-update.win32_2.0.0.202105311346/tools/bin/../lib/gcc/arm-none-eabi/9.3.1/../../../../arm-none-eabi/lib/thumb/v7e-m+dp/hard/crt0.o (memset)

Allocating common symbols
Common symbol       size              file

uwTick              0x4               ./Drivers/STM32H7xx_HAL_Driver/Src/stm32h7xx_hal.o
pFlash              0x1c              ./Drivers/STM32H7xx_HAL_Driver/Src/stm32h7xx_hal_flash.o
hadc1               0x64              ./Core/Src/adc.o
hi2s1               0x54              ./Core/Src/i2s.o
htim16              0x4c              ./Core/Src/tim.o

Discarded input sections

 .text          0x0000000000000000        0x0 c:/st/stm32cubeide_1.8.0/stm32cubeide/plugins/com.st.stm32cube.ide.mcu.externaltools.gnu-tools-for-stm32.9-2020-q2-update.win32_2.0.0.202105311346/tools/bin/../lib/gcc/arm-none-eabi/9.3.1/thumb/v7e-m+dp/hard/crti.o
 .data          0x0000000000000000        0x0 c:/st/stm32cubeide_1.8.0/stm32cubeide/plugins/com.st.stm32cube.ide.mcu.externaltools.gnu-tools-for-stm32.9-2020-q2-update.win32_2.0.0.202105311346/tools/bin/../lib/gcc/arm-none-eabi/9.3.1/thumb/v7e-m+dp/hard/crti.o
 .bss           0x0000000000000000        0x0 c:/st/stm32cubeide_1.8.0/stm32cubeide/plugins/com.st.stm32cube.ide.mcu.externaltools.gnu-tools-for-stm32.9-2020-q2-update.win32_2.0.0.202105311346/tools/bin/../lib/gcc/arm-none-eabi/9.3.1/thumb/v7e-m+dp/hard/crti.o
 .data          0x0000000000000000        0x4 c:/st/stm32cubeide_1.8.0/stm32cubeide/plugins/com.st.stm32cube.ide.mcu.externaltools.gnu-tools-for-stm32.9-2020-q2-update.win32_2.0.0.202105311346/tools/bin/../lib/gcc/arm-none-eabi/9.3.1/thumb/v7e-m+dp/hard/crtbegin.o
 .text          0x0000000000000000       0x7c c:/st/stm32cubeide_1.8.0/stm32cubeide/plugins/com.st.stm32cube.ide.mcu.externaltools.gnu-tools-for-stm32.9-2020-q2-update.win32_2.0.0.202105311346/tools/bin/../lib/gcc/arm-none-eabi/9.3.1/../../../../arm-none-eabi/lib/thumb/v7e-m+dp/hard/crt0.o
[...]
Memory Configuration

Name             Origin             Length             Attributes
FLASH            0x0000000008000000 0x0000000000200000 xr
DTCMRAM          0x0000000020000000 0x0000000000020000 xrw
RAM_D1           0x0000000024000000 0x0000000000080000 xrw
RAM_D2           0x0000000030000000 0x0000000000048000 xrw
RAM_D3           0x0000000038000000 0x0000000000010000 xrw
ITCMRAM          0x0000000000000000 0x0000000000010000 xrw
*default*        0x0000000000000000 0xffffffffffffffff

Linker script and memory map

LOAD c:/st/stm32cubeide_1.8.0/stm32cubeide/plugins/com.st.stm32cube.ide.mcu.externaltools.gnu-tools-for-stm32.9-2020-q2-update.win32_2.0.0.202105311346/tools/bin/../lib/gcc/arm-none-eabi/9.3.1/thumb/v7e-m+dp/hard/crti.o
LOAD c:/st/stm32cubeide_1.8.0/stm32cubeide/plugins/com.st.stm32cube.ide.mcu.externaltools.gnu-tools-for-stm32.9-2020-q2-update.win32_2.0.0.202105311346/tools/bin/../lib/gcc/arm-none-eabi/9.3.1/thumb/v7e-m+dp/hard/crtbegin.o
LOAD c:/st/stm32cubeide_1.8.0/stm32cubeide/plugins/com.st.stm32cube.ide.mcu.externaltools.gnu-tools-for-stm32.9-2020-q2-update.win32_2.0.0.202105311346/tools/bin/../lib/gcc/arm-none-eabi/9.3.1/../../../../arm-none-eabi/lib/thumb/v7e-m+dp/hard/crt0.o
LOAD ./Core/Src/LUTs.o
LOAD ./Core/Src/adc.o
LOAD ./Core/Src/custom.o
LOAD ./Core/Src/gpio.o
LOAD ./Core/Src/i2s.o
LOAD ./Core/Src/main.o
LOAD ./Core/Src/stm32h7xx_hal_msp.o
LOAD ./Core/Src/stm32h7xx_it.o
LOAD ./Core/Src/syscalls.o
LOAD ./Core/Src/sysmem.o
LOAD ./Core/Src/system_stm32h7xx.o
LOAD ./Core/Src/tim.o
LOAD ./Core/Startup/startup_stm32h743vitx.o
LOAD ./Drivers/STM32H7xx_HAL_Driver/Src/stm32h7xx_hal.o
LOAD ./Drivers/STM32H7xx_HAL_Driver/Src/stm32h7xx_hal_adc.o
LOAD ./Drivers/STM32H7xx_HAL_Driver/Src/stm32h7xx_hal_adc_ex.o
LOAD ./Drivers/STM32H7xx_HAL_Driver/Src/stm32h7xx_hal_cortex.o
LOAD ./Drivers/STM32H7xx_HAL_Driver/Src/stm32h7xx_hal_dma.o
LOAD ./Drivers/STM32H7xx_HAL_Driver/Src/stm32h7xx_hal_dma_ex.o
LOAD ./Drivers/STM32H7xx_HAL_Driver/Src/stm32h7xx_hal_exti.o
LOAD ./Drivers/STM32H7xx_HAL_Driver/Src/stm32h7xx_hal_flash.o
LOAD ./Drivers/STM32H7xx_HAL_Driver/Src/stm32h7xx_hal_flash_ex.o
LOAD ./Drivers/STM32H7xx_HAL_Driver/Src/stm32h7xx_hal_gpio.o
LOAD ./Drivers/STM32H7xx_HAL_Driver/Src/stm32h7xx_hal_hsem.o
LOAD ./Drivers/STM32H7xx_HAL_Driver/Src/stm32h7xx_hal_i2c.o
LOAD ./Drivers/STM32H7xx_HAL_Driver/Src/stm32h7xx_hal_i2c_ex.o
LOAD ./Drivers/STM32H7xx_HAL_Driver/Src/stm32h7xx_hal_i2s.o
LOAD ./Drivers/STM32H7xx_HAL_Driver/Src/stm32h7xx_hal_i2s_ex.o
LOAD ./Drivers/STM32H7xx_HAL_Driver/Src/stm32h7xx_hal_mdma.o
LOAD ./Drivers/STM32H7xx_HAL_Driver/Src/stm32h7xx_hal_pwr.o
LOAD ./Drivers/STM32H7xx_HAL_Driver/Src/stm32h7xx_hal_pwr_ex.o
LOAD ./Drivers/STM32H7xx_HAL_Driver/Src/stm32h7xx_hal_rcc.o
LOAD ./Drivers/STM32H7xx_HAL_Driver/Src/stm32h7xx_hal_rcc_ex.o
LOAD ./Drivers/STM32H7xx_HAL_Driver/Src/stm32h7xx_hal_tim.o
LOAD ./Drivers/STM32H7xx_HAL_Driver/Src/stm32h7xx_hal_tim_ex.o
START GROUP
LOAD c:/st/stm32cubeide_1.8.0/stm32cubeide/plugins/com.st.stm32cube.ide.mcu.externaltools.gnu-tools-for-stm32.9-2020-q2-update.win32_2.0.0.202105311346/tools/bin/../lib/gcc/arm-none-eabi/9.3.1/../../../../arm-none-eabi/lib/thumb/v7e-m+dp/hard\libc_nano.a
LOAD c:/st/stm32cubeide_1.8.0/stm32cubeide/plugins/com.st.stm32cube.ide.mcu.externaltools.gnu-tools-for-stm32.9-2020-q2-update.win32_2.0.0.202105311346/tools/bin/../lib/gcc/arm-none-eabi/9.3.1/../../../../arm-none-eabi/lib/thumb/v7e-m+dp/hard\libm.a
END GROUP
START GROUP
LOAD c:/st/stm32cubeide_1.8.0/stm32cubeide/plugins/com.st.stm32cube.ide.mcu.externaltools.gnu-tools-for-stm32.9-2020-q2-update.win32_2.0.0.202105311346/tools/bin/../lib/gcc/arm-none-eabi/9.3.1/thumb/v7e-m+dp/hard\libgcc.a
LOAD c:/st/stm32cubeide_1.8.0/stm32cubeide/plugins/com.st.stm32cube.ide.mcu.externaltools.gnu-tools-for-stm32.9-2020-q2-update.win32_2.0.0.202105311346/tools/bin/../lib/gcc/arm-none-eabi/9.3.1/../../../../arm-none-eabi/lib/thumb/v7e-m+dp/hard\libc_nano.a
END GROUP
START GROUP
LOAD c:/st/stm32cubeide_1.8.0/stm32cubeide/plugins/com.st.stm32cube.ide.mcu.externaltools.gnu-tools-for-stm32.9-2020-q2-update.win32_2.0.0.202105311346/tools/bin/../lib/gcc/arm-none-eabi/9.3.1/thumb/v7e-m+dp/hard\libgcc.a
LOAD c:/st/stm32cubeide_1.8.0/stm32cubeide/plugins/com.st.stm32cube.ide.mcu.externaltools.gnu-tools-for-stm32.9-2020-q2-update.win32_2.0.0.202105311346/tools/bin/../lib/gcc/arm-none-eabi/9.3.1/../../../../arm-none-eabi/lib/thumb/v7e-m+dp/hard\libc_nano.a
LOAD c:/st/stm32cubeide_1.8.0/stm32cubeide/plugins/com.st.stm32cube.ide.mcu.externaltools.gnu-tools-for-stm32.9-2020-q2-update.win32_2.0.0.202105311346/tools/bin/../lib/gcc/arm-none-eabi/9.3.1/../../../../arm-none-eabi/lib/thumb/v7e-m+dp/hard\libnosys.a
END GROUP
START GROUP
LOAD c:/st/stm32cubeide_1.8.0/stm32cubeide/plugins/com.st.stm32cube.ide.mcu.externaltools.gnu-tools-for-stm32.9-2020-q2-update.win32_2.0.0.202105311346/tools/bin/../lib/gcc/arm-none-eabi/9.3.1/thumb/v7e-m+dp/hard\libgcc.a
LOAD c:/st/stm32cubeide_1.8.0/stm32cubeide/plugins/com.st.stm32cube.ide.mcu.externaltools.gnu-tools-for-stm32.9-2020-q2-update.win32_2.0.0.202105311346/tools/bin/../lib/gcc/arm-none-eabi/9.3.1/../../../../arm-none-eabi/lib/thumb/v7e-m+dp/hard\libc_nano.a
LOAD c:/st/stm32cubeide_1.8.0/stm32cubeide/plugins/com.st.stm32cube.ide.mcu.externaltools.gnu-tools-for-stm32.9-2020-q2-update.win32_2.0.0.202105311346/tools/bin/../lib/gcc/arm-none-eabi/9.3.1/../../../../arm-none-eabi/lib/thumb/v7e-m+dp/hard\libnosys.a
END GROUP
LOAD c:/st/stm32cubeide_1.8.0/stm32cubeide/plugins/com.st.stm32cube.ide.mcu.externaltools.gnu-tools-for-stm32.9-2020-q2-update.win32_2.0.0.202105311346/tools/bin/../lib/gcc/arm-none-eabi/9.3.1/thumb/v7e-m+dp/hard/crtend.o
LOAD c:/st/stm32cubeide_1.8.0/stm32cubeide/plugins/com.st.stm32cube.ide.mcu.externaltools.gnu-tools-for-stm32.9-2020-q2-update.win32_2.0.0.202105311346/tools/bin/../lib/gcc/arm-none-eabi/9.3.1/thumb/v7e-m+dp/hard/crtn.o
                0x0000000024080000                _estack = (ORIGIN (RAM_D1) + LENGTH (RAM_D1))
                0x0000000000000200                _Min_Heap_Size = 0x200
                0x0000000000000400                _Min_Stack_Size = 0x400

.isr_vector     0x0000000008000000      0x298
                0x0000000008000000                . = ALIGN (0x4)
 *(.isr_vector)
 .isr_vector    0x0000000008000000      0x298 ./Core/Startup/startup_stm32h743vitx.o
                0x0000000008000000                g_pfnVectors
                0x0000000008000298                . = ALIGN (0x4)

.text           0x0000000008000298     0x4a9c
                0x0000000008000298                . = ALIGN (0x4)
 *(.text)
 .text          0x0000000008000298       0x40 c:/st/stm32cubeide_1.8.0/stm32cubeide/plugins/com.st.stm32cube.ide.mcu.externaltools.gnu-tools-for-stm32.9-2020-q2-update.win32_2.0.0.202105311346/tools/bin/../lib/gcc/arm-none-eabi/9.3.1/thumb/v7e-m+dp/hard/crtbegin.o
 *(.text*)
 .text.MX_ADC1_Init
                0x00000000080002d8       0xa4 ./Core/Src/adc.o
                0x00000000080002d8                MX_ADC1_Init
 .text.HAL_ADC_MspInit
                0x000000000800037c       0xb8 ./Core/Src/adc.o
                0x000000000800037c                HAL_ADC_MspInit
 .text.lcd_data
                0x0000000008000434       0xb0 ./Core/Src/custom.o
 .text.lcd_config
                0x00000000080004e4       0x68 ./Core/Src/custom.o
 .text.lcd_string
                0x000000000800054c       0x84 ./Core/Src/custom.o
 .text.lcd_number.constprop.0
                0x00000000080005d0       0xfc ./Core/Src/custom.o
 .text.lcd_number.constprop.1
                0x00000000080006cc       0x88 ./Core/Src/custom.o
 .text.refresh  0x0000000008000754       0xec ./Core/Src/custom.o
 .text.customButtonInterrupt
                0x0000000008000840       0x24 ./Core/Src/custom.o
                0x0000000008000840                customButtonInterrupt
 .text.customTimerInterrupt
                0x0000000008000864      0x1cc ./Core/Src/custom.o
                0x0000000008000864                customTimerInterrupt
 .text.customSetup
                0x0000000008000a30      0x100 ./Core/Src/custom.o
                0x0000000008000a30                customSetup
 .text.customLoop
                0x0000000008000b30      0x4a0 ./Core/Src/custom.o
                0x0000000008000b30                customLoop
 .text.MX_GPIO_Init
                0x0000000008000fd0      0x16c ./Core/Src/gpio.o
                0x0000000008000fd0                MX_GPIO_Init
 .text.HAL_GPIO_EXTI_Callback
                0x000000000800113c        0xc ./Core/Src/gpio.o
                0x000000000800113c                HAL_GPIO_EXTI_Callback
 .text.MX_I2S1_Init
                0x0000000008001148       0x3c ./Core/Src/i2s.o
                0x0000000008001148                MX_I2S1_Init
 .text.HAL_I2S_MspInit
                0x0000000008001184       0x9c ./Core/Src/i2s.o
                0x0000000008001184                HAL_I2S_MspInit
 .text.SystemClock_Config
                0x0000000008001220       0xcc ./Core/Src/main.o
                0x0000000008001220                SystemClock_Config
 .text.startup.main
                0x00000000080012ec       0x58 ./Core/Src/main.o
                0x00000000080012ec                main
 .text.HAL_TIM_PeriodElapsedCallback
                0x0000000008001344       0x10 ./Core/Src/main.o
                0x0000000008001344                HAL_TIM_PeriodElapsedCallback
 .text.Error_Handler
                0x0000000008001354        0x4 ./Core/Src/main.o
                0x0000000008001354                Error_Handler
 .text.HAL_MspInit
                0x0000000008001358       0x24 ./Core/Src/stm32h7xx_hal_msp.o
                0x0000000008001358                HAL_MspInit
 .text.NMI_Handler
                0x000000000800137c        0x4 ./Core/Src/stm32h7xx_it.o
                0x000000000800137c                NMI_Handler
 .text.HardFault_Handler
                0x0000000008001380        0x4 ./Core/Src/stm32h7xx_it.o
                0x0000000008001380                HardFault_Handler
 .text.MemManage_Handler
                0x0000000008001384        0x4 ./Core/Src/stm32h7xx_it.o
                0x0000000008001384                MemManage_Handler
 .text.BusFault_Handler
                0x0000000008001388        0x4 ./Core/Src/stm32h7xx_it.o
                0x0000000008001388                BusFault_Handler
 .text.UsageFault_Handler
                0x000000000800138c        0x4 ./Core/Src/stm32h7xx_it.o
                0x000000000800138c                UsageFault_Handler
 .text.SVC_Handler
                0x0000000008001390        0x4 ./Core/Src/stm32h7xx_it.o
                0x0000000008001390                SVC_Handler
 .text.DebugMon_Handler
                0x0000000008001394        0x4 ./Core/Src/stm32h7xx_it.o
                0x0000000008001394                DebugMon_Handler
 .text.PendSV_Handler
                0x0000000008001398        0x4 ./Core/Src/stm32h7xx_it.o
                0x0000000008001398                PendSV_Handler
 .text.SysTick_Handler
                0x000000000800139c        0x4 ./Core/Src/stm32h7xx_it.o
                0x000000000800139c                SysTick_Handler
 .text.EXTI9_5_IRQHandler
                0x00000000080013a0        0x8 ./Core/Src/stm32h7xx_it.o
                0x00000000080013a0                EXTI9_5_IRQHandler
 .text.TIM16_IRQHandler
                0x00000000080013a8        0xc ./Core/Src/stm32h7xx_it.o
                0x00000000080013a8                TIM16_IRQHandler
 .text.SystemInit
                0x00000000080013b4       0xcc ./Core/Src/system_stm32h7xx.o
                0x00000000080013b4                SystemInit
 .text.MX_TIM16_Init
                0x0000000008001480       0x34 ./Core/Src/tim.o
                0x0000000008001480                MX_TIM16_Init
 .text.HAL_TIM_Base_MspInit
                0x00000000080014b4       0x48 ./Core/Src/tim.o
                0x00000000080014b4                HAL_TIM_Base_MspInit
 .text.Reset_Handler
                0x00000000080014fc       0x50 ./Core/Startup/startup_stm32h743vitx.o
                0x00000000080014fc                Reset_Handler
 .text.Default_Handler
                0x000000000800154c        0x2 ./Core/Startup/startup_stm32h743vitx.o
                0x000000000800154c                RTC_Alarm_IRQHandler
                0x000000000800154c                EXTI2_IRQHandler
                0x000000000800154c                TIM8_CC_IRQHandler
                0x000000000800154c                HRTIM1_Master_IRQHandler
                0x000000000800154c                UART8_IRQHandler
                0x000000000800154c                SPI4_IRQHandler
                0x000000000800154c                TIM1_CC_IRQHandler
                0x000000000800154c                BDMA_Channel6_IRQHandler
                0x000000000800154c                DMA2_Stream5_IRQHandler
                0x000000000800154c                HRTIM1_FLT_IRQHandler
                0x000000000800154c                JPEG_IRQHandler
                0x000000000800154c                DMA1_Stream5_IRQHandler
                0x000000000800154c                BDMA_Channel1_IRQHandler
                0x000000000800154c                HRTIM1_TIMD_IRQHandler
                0x000000000800154c                TAMP_STAMP_IRQHandler
                0x000000000800154c                EXTI3_IRQHandler
                0x000000000800154c                LPTIM4_IRQHandler
                0x000000000800154c                TIM8_TRG_COM_TIM14_IRQHandler
                0x000000000800154c                LPTIM2_IRQHandler
                0x000000000800154c                DFSDM1_FLT1_IRQHandler
                0x000000000800154c                DMAMUX2_OVR_IRQHandler
                0x000000000800154c                TIM8_UP_TIM13_IRQHandler
                0x000000000800154c                I2C3_ER_IRQHandler
                0x000000000800154c                DFSDM1_FLT2_IRQHandler
                0x000000000800154c                MDMA_IRQHandler
                0x000000000800154c                LPTIM3_IRQHandler
                0x000000000800154c                HSEM1_IRQHandler
                0x000000000800154c                EXTI0_IRQHandler
                0x000000000800154c                I2C2_EV_IRQHandler
                0x000000000800154c                DMA1_Stream2_IRQHandler
                0x000000000800154c                FPU_IRQHandler
                0x000000000800154c                OTG_HS_WKUP_IRQHandler
                0x000000000800154c                FDCAN1_IT1_IRQHandler
                0x000000000800154c                LTDC_ER_IRQHandler
                0x000000000800154c                DMA2_Stream2_IRQHandler
                0x000000000800154c                HRTIM1_TIME_IRQHandler
                0x000000000800154c                SPI1_IRQHandler
                0x000000000800154c                TIM6_DAC_IRQHandler
                0x000000000800154c                DCMI_IRQHandler
                0x000000000800154c                HRTIM1_TIMC_IRQHandler
                0x000000000800154c                DMA2_Stream3_IRQHandler
                0x000000000800154c                SAI2_IRQHandler
                0x000000000800154c                DFSDM1_FLT3_IRQHandler
                0x000000000800154c                USART6_IRQHandler
                0x000000000800154c                TIM17_IRQHandler
                0x000000000800154c                USART3_IRQHandler
                0x000000000800154c                BDMA_Channel7_IRQHandler
                0x000000000800154c                LPTIM5_IRQHandler
                0x000000000800154c                UART5_IRQHandler
                0x000000000800154c                ADC3_IRQHandler
                0x000000000800154c                DMA2_Stream0_IRQHandler
                0x000000000800154c                TIM4_IRQHandler
                0x000000000800154c                BDMA_Channel2_IRQHandler
                0x000000000800154c                QUADSPI_IRQHandler
                0x000000000800154c                I2C1_EV_IRQHandler
                0x000000000800154c                DMA1_Stream6_IRQHandler
                0x000000000800154c                DMAMUX1_OVR_IRQHandler
                0x000000000800154c                DMA1_Stream1_IRQHandler
                0x000000000800154c                UART4_IRQHandler
                0x000000000800154c                BDMA_Channel5_IRQHandler
                0x000000000800154c                TIM3_IRQHandler
                0x000000000800154c                RCC_IRQHandler
                0x000000000800154c                TIM8_BRK_TIM12_IRQHandler
                0x000000000800154c                TIM1_TRG_COM_IRQHandler
                0x000000000800154c                Default_Handler
                0x000000000800154c                ECC_IRQHandler
                0x000000000800154c                CEC_IRQHandler
                0x000000000800154c                EXTI15_10_IRQHandler
                0x000000000800154c                BDMA_Channel0_IRQHandler
                0x000000000800154c                ADC_IRQHandler
                0x000000000800154c                DMA1_Stream7_IRQHandler
                0x000000000800154c                HRTIM1_TIMA_IRQHandler
                0x000000000800154c                SPI5_IRQHandler
                0x000000000800154c                TIM7_IRQHandler
                0x000000000800154c                SDMMC1_IRQHandler
                0x000000000800154c                TIM5_IRQHandler
                0x000000000800154c                DMA2_Stream7_IRQHandler
                0x000000000800154c                TIM15_IRQHandler
                0x000000000800154c                PVD_AVD_IRQHandler
                0x000000000800154c                I2C3_EV_IRQHandler
                0x000000000800154c                RTC_WKUP_IRQHandler
                0x000000000800154c                LTDC_IRQHandler
                0x000000000800154c                SAI3_IRQHandler
                0x000000000800154c                ETH_WKUP_IRQHandler
                0x000000000800154c                SPDIF_RX_IRQHandler
                0x000000000800154c                SPI2_IRQHandler
                0x000000000800154c                OTG_HS_EP1_IN_IRQHandler
                0x000000000800154c                DMA1_Stream0_IRQHandler
                0x000000000800154c                CRS_IRQHandler
                0x000000000800154c                EXTI4_IRQHandler
                0x000000000800154c                RNG_IRQHandler
                0x000000000800154c                HRTIM1_TIMB_IRQHandler
                0x000000000800154c                FDCAN2_IT1_IRQHandler
                0x000000000800154c                ETH_IRQHandler
                0x000000000800154c                TIM1_UP_IRQHandler
                0x000000000800154c                BDMA_Channel4_IRQHandler
                0x000000000800154c                OTG_HS_EP1_OUT_IRQHandler
                0x000000000800154c                WWDG_IRQHandler
                0x000000000800154c                SPI6_IRQHandler
                0x000000000800154c                MDIOS_IRQHandler
                0x000000000800154c                I2C4_EV_IRQHandler
                0x000000000800154c                FDCAN2_IT0_IRQHandler
                0x000000000800154c                LPUART1_IRQHandler
                0x000000000800154c                FDCAN1_IT0_IRQHandler
                0x000000000800154c                TIM2_IRQHandler
                0x000000000800154c                OTG_FS_WKUP_IRQHandler
                0x000000000800154c                OTG_HS_IRQHandler
                0x000000000800154c                DMA2D_IRQHandler
                0x000000000800154c                TIM1_BRK_IRQHandler
                0x000000000800154c                EXTI1_IRQHandler
                0x000000000800154c                SDMMC2_IRQHandler
                0x000000000800154c                OTG_FS_EP1_OUT_IRQHandler
                0x000000000800154c                BDMA_Channel3_IRQHandler
                0x000000000800154c                UART7_IRQHandler
                0x000000000800154c                MDIOS_WKUP_IRQHandler
                0x000000000800154c                USART2_IRQHandler
                0x000000000800154c                DFSDM1_FLT0_IRQHandler
                0x000000000800154c                SAI4_IRQHandler
                0x000000000800154c                I2C2_ER_IRQHandler
                0x000000000800154c                DMA2_Stream1_IRQHandler
                0x000000000800154c                FLASH_IRQHandler
                0x000000000800154c                DMA2_Stream4_IRQHandler
                0x000000000800154c                USART1_IRQHandler
                0x000000000800154c                OTG_FS_IRQHandler
                0x000000000800154c                SPI3_IRQHandler
                0x000000000800154c                WAKEUP_PIN_IRQHandler
                0x000000000800154c                DMA1_Stream4_IRQHandler
                0x000000000800154c                OTG_FS_EP1_IN_IRQHandler
                0x000000000800154c                I2C1_ER_IRQHandler
                0x000000000800154c                FMC_IRQHandler
                0x000000000800154c                FDCAN_CAL_IRQHandler
                0x000000000800154c                SWPMI1_IRQHandler
                0x000000000800154c                COMP1_IRQHandler
                0x000000000800154c                LPTIM1_IRQHandler
                0x000000000800154c                I2C4_ER_IRQHandler
                0x000000000800154c                DMA2_Stream6_IRQHandler
                0x000000000800154c                SAI1_IRQHandler
                0x000000000800154c                DMA1_Stream3_IRQHandler
 *fill*         0x000000000800154e        0x2 
 .text.HAL_InitTick
                0x0000000008001550       0x4c ./Drivers/STM32H7xx_HAL_Driver/Src/stm32h7xx_hal.o
                0x0000000008001550                HAL_InitTick
 .text.HAL_Init
                0x000000000800159c       0x60 ./Drivers/STM32H7xx_HAL_Driver/Src/stm32h7xx_hal.o
                0x000000000800159c                HAL_Init
 .text.HAL_IncTick
                0x00000000080015fc       0x18 ./Drivers/STM32H7xx_HAL_Driver/Src/stm32h7xx_hal.o
                0x00000000080015fc                HAL_IncTick
 .text.HAL_GetTick
                0x0000000008001614        0xc ./Drivers/STM32H7xx_HAL_Driver/Src/stm32h7xx_hal.o
                0x0000000008001614                HAL_GetTick
 .text.HAL_Delay
                0x0000000008001620       0x24 ./Drivers/STM32H7xx_HAL_Driver/Src/stm32h7xx_hal.o
                0x0000000008001620                HAL_Delay
 .text.HAL_GetREVID
                0x0000000008001644        0xc ./Drivers/STM32H7xx_HAL_Driver/Src/stm32h7xx_hal.o
                0x0000000008001644                HAL_GetREVID
 .text.HAL_ADC_PollForConversion
                0x0000000008001650      0x118 ./Drivers/STM32H7xx_HAL_Driver/Src/stm32h7xx_hal_adc.o
                0x0000000008001650                HAL_ADC_PollForConversion
 .text.HAL_ADC_GetValue
                0x0000000008001768        0x8 ./Drivers/STM32H7xx_HAL_Driver/Src/stm32h7xx_hal_adc.o
                0x0000000008001768                HAL_ADC_GetValue
 .text.HAL_ADC_ConfigChannel
                0x0000000008001770      0x460 ./Drivers/STM32H7xx_HAL_Driver/Src/stm32h7xx_hal_adc.o
                0x0000000008001770                HAL_ADC_ConfigChannel
 .text.ADC_ConversionStop
                0x0000000008001bd0       0xf8 ./Drivers/STM32H7xx_HAL_Driver/Src/stm32h7xx_hal_adc.o
                0x0000000008001bd0                ADC_ConversionStop
 .text.ADC_Enable
                0x0000000008001cc8       0xac ./Drivers/STM32H7xx_HAL_Driver/Src/stm32h7xx_hal_adc.o
                0x0000000008001cc8                ADC_Enable
 .text.HAL_ADC_Start
                0x0000000008001d74      0x100 ./Drivers/STM32H7xx_HAL_Driver/Src/stm32h7xx_hal_adc.o
                0x0000000008001d74                HAL_ADC_Start
 .text.ADC_Disable
                0x0000000008001e74       0x74 ./Drivers/STM32H7xx_HAL_Driver/Src/stm32h7xx_hal_adc.o
                0x0000000008001e74                ADC_Disable
 .text.HAL_ADC_Stop
                0x0000000008001ee8       0x48 ./Drivers/STM32H7xx_HAL_Driver/Src/stm32h7xx_hal_adc.o
                0x0000000008001ee8                HAL_ADC_Stop
 .text.ADC_ConfigureBoostMode
                0x0000000008001f30      0x188 ./Drivers/STM32H7xx_HAL_Driver/Src/stm32h7xx_hal_adc.o
                0x0000000008001f30                ADC_ConfigureBoostMode
 .text.HAL_ADC_Init
                0x00000000080020b8      0x218 ./Drivers/STM32H7xx_HAL_Driver/Src/stm32h7xx_hal_adc.o
                0x00000000080020b8                HAL_ADC_Init
 .text.HAL_ADCEx_MultiModeConfigChannel
                0x00000000080022d0       0xd0 ./Drivers/STM32H7xx_HAL_Driver/Src/stm32h7xx_hal_adc_ex.o
                0x00000000080022d0                HAL_ADCEx_MultiModeConfigChannel
 .text.HAL_NVIC_SetPriorityGrouping
                0x00000000080023a0       0x28 ./Drivers/STM32H7xx_HAL_Driver/Src/stm32h7xx_hal_cortex.o
                0x00000000080023a0                HAL_NVIC_SetPriorityGrouping
 .text.HAL_NVIC_SetPriority
                0x00000000080023c8       0x74 ./Drivers/STM32H7xx_HAL_Driver/Src/stm32h7xx_hal_cortex.o
                0x00000000080023c8                HAL_NVIC_SetPriority
 .text.HAL_NVIC_EnableIRQ
                0x000000000800243c       0x1c ./Drivers/STM32H7xx_HAL_Driver/Src/stm32h7xx_hal_cortex.o
                0x000000000800243c                HAL_NVIC_EnableIRQ
 .text.HAL_SYSTICK_Config
                0x0000000008002458       0x30 ./Drivers/STM32H7xx_HAL_Driver/Src/stm32h7xx_hal_cortex.o
                0x0000000008002458                HAL_SYSTICK_Config
 .text.HAL_GPIO_Init
                0x0000000008002488      0x274 ./Drivers/STM32H7xx_HAL_Driver/Src/stm32h7xx_hal_gpio.o
                0x0000000008002488                HAL_GPIO_Init
 .text.HAL_GPIO_ReadPin
                0x00000000080026fc        0xc ./Drivers/STM32H7xx_HAL_Driver/Src/stm32h7xx_hal_gpio.o
                0x00000000080026fc                HAL_GPIO_ReadPin
 .text.HAL_GPIO_WritePin
                0x0000000008002708        0x8 ./Drivers/STM32H7xx_HAL_Driver/Src/stm32h7xx_hal_gpio.o
                0x0000000008002708                HAL_GPIO_WritePin
 .text.HAL_GPIO_EXTI_IRQHandler
                0x0000000008002710       0x1c ./Drivers/STM32H7xx_HAL_Driver/Src/stm32h7xx_hal_gpio.o
                0x0000000008002710                HAL_GPIO_EXTI_IRQHandler
 .text.HAL_I2S_Init
                0x000000000800272c      0x1a4 ./Drivers/STM32H7xx_HAL_Driver/Src/stm32h7xx_hal_i2s.o
                0x000000000800272c                HAL_I2S_Init
 .text.HAL_I2S_Transmit
                0x00000000080028d0      0x15c ./Drivers/STM32H7xx_HAL_Driver/Src/stm32h7xx_hal_i2s.o
                0x00000000080028d0                HAL_I2S_Transmit
 .text.HAL_PWREx_ConfigSupply
                0x0000000008002a2c       0x4c ./Drivers/STM32H7xx_HAL_Driver/Src/stm32h7xx_hal_pwr_ex.o
                0x0000000008002a2c                HAL_PWREx_ConfigSupply
 .text.HAL_RCC_GetSysClockFreq.part.0
                0x0000000008002a78      0x108 ./Drivers/STM32H7xx_HAL_Driver/Src/stm32h7xx_hal_rcc.o
 .text.HAL_RCC_OscConfig
                0x0000000008002b80      0x5cc ./Drivers/STM32H7xx_HAL_Driver/Src/stm32h7xx_hal_rcc.o
                0x0000000008002b80                HAL_RCC_OscConfig
 .text.HAL_RCC_GetSysClockFreq
                0x000000000800314c      0x140 ./Drivers/STM32H7xx_HAL_Driver/Src/stm32h7xx_hal_rcc.o
                0x000000000800314c                HAL_RCC_GetSysClockFreq
 .text.HAL_RCC_ClockConfig
                0x000000000800328c      0x254 ./Drivers/STM32H7xx_HAL_Driver/Src/stm32h7xx_hal_rcc.o
                0x000000000800328c                HAL_RCC_ClockConfig
 .text.HAL_RCC_GetHCLKFreq
                0x00000000080034e0       0x80 ./Drivers/STM32H7xx_HAL_Driver/Src/stm32h7xx_hal_rcc.o
                0x00000000080034e0                HAL_RCC_GetHCLKFreq
 .text.RCCEx_PLL2_Config
                0x0000000008003560       0xf8 ./Drivers/STM32H7xx_HAL_Driver/Src/stm32h7xx_hal_rcc_ex.o
 .text.RCCEx_PLL3_Config
                0x0000000008003658       0xf8 ./Drivers/STM32H7xx_HAL_Driver/Src/stm32h7xx_hal_rcc_ex.o
 .text.HAL_RCCEx_PeriphCLKConfig
                0x0000000008003750      0xaac ./Drivers/STM32H7xx_HAL_Driver/Src/stm32h7xx_hal_rcc_ex.o
                0x0000000008003750                HAL_RCCEx_PeriphCLKConfig
 .text.HAL_RCCEx_GetPLL2ClockFreq
                0x00000000080041fc      0x158 ./Drivers/STM32H7xx_HAL_Driver/Src/stm32h7xx_hal_rcc_ex.o
                0x00000000080041fc                HAL_RCCEx_GetPLL2ClockFreq
 .text.HAL_RCCEx_GetPLL3ClockFreq
                0x0000000008004354      0x158 ./Drivers/STM32H7xx_HAL_Driver/Src/stm32h7xx_hal_rcc_ex.o
                0x0000000008004354                HAL_RCCEx_GetPLL3ClockFreq
 .text.HAL_RCCEx_GetPLL1ClockFreq
                0x00000000080044ac      0x158 ./Drivers/STM32H7xx_HAL_Driver/Src/stm32h7xx_hal_rcc_ex.o
                0x00000000080044ac                HAL_RCCEx_GetPLL1ClockFreq
 .text.HAL_RCCEx_GetPeriphCLKFreq
                0x0000000008004604      0x304 ./Drivers/STM32H7xx_HAL_Driver/Src/stm32h7xx_hal_rcc_ex.o
                0x0000000008004604                HAL_RCCEx_GetPeriphCLKFreq
 .text.HAL_TIM_Base_Init
                0x0000000008004908      0x15c ./Drivers/STM32H7xx_HAL_Driver/Src/stm32h7xx_hal_tim.o
                0x0000000008004908                HAL_TIM_Base_Init
 .text.HAL_TIM_Base_Start_IT
                0x0000000008004a64       0xb8 ./Drivers/STM32H7xx_HAL_Driver/Src/stm32h7xx_hal_tim.o
                0x0000000008004a64                HAL_TIM_Base_Start_IT
 .text.HAL_TIM_OC_DelayElapsedCallback
                0x0000000008004b1c        0x4 ./Drivers/STM32H7xx_HAL_Driver/Src/stm32h7xx_hal_tim.o
                0x0000000008004b1c                HAL_TIM_OC_DelayElapsedCallback
 .text.HAL_TIM_IC_CaptureCallback
                0x0000000008004b20        0x4 ./Drivers/STM32H7xx_HAL_Driver/Src/stm32h7xx_hal_tim.o
                0x0000000008004b20                HAL_TIM_IC_CaptureCallback
 .text.HAL_TIM_PWM_PulseFinishedCallback
                0x0000000008004b24        0x4 ./Drivers/STM32H7xx_HAL_Driver/Src/stm32h7xx_hal_tim.o
                0x0000000008004b24                HAL_TIM_PWM_PulseFinishedCallback
 .text.HAL_TIM_TriggerCallback
                0x0000000008004b28        0x4 ./Drivers/STM32H7xx_HAL_Driver/Src/stm32h7xx_hal_tim.o
                0x0000000008004b28                HAL_TIM_TriggerCallback
 .text.HAL_TIM_IRQHandler
                0x0000000008004b2c      0x170 ./Drivers/STM32H7xx_HAL_Driver/Src/stm32h7xx_hal_tim.o
                0x0000000008004b2c                HAL_TIM_IRQHandler
 .text.HAL_TIMEx_CommutCallback
                0x0000000008004c9c        0x4 ./Drivers/STM32H7xx_HAL_Driver/Src/stm32h7xx_hal_tim_ex.o
                0x0000000008004c9c                HAL_TIMEx_CommutCallback
 .text.HAL_TIMEx_BreakCallback
                0x0000000008004ca0        0x4 ./Drivers/STM32H7xx_HAL_Driver/Src/stm32h7xx_hal_tim_ex.o
                0x0000000008004ca0                HAL_TIMEx_BreakCallback
 .text.HAL_TIMEx_Break2Callback
                0x0000000008004ca4        0x4 ./Drivers/STM32H7xx_HAL_Driver/Src/stm32h7xx_hal_tim_ex.o
                0x0000000008004ca4                HAL_TIMEx_Break2Callback
 .text.__libc_init_array
                0x0000000008004ca8       0x48 c:/st/stm32cubeide_1.8.0/stm32cubeide/plugins/com.st.stm32cube.ide.mcu.externaltools.gnu-tools-for-stm32.9-2020-q2-update.win32_2.0.0.202105311346/tools/bin/../lib/gcc/arm-none-eabi/9.3.1/../../../../arm-none-eabi/lib/thumb/v7e-m+dp/hard\libc_nano.a(lib_a-init.o)
                0x0000000008004ca8                __libc_init_array
 .text.memcpy   0x0000000008004cf0       0x1c c:/st/stm32cubeide_1.8.0/stm32cubeide/plugins/com.st.stm32cube.ide.mcu.externaltools.gnu-tools-for-stm32.9-2020-q2-update.win32_2.0.0.202105311346/tools/bin/../lib/gcc/arm-none-eabi/9.3.1/../../../../arm-none-eabi/lib/thumb/v7e-m+dp/hard\libc_nano.a(lib_a-memcpy-stub.o)
                0x0000000008004cf0                memcpy
 .text.memset   0x0000000008004d0c       0x10 c:/st/stm32cubeide_1.8.0/stm32cubeide/plugins/com.st.stm32cube.ide.mcu.externaltools.gnu-tools-for-stm32.9-2020-q2-update.win32_2.0.0.202105311346/tools/bin/../lib/gcc/arm-none-eabi/9.3.1/../../../../arm-none-eabi/lib/thumb/v7e-m+dp/hard\libc_nano.a(lib_a-memset.o)
                0x0000000008004d0c                memset
 *(.glue_7)
 .glue_7        0x0000000008004d1c        0x0 linker stubs
 *(.glue_7t)
 .glue_7t       0x0000000008004d1c        0x0 linker stubs
 *(.eh_frame)
 .eh_frame      0x0000000008004d1c        0x0 c:/st/stm32cubeide_1.8.0/stm32cubeide/plugins/com.st.stm32cube.ide.mcu.externaltools.gnu-tools-for-stm32.9-2020-q2-update.win32_2.0.0.202105311346/tools/bin/../lib/gcc/arm-none-eabi/9.3.1/thumb/v7e-m+dp/hard/crtbegin.o
 *(.init)
 .init          0x0000000008004d1c        0x4 c:/st/stm32cubeide_1.8.0/stm32cubeide/plugins/com.st.stm32cube.ide.mcu.externaltools.gnu-tools-for-stm32.9-2020-q2-update.win32_2.0.0.202105311346/tools/bin/../lib/gcc/arm-none-eabi/9.3.1/thumb/v7e-m+dp/hard/crti.o
                0x0000000008004d1c                _init
 .init          0x0000000008004d20        0x8 c:/st/stm32cubeide_1.8.0/stm32cubeide/plugins/com.st.stm32cube.ide.mcu.externaltools.gnu-tools-for-stm32.9-2020-q2-update.win32_2.0.0.202105311346/tools/bin/../lib/gcc/arm-none-eabi/9.3.1/thumb/v7e-m+dp/hard/crtn.o
 *(.fini)
 .fini          0x0000000008004d28        0x4 c:/st/stm32cubeide_1.8.0/stm32cubeide/plugins/com.st.stm32cube.ide.mcu.externaltools.gnu-tools-for-stm32.9-2020-q2-update.win32_2.0.0.202105311346/tools/bin/../lib/gcc/arm-none-eabi/9.3.1/thumb/v7e-m+dp/hard/crti.o
                0x0000000008004d28                _fini
 .fini          0x0000000008004d2c        0x8 c:/st/stm32cubeide_1.8.0/stm32cubeide/plugins/com.st.stm32cube.ide.mcu.externaltools.gnu-tools-for-stm32.9-2020-q2-update.win32_2.0.0.202105311346/tools/bin/../lib/gcc/arm-none-eabi/9.3.1/thumb/v7e-m+dp/hard/crtn.o
                0x0000000008004d34                . = ALIGN (0x4)
                0x0000000008004d34                _etext = .

.vfp11_veneer   0x0000000008004d34        0x0
 .vfp11_veneer  0x0000000008004d34        0x0 linker stubs

.v4_bx          0x0000000008004d34        0x0
 .v4_bx         0x0000000008004d34        0x0 linker stubs

.iplt           0x0000000008004d34        0x0
 .iplt          0x0000000008004d34        0x0 c:/st/stm32cubeide_1.8.0/stm32cubeide/plugins/com.st.stm32cube.ide.mcu.externaltools.gnu-tools-for-stm32.9-2020-q2-update.win32_2.0.0.202105311346/tools/bin/../lib/gcc/arm-none-eabi/9.3.1/thumb/v7e-m+dp/hard/crtbegin.o

.rodata         0x0000000008004d34       0x24
                0x0000000008004d34                . = ALIGN (0x4)
 *(.rodata)
 *(.rodata*)
 .rodata.refresh.str1.4
                0x0000000008004d34       0x11 ./Core/Src/custom.o
 *fill*         0x0000000008004d45        0x3 
 .rodata.D1CorePrescTable
                0x0000000008004d48       0x10 ./Core/Src/system_stm32h7xx.o
                0x0000000008004d48                D1CorePrescTable
                0x0000000008004d58                . = ALIGN (0x4)

.rel.dyn        0x0000000008004d58        0x0
 .rel.iplt      0x0000000008004d58        0x0 c:/st/stm32cubeide_1.8.0/stm32cubeide/plugins/com.st.stm32cube.ide.mcu.externaltools.gnu-tools-for-stm32.9-2020-q2-update.win32_2.0.0.202105311346/tools/bin/../lib/gcc/arm-none-eabi/9.3.1/thumb/v7e-m+dp/hard/crtbegin.o

.ARM.extab
 *(.ARM.extab* .gnu.linkonce.armextab.*)

.ARM            0x0000000008004d58        0x0
                0x0000000008004d58                __exidx_start = .
 *(.ARM.exidx*)
                0x0000000008004d58                __exidx_end = .

.preinit_array  0x0000000008004d58        0x0
                0x0000000008004d58                PROVIDE (__preinit_array_start = .)
 *(.preinit_array*)
                0x0000000008004d58                PROVIDE (__preinit_array_end = .)

.init_array     0x0000000008004d58        0x4
                0x0000000008004d58                PROVIDE (__init_array_start = .)
 *(SORT_BY_NAME(.init_array.*))
 *(.init_array*)
 .init_array    0x0000000008004d58        0x4 c:/st/stm32cubeide_1.8.0/stm32cubeide/plugins/com.st.stm32cube.ide.mcu.externaltools.gnu-tools-for-stm32.9-2020-q2-update.win32_2.0.0.202105311346/tools/bin/../lib/gcc/arm-none-eabi/9.3.1/thumb/v7e-m+dp/hard/crtbegin.o
                0x0000000008004d5c                PROVIDE (__init_array_end = .)

.fini_array     0x0000000008004d5c        0x4
                [!provide]                        PROVIDE (__fini_array_start = .)
 *(SORT_BY_NAME(.fini_array.*))
 *(.fini_array*)
 .fini_array    0x0000000008004d5c        0x4 c:/st/stm32cubeide_1.8.0/stm32cubeide/plugins/com.st.stm32cube.ide.mcu.externaltools.gnu-tools-for-stm32.9-2020-q2-update.win32_2.0.0.202105311346/tools/bin/../lib/gcc/arm-none-eabi/9.3.1/thumb/v7e-m+dp/hard/crtbegin.o
                [!provide]                        PROVIDE (__fini_array_end = .)
                0x0000000008004d60                _sidata = LOADADDR (.data)

.data           0x0000000024000000     0x40d8 load address 0x0000000008004d60
                0x0000000024000000                . = ALIGN (0x4)
                0x0000000024000000                _sdata = .
 *(.data)
 *(.data*)
 .data.LUTsaw   0x0000000024000000      0xfa0 ./Core/Src/LUTs.o
                0x0000000024000000                LUTsaw
 .data.LUTsine  0x0000000024000fa0      0xfa0 ./Core/Src/LUTs.o
                0x0000000024000fa0                LUTsine
 .data.LUTsquare
                0x0000000024001f40      0xfa0 ./Core/Src/LUTs.o
                0x0000000024001f40                LUTsquare
 .data.LUTtri   0x0000000024002ee0      0xfa0 ./Core/Src/LUTs.o
                0x0000000024002ee0                LUTtri
 .data.menu     0x0000000024003e80       0x80 ./Core/Src/LUTs.o
                0x0000000024003e80                menu
 .data.octave_menu
                0x0000000024003f00       0x24 ./Core/Src/LUTs.o
                0x0000000024003f00                octave_menu
 .data.tone     0x0000000024003f24      0x180 ./Core/Src/LUTs.o
                0x0000000024003f24                tone
 .data.wave_menu
                0x00000000240040a4       0x24 ./Core/Src/LUTs.o
                0x00000000240040a4                wave_menu
 .data.SystemCoreClock
                0x00000000240040c8        0x4 ./Core/Src/system_stm32h7xx.o
                0x00000000240040c8                SystemCoreClock
 .data.SystemD2Clock
                0x00000000240040cc        0x4 ./Core/Src/system_stm32h7xx.o
                0x00000000240040cc                SystemD2Clock
 .data.uwTickFreq
                0x00000000240040d0        0x1 ./Drivers/STM32H7xx_HAL_Driver/Src/stm32h7xx_hal.o
                0x00000000240040d0                uwTickFreq
 *fill*         0x00000000240040d1        0x3 
 .data.uwTickPrio
                0x00000000240040d4        0x4 ./Drivers/STM32H7xx_HAL_Driver/Src/stm32h7xx_hal.o
                0x00000000240040d4                uwTickPrio
 *(.RamFunc)
 *(.RamFunc*)
                0x00000000240040d8                . = ALIGN (0x4)
                0x00000000240040d8                _edata = .

.igot.plt       0x00000000240040d8        0x0 load address 0x0000000008008e38
 .igot.plt      0x00000000240040d8        0x0 c:/st/stm32cubeide_1.8.0/stm32cubeide/plugins/com.st.stm32cube.ide.mcu.externaltools.gnu-tools-for-stm32.9-2020-q2-update.win32_2.0.0.202105311346/tools/bin/../lib/gcc/arm-none-eabi/9.3.1/thumb/v7e-m+dp/hard/crtbegin.o
                0x00000000240040d8                . = ALIGN (0x4)

.bss            0x00000000240040d8      0x230 load address 0x0000000008008e38
                0x00000000240040d8                _sbss = .
                0x00000000240040d8                __bss_start__ = _sbss
 *(.bss)
 .bss           0x00000000240040d8       0x1c c:/st/stm32cubeide_1.8.0/stm32cubeide/plugins/com.st.stm32cube.ide.mcu.externaltools.gnu-tools-for-stm32.9-2020-q2-update.win32_2.0.0.202105311346/tools/bin/../lib/gcc/arm-none-eabi/9.3.1/thumb/v7e-m+dp/hard/crtbegin.o
 *(.bss*)
 .bss.adc_old   0x00000000240040f4        0x2 ./Core/Src/custom.o
 *fill*         0x00000000240040f6        0x2 
 .bss.counter1  0x00000000240040f8       0x10 ./Core/Src/custom.o
 .bss.counter2  0x0000000024004108       0x10 ./Core/Src/custom.o
 .bss.hadc1     0x0000000024004118       0x64 ./Core/Src/custom.o
 .bss.hi2s1     0x000000002400417c       0x54 ./Core/Src/custom.o
 .bss.increment1
                0x00000000240041d0       0x10 ./Core/Src/custom.o
 .bss.increment2
                0x00000000240041e0       0x10 ./Core/Src/custom.o
 .bss.menu_option
                0x00000000240041f0        0x1 ./Core/Src/custom.o
 *fill*         0x00000000240041f1        0x1 
 .bss.needs_update
                0x00000000240041f2        0x2 ./Core/Src/custom.o
 .bss.sound_config
                0x00000000240041f4        0xc ./Core/Src/custom.o
 *(COMMON)
 COMMON         0x0000000024004200       0x64 ./Core/Src/adc.o
                0x0000000024004200                hadc1
 COMMON         0x0000000024004264       0x54 ./Core/Src/i2s.o
                0x0000000024004264                hi2s1
 COMMON         0x00000000240042b8       0x4c ./Core/Src/tim.o
                0x00000000240042b8                htim16
 COMMON         0x0000000024004304        0x4 ./Drivers/STM32H7xx_HAL_Driver/Src/stm32h7xx_hal.o
                0x0000000024004304                uwTick
                0x0000000024004308                . = ALIGN (0x4)
                0x0000000024004308                _ebss = .
                0x0000000024004308                __bss_end__ = _ebss

._user_heap_stack
                0x0000000024004308      0x600 load address 0x0000000008008e38
                0x0000000024004308                . = ALIGN (0x8)
                [!provide]                        PROVIDE (end = .)
                0x0000000024004308                PROVIDE (_end = .)
                0x0000000024004508                . = (. + _Min_Heap_Size)
 *fill*         0x0000000024004308      0x200 
                0x0000000024004908                . = (. + _Min_Stack_Size)
 *fill*         0x0000000024004508      0x400 
                0x0000000024004908                . = ALIGN (0x8)

/DISCARD/
 libc.a(*)
 libm.a(*)
 libgcc.a(*)

.ARM.attributes
                0x0000000000000000       0x2e
 *(.ARM.attributes)
 .ARM.attributes
                0x0000000000000000       0x1e c:/st/stm32cubeide_1.8.0/stm32cubeide/plugins/com.st.stm32cube.ide.mcu.externaltools.gnu-tools-for-stm32.9-2020-q2-update.win32_2.0.0.202105311346/tools/bin/../lib/gcc/arm-none-eabi/9.3.1/thumb/v7e-m+dp/hard/crti.o
 .ARM.attributes
                0x000000000000001e       0x32 c:/st/stm32cubeide_1.8.0/stm32cubeide/plugins/com.st.stm32cube.ide.mcu.externaltools.gnu-tools-for-stm32.9-2020-q2-update.win32_2.0.0.202105311346/tools/bin/../lib/gcc/arm-none-eabi/9.3.1/thumb/v7e-m+dp/hard/crtbegin.o
 .ARM.attributes
                0x0000000000000050       0x33 ./Core/Src/LUTs.o
 .ARM.attributes
                0x0000000000000083       0x2e ./Core/Src/adc.o
 .ARM.attributes
                0x00000000000000b1       0x2e ./Core/Src/custom.o
 .ARM.attributes
                0x00000000000000df       0x2e ./Core/Src/gpio.o
 .ARM.attributes
                0x000000000000010d       0x2e ./Core/Src/i2s.o
 .ARM.attributes
                0x000000000000013b       0x2e ./Core/Src/main.o
 .ARM.attributes
                0x0000000000000169       0x2e ./Core/Src/stm32h7xx_hal_msp.o
 .ARM.attributes
                0x0000000000000197       0x2e ./Core/Src/stm32h7xx_it.o
 .ARM.attributes
                0x00000000000001c5       0x2e ./Core/Src/system_stm32h7xx.o
 .ARM.attributes
                0x00000000000001f3       0x2e ./Core/Src/tim.o
 .ARM.attributes
                0x0000000000000221       0x21 ./Core/Startup/startup_stm32h743vitx.o
 .ARM.attributes
                0x0000000000000242       0x2e ./Drivers/STM32H7xx_HAL_Driver/Src/stm32h7xx_hal.o
 .ARM.attributes
                0x0000000000000270       0x2e ./Drivers/STM32H7xx_HAL_Driver/Src/stm32h7xx_hal_adc.o
 .ARM.attributes
                0x000000000000029e       0x2e ./Drivers/STM32H7xx_HAL_Driver/Src/stm32h7xx_hal_adc_ex.o
 .ARM.attributes
                0x00000000000002cc       0x2e ./Drivers/STM32H7xx_HAL_Driver/Src/stm32h7xx_hal_cortex.o
 .ARM.attributes
                0x00000000000002fa       0x2e ./Drivers/STM32H7xx_HAL_Driver/Src/stm32h7xx_hal_gpio.o
 .ARM.attributes
                0x0000000000000328       0x2e ./Drivers/STM32H7xx_HAL_Driver/Src/stm32h7xx_hal_i2s.o
 .ARM.attributes
                0x0000000000000356       0x2e ./Drivers/STM32H7xx_HAL_Driver/Src/stm32h7xx_hal_pwr_ex.o
 .ARM.attributes
                0x0000000000000384       0x2e ./Drivers/STM32H7xx_HAL_Driver/Src/stm32h7xx_hal_rcc.o
 .ARM.attributes
                0x00000000000003b2       0x2e ./Drivers/STM32H7xx_HAL_Driver/Src/stm32h7xx_hal_rcc_ex.o
 .ARM.attributes
                0x00000000000003e0       0x2e ./Drivers/STM32H7xx_HAL_Driver/Src/stm32h7xx_hal_tim.o
 .ARM.attributes
                0x000000000000040e       0x2e ./Drivers/STM32H7xx_HAL_Driver/Src/stm32h7xx_hal_tim_ex.o
 .ARM.attributes
                0x000000000000043c       0x32 c:/st/stm32cubeide_1.8.0/stm32cubeide/plugins/com.st.stm32cube.ide.mcu.externaltools.gnu-tools-for-stm32.9-2020-q2-update.win32_2.0.0.202105311346/tools/bin/../lib/gcc/arm-none-eabi/9.3.1/../../../../arm-none-eabi/lib/thumb/v7e-m+dp/hard\libc_nano.a(lib_a-init.o)
 .ARM.attributes
                0x000000000000046e       0x32 c:/st/stm32cubeide_1.8.0/stm32cubeide/plugins/com.st.stm32cube.ide.mcu.externaltools.gnu-tools-for-stm32.9-2020-q2-update.win32_2.0.0.202105311346/tools/bin/../lib/gcc/arm-none-eabi/9.3.1/../../../../arm-none-eabi/lib/thumb/v7e-m+dp/hard\libc_nano.a(lib_a-memcpy-stub.o)
 .ARM.attributes
                0x00000000000004a0       0x32 c:/st/stm32cubeide_1.8.0/stm32cubeide/plugins/com.st.stm32cube.ide.mcu.externaltools.gnu-tools-for-stm32.9-2020-q2-update.win32_2.0.0.202105311346/tools/bin/../lib/gcc/arm-none-eabi/9.3.1/../../../../arm-none-eabi/lib/thumb/v7e-m+dp/hard\libc_nano.a(lib_a-memset.o)
 .ARM.attributes
                0x00000000000004d2       0x1e c:/st/stm32cubeide_1.8.0/stm32cubeide/plugins/com.st.stm32cube.ide.mcu.externaltools.gnu-tools-for-stm32.9-2020-q2-update.win32_2.0.0.202105311346/tools/bin/../lib/gcc/arm-none-eabi/9.3.1/thumb/v7e-m+dp/hard/crtn.o
OUTPUT(FinalProject.elf elf32-littlearm)
LOAD linker stubs
LOAD c:/st/stm32cubeide_1.8.0/stm32cubeide/plugins/com.st.stm32cube.ide.mcu.externaltools.gnu-tools-for-stm32.9-2020-q2-update.win32_2.0.0.202105311346/tools/bin/../lib/gcc/arm-none-eabi/9.3.1/../../../../arm-none-eabi/lib/thumb/v7e-m+dp/hard\libc.a
LOAD c:/st/stm32cubeide_1.8.0/stm32cubeide/plugins/com.st.stm32cube.ide.mcu.externaltools.gnu-tools-for-stm32.9-2020-q2-update.win32_2.0.0.202105311346/tools/bin/../lib/gcc/arm-none-eabi/9.3.1/../../../../arm-none-eabi/lib/thumb/v7e-m+dp/hard\libm.a
LOAD c:/st/stm32cubeide_1.8.0/stm32cubeide/plugins/com.st.stm32cube.ide.mcu.externaltools.gnu-tools-for-stm32.9-2020-q2-update.win32_2.0.0.202105311346/tools/bin/../lib/gcc/arm-none-eabi/9.3.1/thumb/v7e-m+dp/hard\libgcc.a

.comment        0x0000000000000000       0x53
 .comment       0x0000000000000000       0x53 ./Core/Src/LUTs.o
                                         0x54 (size before relaxing)
 .comment       0x0000000000000053       0x54 ./Core/Src/adc.o
 .comment       0x0000000000000053       0x54 ./Core/Src/custom.o
 .comment       0x0000000000000053       0x54 ./Core/Src/gpio.o
 .comment       0x0000000000000053       0x54 ./Core/Src/i2s.o
 .comment       0x0000000000000053       0x54 ./Core/Src/main.o
 .comment       0x0000000000000053       0x54 ./Core/Src/stm32h7xx_hal_msp.o
 .comment       0x0000000000000053       0x54 ./Core/Src/stm32h7xx_it.o
 .comment       0x0000000000000053       0x54 ./Core/Src/system_stm32h7xx.o
 .comment       0x0000000000000053       0x54 ./Core/Src/tim.o
 .comment       0x0000000000000053       0x54 ./Drivers/STM32H7xx_HAL_Driver/Src/stm32h7xx_hal.o
 .comment       0x0000000000000053       0x54 ./Drivers/STM32H7xx_HAL_Driver/Src/stm32h7xx_hal_adc.o
 .comment       0x0000000000000053       0x54 ./Drivers/STM32H7xx_HAL_Driver/Src/stm32h7xx_hal_adc_ex.o
 .comment       0x0000000000000053       0x54 ./Drivers/STM32H7xx_HAL_Driver/Src/stm32h7xx_hal_cortex.o
 .comment       0x0000000000000053       0x54 ./Drivers/STM32H7xx_HAL_Driver/Src/stm32h7xx_hal_gpio.o
 .comment       0x0000000000000053       0x54 ./Drivers/STM32H7xx_HAL_Driver/Src/stm32h7xx_hal_i2s.o
 .comment       0x0000000000000053       0x54 ./Drivers/STM32H7xx_HAL_Driver/Src/stm32h7xx_hal_pwr_ex.o
 .comment       0x0000000000000053       0x54 ./Drivers/STM32H7xx_HAL_Driver/Src/stm32h7xx_hal_rcc.o
 .comment       0x0000000000000053       0x54 ./Drivers/STM32H7xx_HAL_Driver/Src/stm32h7xx_hal_rcc_ex.o
 .comment       0x0000000000000053       0x54 ./Drivers/STM32H7xx_HAL_Driver/Src/stm32h7xx_hal_tim.o
 .comment       0x0000000000000053       0x54 ./Drivers/STM32H7xx_HAL_Driver/Src/stm32h7xx_hal_tim_ex.o

.debug_frame    0x0000000000000000       0x74
 .debug_frame   0x0000000000000000       0x2c c:/st/stm32cubeide_1.8.0/stm32cubeide/plugins/com.st.stm32cube.ide.mcu.externaltools.gnu-tools-for-stm32.9-2020-q2-update.win32_2.0.0.202105311346/tools/bin/../lib/gcc/arm-none-eabi/9.3.1/../../../../arm-none-eabi/lib/thumb/v7e-m+dp/hard\libc_nano.a(lib_a-init.o)
 .debug_frame   0x000000000000002c       0x28 c:/st/stm32cubeide_1.8.0/stm32cubeide/plugins/com.st.stm32cube.ide.mcu.externaltools.gnu-tools-for-stm32.9-2020-q2-update.win32_2.0.0.202105311346/tools/bin/../lib/gcc/arm-none-eabi/9.3.1/../../../../arm-none-eabi/lib/thumb/v7e-m+dp/hard\libc_nano.a(lib_a-memcpy-stub.o)
 .debug_frame   0x0000000000000054       0x20 c:/st/stm32cubeide_1.8.0/stm32cubeide/plugins/com.st.stm32cube.ide.mcu.externaltools.gnu-tools-for-stm32.9-2020-q2-update.win32_2.0.0.202105311346/tools/bin/../lib/gcc/arm-none-eabi/9.3.1/../../../../arm-none-eabi/lib/thumb/v7e-m+dp/hard\libc_nano.a(lib_a-memset.o)
