Archive member included to satisfy reference by file (symbol)

c:/st/stm32cubeide_1.8.0/stm32cubeide/plugins/com.st.stm32cube.ide.mcu.externaltools.gnu-tools-for-stm32.9-2020-q2-update.win32_2.0.0.202105311346/tools/bin/../lib/gcc/arm-none-eabi/9.3.1/../../../../arm-none-eabi/lib/thumb/v7e-m+dp/hard\libc_nano.a(lib_a-errno.o)
                              ./Core/Src/syscalls.o (__errno)
c:/st/stm32cubeide_1.8.0/stm32cubeide/plugins/com.st.stm32cube.ide.mcu.externaltools.gnu-tools-for-stm32.9-2020-q2-update.win32_2.0.0.202105311346/tools/bin/../lib/gcc/arm-none-eabi/9.3.1/../../../../arm-none-eabi/lib/thumb/v7e-m+dp/hard\libc_nano.a(lib_a-exit.o)
                              c:/st/stm32cubeide_1.8.0/stm32cubeide/plugins/com.st.stm32cube.ide.mcu.externaltools.gnu-tools-for-stm32.9-2020-q2-update.win32_2.0.0.202105311346/tools/bin/../lib/gcc/arm-none-eabi/9.3.1/../../../../arm-none-eabi/lib/thumb/v7e-m+dp/hard/crt0.o (exit)
c:/st/stm32cubeide_1.8.0/stm32cubeide/plugins/com.st.stm32cube.ide.mcu.externaltools.gnu-tools-for-stm32.9-2020-q2-update.win32_2.0.0.202105311346/tools/bin/../lib/gcc/arm-none-eabi/9.3.1/../../../../arm-none-eabi/lib/thumb/v7e-m+dp/hard\libc_nano.a(lib_a-impure.o)
                              c:/st/stm32cubeide_1.8.0/stm32cubeide/plugins/com.st.stm32cube.ide.mcu.externaltools.gnu-tools-for-stm32.9-2020-q2-update.win32_2.0.0.202105311346/tools/bin/../lib/gcc/arm-none-eabi/9.3.1/../../../../arm-none-eabi/lib/thumb/v7e-m+dp/hard\libc_nano.a(lib_a-exit.o) (_global_impure_ptr)
c:/st/stm32cubeide_1.8.0/stm32cubeide/plugins/com.st.stm32cube.ide.mcu.externaltools.gnu-tools-for-stm32.9-2020-q2-update.win32_2.0.0.202105311346/tools/bin/../lib/gcc/arm-none-eabi/9.3.1/../../../../arm-none-eabi/lib/thumb/v7e-m+dp/hard\libc_nano.a(lib_a-init.o)
                              c:/st/stm32cubeide_1.8.0/stm32cubeide/plugins/com.st.stm32cube.ide.mcu.externaltools.gnu-tools-for-stm32.9-2020-q2-update.win32_2.0.0.202105311346/tools/bin/../lib/gcc/arm-none-eabi/9.3.1/../../../../arm-none-eabi/lib/thumb/v7e-m+dp/hard/crt0.o (__libc_init_array)
c:/st/stm32cubeide_1.8.0/stm32cubeide/plugins/com.st.stm32cube.ide.mcu.externaltools.gnu-tools-for-stm32.9-2020-q2-update.win32_2.0.0.202105311346/tools/bin/../lib/gcc/arm-none-eabi/9.3.1/../../../../arm-none-eabi/lib/thumb/v7e-m+dp/hard\libc_nano.a(lib_a-memcpy-stub.o)
                              ./Core/Src/custom.o (memcpy)
c:/st/stm32cubeide_1.8.0/stm32cubeide/plugins/com.st.stm32cube.ide.mcu.externaltools.gnu-tools-for-stm32.9-2020-q2-update.win32_2.0.0.202105311346/tools/bin/../lib/gcc/arm-none-eabi/9.3.1/../../../../arm-none-eabi/lib/thumb/v7e-m+dp/hard\libc_nano.a(lib_a-memset.o)
                              c:/st/stm32cubeide_1.8.0/stm32cubeide/plugins/com.st.stm32cube.ide.mcu.externaltools.gnu-tools-for-stm32.9-2020-q2-update.win32_2.0.0.202105311346/tools/bin/../lib/gcc/arm-none-eabi/9.3.1/../../../../arm-none-eabi/lib/thumb/v7e-m+dp/hard/crt0.o (memset)

Allocating common symbols
Common symbol       size              file

uwTick              0x4               ./Drivers/STM32H7xx_HAL_Driver/Src/stm32h7xx_hal.o
pFlash              0x1c              ./Drivers/STM32H7xx_HAL_Driver/Src/stm32h7xx_hal_flash.o
hadc1               0x64              ./Core/Src/adc.o
hi2s1               0x54              ./Core/Src/i2s.o
htim16              0x4c              ./Core/Src/tim.o

Discarded input sections

 .text          0x0000000000000000        0x0 c:/st/stm32cubeide_1.8.0/stm32cubeide/plugins/com.st.stm32cube.ide.mcu.externaltools.gnu-tools-for-stm32.9-2020-q2-update.win32_2.0.0.202105311346/tools/bin/../lib/gcc/arm-none-eabi/9.3.1/thumb/v7e-m+dp/hard/crti.o
 .data          0x0000000000000000        0x0 c:/st/stm32cubeide_1.8.0/stm32cubeide/plugins/com.st.stm32cube.ide.mcu.externaltools.gnu-tools-for-stm32.9-2020-q2-update.win32_2.0.0.202105311346/tools/bin/../lib/gcc/arm-none-eabi/9.3.1/thumb/v7e-m+dp/hard/crti.o
 .bss           0x0000000000000000        0x0 c:/st/stm32cubeide_1.8.0/stm32cubeide/plugins/com.st.stm32cube.ide.mcu.externaltools.gnu-tools-for-stm32.9-2020-q2-update.win32_2.0.0.202105311346/tools/bin/../lib/gcc/arm-none-eabi/9.3.1/thumb/v7e-m+dp/hard/crti.o
 .data          0x0000000000000000        0x4 c:/st/stm32cubeide_1.8.0/stm32cubeide/plugins/com.st.stm32cube.ide.mcu.externaltools.gnu-tools-for-stm32.9-2020-q2-update.win32_2.0.0.202105311346/tools/bin/../lib/gcc/arm-none-eabi/9.3.1/thumb/v7e-m+dp/hard/crtbegin.o
 .text          0x0000000000000000       0x7c c:/st/stm32cubeide_1.8.0/stm32cubeide/plugins/com.st.stm32cube.ide.mcu.externaltools.gnu-tools-for-stm32.9-2020-q2-update.win32_2.0.0.202105311346/tools/bin/../lib/gcc/arm-none-eabi/9.3.1/../../../../arm-none-eabi/lib/thumb/v7e-m+dp/hard/crt0.o
[...]
Memory Configuration

Name             Origin             Length             Attributes
FLASH            0x0000000008000000 0x0000000000200000 xr
DTCMRAM          0x0000000020000000 0x0000000000020000 xrw
RAM_D1           0x0000000024000000 0x0000000000080000 xrw
RAM_D2           0x0000000030000000 0x0000000000048000 xrw
RAM_D3           0x0000000038000000 0x0000000000010000 xrw
ITCMRAM          0x0000000000000000 0x0000000000010000 xrw
*default*        0x0000000000000000 0xffffffffffffffff

Linker script and memory map

LOAD c:/st/stm32cubeide_1.8.0/stm32cubeide/plugins/com.st.stm32cube.ide.mcu.externaltools.gnu-tools-for-stm32.9-2020-q2-update.win32_2.0.0.202105311346/tools/bin/../lib/gcc/arm-none-eabi/9.3.1/thumb/v7e-m+dp/hard/crti.o
LOAD c:/st/stm32cubeide_1.8.0/stm32cubeide/plugins/com.st.stm32cube.ide.mcu.externaltools.gnu-tools-for-stm32.9-2020-q2-update.win32_2.0.0.202105311346/tools/bin/../lib/gcc/arm-none-eabi/9.3.1/thumb/v7e-m+dp/hard/crtbegin.o
LOAD c:/st/stm32cubeide_1.8.0/stm32cubeide/plugins/com.st.stm32cube.ide.mcu.externaltools.gnu-tools-for-stm32.9-2020-q2-update.win32_2.0.0.202105311346/tools/bin/../lib/gcc/arm-none-eabi/9.3.1/../../../../arm-none-eabi/lib/thumb/v7e-m+dp/hard/crt0.o
LOAD ./Core/Src/LUTs.o
LOAD ./Core/Src/adc.o
LOAD ./Core/Src/custom.o
LOAD ./Core/Src/gpio.o
LOAD ./Core/Src/i2s.o
LOAD ./Core/Src/main.o
LOAD ./Core/Src/stm32h7xx_hal_msp.o
LOAD ./Core/Src/stm32h7xx_it.o
LOAD ./Core/Src/syscalls.o
LOAD ./Core/Src/sysmem.o
LOAD ./Core/Src/system_stm32h7xx.o
LOAD ./Core/Src/tim.o
LOAD ./Core/Startup/startup_stm32h743vitx.o
LOAD ./Drivers/STM32H7xx_HAL_Driver/Src/stm32h7xx_hal.o
LOAD ./Drivers/STM32H7xx_HAL_Driver/Src/stm32h7xx_hal_adc.o
LOAD ./Drivers/STM32H7xx_HAL_Driver/Src/stm32h7xx_hal_adc_ex.o
LOAD ./Drivers/STM32H7xx_HAL_Driver/Src/stm32h7xx_hal_cortex.o
LOAD ./Drivers/STM32H7xx_HAL_Driver/Src/stm32h7xx_hal_dma.o
LOAD ./Drivers/STM32H7xx_HAL_Driver/Src/stm32h7xx_hal_dma_ex.o
LOAD ./Drivers/STM32H7xx_HAL_Driver/Src/stm32h7xx_hal_exti.o
LOAD ./Drivers/STM32H7xx_HAL_Driver/Src/stm32h7xx_hal_flash.o
LOAD ./Drivers/STM32H7xx_HAL_Driver/Src/stm32h7xx_hal_flash_ex.o
LOAD ./Drivers/STM32H7xx_HAL_Driver/Src/stm32h7xx_hal_gpio.o
LOAD ./Drivers/STM32H7xx_HAL_Driver/Src/stm32h7xx_hal_hsem.o
LOAD ./Drivers/STM32H7xx_HAL_Driver/Src/stm32h7xx_hal_i2c.o
LOAD ./Drivers/STM32H7xx_HAL_Driver/Src/stm32h7xx_hal_i2c_ex.o
LOAD ./Drivers/STM32H7xx_HAL_Driver/Src/stm32h7xx_hal_i2s.o
LOAD ./Drivers/STM32H7xx_HAL_Driver/Src/stm32h7xx_hal_i2s_ex.o
LOAD ./Drivers/STM32H7xx_HAL_Driver/Src/stm32h7xx_hal_mdma.o
LOAD ./Drivers/STM32H7xx_HAL_Driver/Src/stm32h7xx_hal_pwr.o
LOAD ./Drivers/STM32H7xx_HAL_Driver/Src/stm32h7xx_hal_pwr_ex.o
LOAD ./Drivers/STM32H7xx_HAL_Driver/Src/stm32h7xx_hal_rcc.o
LOAD ./Drivers/STM32H7xx_HAL_Driver/Src/stm32h7xx_hal_rcc_ex.o
LOAD ./Drivers/STM32H7xx_HAL_Driver/Src/stm32h7xx_hal_tim.o
LOAD ./Drivers/STM32H7xx_HAL_Driver/Src/stm32h7xx_hal_tim_ex.o
START GROUP
LOAD c:/st/stm32cubeide_1.8.0/stm32cubeide/plugins/com.st.stm32cube.ide.mcu.externaltools.gnu-tools-for-stm32.9-2020-q2-update.win32_2.0.0.202105311346/tools/bin/../lib/gcc/arm-none-eabi/9.3.1/../../../../arm-none-eabi/lib/thumb/v7e-m+dp/hard\libc_nano.a
LOAD c:/st/stm32cubeide_1.8.0/stm32cubeide/plugins/com.st.stm32cube.ide.mcu.externaltools.gnu-tools-for-stm32.9-2020-q2-update.win32_2.0.0.202105311346/tools/bin/../lib/gcc/arm-none-eabi/9.3.1/../../../../arm-none-eabi/lib/thumb/v7e-m+dp/hard\libm.a
END GROUP
START GROUP
LOAD c:/st/stm32cubeide_1.8.0/stm32cubeide/plugins/com.st.stm32cube.ide.mcu.externaltools.gnu-tools-for-stm32.9-2020-q2-update.win32_2.0.0.202105311346/tools/bin/../lib/gcc/arm-none-eabi/9.3.1/thumb/v7e-m+dp/hard\libgcc.a
LOAD c:/st/stm32cubeide_1.8.0/stm32cubeide/plugins/com.st.stm32cube.ide.mcu.externaltools.gnu-tools-for-stm32.9-2020-q2-update.win32_2.0.0.202105311346/tools/bin/../lib/gcc/arm-none-eabi/9.3.1/../../../../arm-none-eabi/lib/thumb/v7e-m+dp/hard\libc_nano.a
END GROUP
START GROUP
LOAD c:/st/stm32cubeide_1.8.0/stm32cubeide/plugins/com.st.stm32cube.ide.mcu.externaltools.gnu-tools-for-stm32.9-2020-q2-update.win32_2.0.0.202105311346/tools/bin/../lib/gcc/arm-none-eabi/9.3.1/thumb/v7e-m+dp/hard\libgcc.a
LOAD c:/st/stm32cubeide_1.8.0/stm32cubeide/plugins/com.st.stm32cube.ide.mcu.externaltools.gnu-tools-for-stm32.9-2020-q2-update.win32_2.0.0.202105311346/tools/bin/../lib/gcc/arm-none-eabi/9.3.1/../../../../arm-none-eabi/lib/thumb/v7e-m+dp/hard\libc_nano.a
LOAD c:/st/stm32cubeide_1.8.0/stm32cubeide/plugins/com.st.stm32cube.ide.mcu.externaltools.gnu-tools-for-stm32.9-2020-q2-update.win32_2.0.0.202105311346/tools/bin/../lib/gcc/arm-none-eabi/9.3.1/../../../../arm-none-eabi/lib/thumb/v7e-m+dp/hard\libnosys.a
END GROUP
START GROUP
LOAD c:/st/stm32cubeide_1.8.0/stm32cubeide/plugins/com.st.stm32cube.ide.mcu.externaltools.gnu-tools-for-stm32.9-2020-q2-update.win32_2.0.0.202105311346/tools/bin/../lib/gcc/arm-none-eabi/9.3.1/thumb/v7e-m+dp/hard\libgcc.a
LOAD c:/st/stm32cubeide_1.8.0/stm32cubeide/plugins/com.st.stm32cube.ide.mcu.externaltools.gnu-tools-for-stm32.9-2020-q2-update.win32_2.0.0.202105311346/tools/bin/../lib/gcc/arm-none-eabi/9.3.1/../../../../arm-none-eabi/lib/thumb/v7e-m+dp/hard\libc_nano.a
LOAD c:/st/stm32cubeide_1.8.0/stm32cubeide/plugins/com.st.stm32cube.ide.mcu.externaltools.gnu-tools-for-stm32.9-2020-q2-update.win32_2.0.0.202105311346/tools/bin/../lib/gcc/arm-none-eabi/9.3.1/../../../../arm-none-eabi/lib/thumb/v7e-m+dp/hard\libnosys.a
END GROUP
LOAD c:/st/stm32cubeide_1.8.0/stm32cubeide/plugins/com.st.stm32cube.ide.mcu.externaltools.gnu-tools-for-stm32.9-2020-q2-update.win32_2.0.0.202105311346/tools/bin/../lib/gcc/arm-none-eabi/9.3.1/thumb/v7e-m+dp/hard/crtend.o
LOAD c:/st/stm32cubeide_1.8.0/stm32cubeide/plugins/com.st.stm32cube.ide.mcu.externaltools.gnu-tools-for-stm32.9-2020-q2-update.win32_2.0.0.202105311346/tools/bin/../lib/gcc/arm-none-eabi/9.3.1/thumb/v7e-m+dp/hard/crtn.o
                0x0000000024080000                _estack = (ORIGIN (RAM_D1) + LENGTH (RAM_D1))
                0x0000000000000200                _Min_Heap_Size = 0x200
                0x0000000000000400                _Min_Stack_Size = 0x400

.isr_vector     0x0000000008000000      0x298
                0x0000000008000000                . = ALIGN (0x4)
 *(.isr_vector)
 .isr_vector    0x0000000008000000      0x298 ./Core/Startup/startup_stm32h743vitx.o
                0x0000000008000000                g_pfnVectors
                0x0000000008000298                . = ALIGN (0x4)

.text           0x0000000008000298     0x4df8
                0x0000000008000298                . = ALIGN (0x4)
 *(.text)
 .text          0x0000000008000298       0x40 c:/st/stm32cubeide_1.8.0/stm32cubeide/plugins/com.st.stm32cube.ide.mcu.externaltools.gnu-tools-for-stm32.9-2020-q2-update.win32_2.0.0.202105311346/tools/bin/../lib/gcc/arm-none-eabi/9.3.1/thumb/v7e-m+dp/hard/crtbegin.o
 *(.text*)
 .text.MX_ADC1_Init
                0x00000000080002d8       0xa0 ./Core/Src/adc.o
                0x00000000080002d8                MX_ADC1_Init
 .text.HAL_ADC_MspInit
                0x0000000008000378       0xb0 ./Core/Src/adc.o
                0x0000000008000378                HAL_ADC_MspInit
 .text.add_voice
                0x0000000008000428       0x38 ./Core/Src/custom.o
 .text.remove_voice
                0x0000000008000460       0x34 ./Core/Src/custom.o
 .text.lcd_rs   0x0000000008000494       0x20 ./Core/Src/custom.o
 .text.lcd_data
                0x00000000080004b4       0xec ./Core/Src/custom.o
 .text.lcd_e    0x00000000080005a0       0x20 ./Core/Src/custom.o
 .text.lcd_clear
                0x00000000080005c0       0x24 ./Core/Src/custom.o
 .text.i2s      0x00000000080005e4       0x24 ./Core/Src/custom.o
 .text.lcd_enable
                0x0000000008000608       0x28 ./Core/Src/custom.o
 .text.lcd_config
                0x0000000008000630       0x1a ./Core/Src/custom.o
 .text.lcd_pos  0x000000000800064a       0x12 ./Core/Src/custom.o
 .text.lcd_write
                0x000000000800065c       0x1a ./Core/Src/custom.o
 *fill*         0x0000000008000676        0x2 
 .text.lcd_number
                0x0000000008000678       0x5c ./Core/Src/custom.o
 .text.lcd_string
                0x00000000080006d4       0x26 ./Core/Src/custom.o
 *fill*         0x00000000080006fa        0x2 
 .text.refresh  0x00000000080006fc       0xd0 ./Core/Src/custom.o
 .text.lcd_flush
                0x00000000080007cc       0x1e ./Core/Src/custom.o
 .text.lcd_init
                0x00000000080007ea       0x22 ./Core/Src/custom.o
 .text.delay    0x000000000800080c        0x8 ./Core/Src/custom.o
 .text.button_check
                0x0000000008000814       0x50 ./Core/Src/custom.o
 .text.adc      0x0000000008000864       0x48 ./Core/Src/custom.o
 .text.customButtonInterrupt
                0x00000000080008ac        0x2 ./Core/Src/custom.o
                0x00000000080008ac                customButtonInterrupt
 *fill*         0x00000000080008ae        0x2 
 .text.customTimerInterrupt
                0x00000000080008b0      0x1ec ./Core/Src/custom.o
                0x00000000080008b0                customTimerInterrupt
 .text.customSetup
                0x0000000008000a9c       0x54 ./Core/Src/custom.o
                0x0000000008000a9c                customSetup
 .text.customLoop
                0x0000000008000af0      0x280 ./Core/Src/custom.o
                0x0000000008000af0                customLoop
 .text.MX_GPIO_Init
                0x0000000008000d70      0x160 ./Core/Src/gpio.o
                0x0000000008000d70                MX_GPIO_Init
 .text.HAL_GPIO_EXTI_Callback
                0x0000000008000ed0        0xe ./Core/Src/gpio.o
                0x0000000008000ed0                HAL_GPIO_EXTI_Callback
 *fill*         0x0000000008000ede        0x2 
 .text.MX_I2S1_Init
                0x0000000008000ee0       0x3c ./Core/Src/i2s.o
                0x0000000008000ee0                MX_I2S1_Init
 .text.HAL_I2S_MspInit
                0x0000000008000f1c       0x98 ./Core/Src/i2s.o
                0x0000000008000f1c                HAL_I2S_MspInit
 .text.HAL_TIM_PeriodElapsedCallback
                0x0000000008000fb4       0x14 ./Core/Src/main.o
                0x0000000008000fb4                HAL_TIM_PeriodElapsedCallback
 .text.Error_Handler
                0x0000000008000fc8        0x4 ./Core/Src/main.o
                0x0000000008000fc8                Error_Handler
 .text.SystemClock_Config
                0x0000000008000fcc       0xcc ./Core/Src/main.o
                0x0000000008000fcc                SystemClock_Config
 .text.main     0x0000000008001098       0x58 ./Core/Src/main.o
                0x0000000008001098                main
 .text.HAL_MspInit
                0x00000000080010f0       0x24 ./Core/Src/stm32h7xx_hal_msp.o
                0x00000000080010f0                HAL_MspInit
 .text.NMI_Handler
                0x0000000008001114        0x2 ./Core/Src/stm32h7xx_it.o
                0x0000000008001114                NMI_Handler
 .text.HardFault_Handler
                0x0000000008001116        0x2 ./Core/Src/stm32h7xx_it.o
                0x0000000008001116                HardFault_Handler
 .text.MemManage_Handler
                0x0000000008001118        0x2 ./Core/Src/stm32h7xx_it.o
                0x0000000008001118                MemManage_Handler
 .text.BusFault_Handler
                0x000000000800111a        0x2 ./Core/Src/stm32h7xx_it.o
                0x000000000800111a                BusFault_Handler
 .text.UsageFault_Handler
                0x000000000800111c        0x2 ./Core/Src/stm32h7xx_it.o
                0x000000000800111c                UsageFault_Handler
 .text.SVC_Handler
                0x000000000800111e        0x2 ./Core/Src/stm32h7xx_it.o
                0x000000000800111e                SVC_Handler
 .text.DebugMon_Handler
                0x0000000008001120        0x2 ./Core/Src/stm32h7xx_it.o
                0x0000000008001120                DebugMon_Handler
 .text.PendSV_Handler
                0x0000000008001122        0x2 ./Core/Src/stm32h7xx_it.o
                0x0000000008001122                PendSV_Handler
 .text.SysTick_Handler
                0x0000000008001124        0x8 ./Core/Src/stm32h7xx_it.o
                0x0000000008001124                SysTick_Handler
 .text.EXTI9_5_IRQHandler
                0x000000000800112c        0xa ./Core/Src/stm32h7xx_it.o
                0x000000000800112c                EXTI9_5_IRQHandler
 *fill*         0x0000000008001136        0x2 
 .text.TIM16_IRQHandler
                0x0000000008001138       0x10 ./Core/Src/stm32h7xx_it.o
                0x0000000008001138                TIM16_IRQHandler
 .text.SystemInit
                0x0000000008001148       0xcc ./Core/Src/system_stm32h7xx.o
                0x0000000008001148                SystemInit
 .text.MX_TIM16_Init
                0x0000000008001214       0x30 ./Core/Src/tim.o
                0x0000000008001214                MX_TIM16_Init
 .text.HAL_TIM_Base_MspInit
                0x0000000008001244       0x48 ./Core/Src/tim.o
                0x0000000008001244                HAL_TIM_Base_MspInit
 .text.Reset_Handler
                0x000000000800128c       0x50 ./Core/Startup/startup_stm32h743vitx.o
                0x000000000800128c                Reset_Handler
 .text.Default_Handler
                0x00000000080012dc        0x2 ./Core/Startup/startup_stm32h743vitx.o
                0x00000000080012dc                RTC_Alarm_IRQHandler
                0x00000000080012dc                EXTI2_IRQHandler
                0x00000000080012dc                TIM8_CC_IRQHandler
                0x00000000080012dc                HRTIM1_Master_IRQHandler
                0x00000000080012dc                UART8_IRQHandler
                0x00000000080012dc                SPI4_IRQHandler
                0x00000000080012dc                TIM1_CC_IRQHandler
                0x00000000080012dc                BDMA_Channel6_IRQHandler
                0x00000000080012dc                DMA2_Stream5_IRQHandler
                0x00000000080012dc                HRTIM1_FLT_IRQHandler
                0x00000000080012dc                JPEG_IRQHandler
                0x00000000080012dc                DMA1_Stream5_IRQHandler
                0x00000000080012dc                BDMA_Channel1_IRQHandler
                0x00000000080012dc                HRTIM1_TIMD_IRQHandler
                0x00000000080012dc                TAMP_STAMP_IRQHandler
                0x00000000080012dc                EXTI3_IRQHandler
                0x00000000080012dc                LPTIM4_IRQHandler
                0x00000000080012dc                TIM8_TRG_COM_TIM14_IRQHandler
                0x00000000080012dc                LPTIM2_IRQHandler
                0x00000000080012dc                DFSDM1_FLT1_IRQHandler
                0x00000000080012dc                DMAMUX2_OVR_IRQHandler
                0x00000000080012dc                TIM8_UP_TIM13_IRQHandler
                0x00000000080012dc                I2C3_ER_IRQHandler
                0x00000000080012dc                DFSDM1_FLT2_IRQHandler
                0x00000000080012dc                MDMA_IRQHandler
                0x00000000080012dc                LPTIM3_IRQHandler
                0x00000000080012dc                HSEM1_IRQHandler
                0x00000000080012dc                EXTI0_IRQHandler
                0x00000000080012dc                I2C2_EV_IRQHandler
                0x00000000080012dc                DMA1_Stream2_IRQHandler
                0x00000000080012dc                FPU_IRQHandler
                0x00000000080012dc                OTG_HS_WKUP_IRQHandler
                0x00000000080012dc                FDCAN1_IT1_IRQHandler
                0x00000000080012dc                LTDC_ER_IRQHandler
                0x00000000080012dc                DMA2_Stream2_IRQHandler
                0x00000000080012dc                HRTIM1_TIME_IRQHandler
                0x00000000080012dc                SPI1_IRQHandler
                0x00000000080012dc                TIM6_DAC_IRQHandler
                0x00000000080012dc                DCMI_IRQHandler
                0x00000000080012dc                HRTIM1_TIMC_IRQHandler
                0x00000000080012dc                DMA2_Stream3_IRQHandler
                0x00000000080012dc                SAI2_IRQHandler
                0x00000000080012dc                DFSDM1_FLT3_IRQHandler
                0x00000000080012dc                USART6_IRQHandler
                0x00000000080012dc                TIM17_IRQHandler
                0x00000000080012dc                USART3_IRQHandler
                0x00000000080012dc                BDMA_Channel7_IRQHandler
                0x00000000080012dc                LPTIM5_IRQHandler
                0x00000000080012dc                UART5_IRQHandler
                0x00000000080012dc                ADC3_IRQHandler
                0x00000000080012dc                DMA2_Stream0_IRQHandler
                0x00000000080012dc                TIM4_IRQHandler
                0x00000000080012dc                BDMA_Channel2_IRQHandler
                0x00000000080012dc                QUADSPI_IRQHandler
                0x00000000080012dc                I2C1_EV_IRQHandler
                0x00000000080012dc                DMA1_Stream6_IRQHandler
                0x00000000080012dc                DMAMUX1_OVR_IRQHandler
                0x00000000080012dc                DMA1_Stream1_IRQHandler
                0x00000000080012dc                UART4_IRQHandler
                0x00000000080012dc                BDMA_Channel5_IRQHandler
                0x00000000080012dc                TIM3_IRQHandler
                0x00000000080012dc                RCC_IRQHandler
                0x00000000080012dc                TIM8_BRK_TIM12_IRQHandler
                0x00000000080012dc                TIM1_TRG_COM_IRQHandler
                0x00000000080012dc                Default_Handler
                0x00000000080012dc                ECC_IRQHandler
                0x00000000080012dc                CEC_IRQHandler
                0x00000000080012dc                EXTI15_10_IRQHandler
                0x00000000080012dc                BDMA_Channel0_IRQHandler
                0x00000000080012dc                ADC_IRQHandler
                0x00000000080012dc                DMA1_Stream7_IRQHandler
                0x00000000080012dc                HRTIM1_TIMA_IRQHandler
                0x00000000080012dc                SPI5_IRQHandler
                0x00000000080012dc                TIM7_IRQHandler
                0x00000000080012dc                SDMMC1_IRQHandler
                0x00000000080012dc                TIM5_IRQHandler
                0x00000000080012dc                DMA2_Stream7_IRQHandler
                0x00000000080012dc                TIM15_IRQHandler
                0x00000000080012dc                PVD_AVD_IRQHandler
                0x00000000080012dc                I2C3_EV_IRQHandler
                0x00000000080012dc                RTC_WKUP_IRQHandler
                0x00000000080012dc                LTDC_IRQHandler
                0x00000000080012dc                SAI3_IRQHandler
                0x00000000080012dc                ETH_WKUP_IRQHandler
                0x00000000080012dc                SPDIF_RX_IRQHandler
                0x00000000080012dc                SPI2_IRQHandler
                0x00000000080012dc                OTG_HS_EP1_IN_IRQHandler
                0x00000000080012dc                DMA1_Stream0_IRQHandler
                0x00000000080012dc                CRS_IRQHandler
                0x00000000080012dc                EXTI4_IRQHandler
                0x00000000080012dc                RNG_IRQHandler
                0x00000000080012dc                HRTIM1_TIMB_IRQHandler
                0x00000000080012dc                FDCAN2_IT1_IRQHandler
                0x00000000080012dc                ETH_IRQHandler
                0x00000000080012dc                TIM1_UP_IRQHandler
                0x00000000080012dc                BDMA_Channel4_IRQHandler
                0x00000000080012dc                OTG_HS_EP1_OUT_IRQHandler
                0x00000000080012dc                WWDG_IRQHandler
                0x00000000080012dc                SPI6_IRQHandler
                0x00000000080012dc                MDIOS_IRQHandler
                0x00000000080012dc                I2C4_EV_IRQHandler
                0x00000000080012dc                FDCAN2_IT0_IRQHandler
                0x00000000080012dc                LPUART1_IRQHandler
                0x00000000080012dc                FDCAN1_IT0_IRQHandler
                0x00000000080012dc                TIM2_IRQHandler
                0x00000000080012dc                OTG_FS_WKUP_IRQHandler
                0x00000000080012dc                OTG_HS_IRQHandler
                0x00000000080012dc                DMA2D_IRQHandler
                0x00000000080012dc                TIM1_BRK_IRQHandler
                0x00000000080012dc                EXTI1_IRQHandler
                0x00000000080012dc                SDMMC2_IRQHandler
                0x00000000080012dc                OTG_FS_EP1_OUT_IRQHandler
                0x00000000080012dc                BDMA_Channel3_IRQHandler
                0x00000000080012dc                UART7_IRQHandler
                0x00000000080012dc                MDIOS_WKUP_IRQHandler
                0x00000000080012dc                USART2_IRQHandler
                0x00000000080012dc                DFSDM1_FLT0_IRQHandler
                0x00000000080012dc                SAI4_IRQHandler
                0x00000000080012dc                I2C2_ER_IRQHandler
                0x00000000080012dc                DMA2_Stream1_IRQHandler
                0x00000000080012dc                FLASH_IRQHandler
                0x00000000080012dc                DMA2_Stream4_IRQHandler
                0x00000000080012dc                USART1_IRQHandler
                0x00000000080012dc                OTG_FS_IRQHandler
                0x00000000080012dc                SPI3_IRQHandler
                0x00000000080012dc                WAKEUP_PIN_IRQHandler
                0x00000000080012dc                DMA1_Stream4_IRQHandler
                0x00000000080012dc                OTG_FS_EP1_IN_IRQHandler
                0x00000000080012dc                I2C1_ER_IRQHandler
                0x00000000080012dc                FMC_IRQHandler
                0x00000000080012dc                FDCAN_CAL_IRQHandler
                0x00000000080012dc                SWPMI1_IRQHandler
                0x00000000080012dc                COMP1_IRQHandler
                0x00000000080012dc                LPTIM1_IRQHandler
                0x00000000080012dc                I2C4_ER_IRQHandler
                0x00000000080012dc                DMA2_Stream6_IRQHandler
                0x00000000080012dc                SAI1_IRQHandler
                0x00000000080012dc                DMA1_Stream3_IRQHandler
 *fill*         0x00000000080012de        0x2 
 .text.HAL_InitTick
                0x00000000080012e0       0x50 ./Drivers/STM32H7xx_HAL_Driver/Src/stm32h7xx_hal.o
                0x00000000080012e0                HAL_InitTick
 .text.HAL_Init
                0x0000000008001330       0x5c ./Drivers/STM32H7xx_HAL_Driver/Src/stm32h7xx_hal.o
                0x0000000008001330                HAL_Init
 .text.HAL_IncTick
                0x000000000800138c       0x18 ./Drivers/STM32H7xx_HAL_Driver/Src/stm32h7xx_hal.o
                0x000000000800138c                HAL_IncTick
 .text.HAL_GetTick
                0x00000000080013a4        0xc ./Drivers/STM32H7xx_HAL_Driver/Src/stm32h7xx_hal.o
                0x00000000080013a4                HAL_GetTick
 .text.HAL_Delay
                0x00000000080013b0       0x28 ./Drivers/STM32H7xx_HAL_Driver/Src/stm32h7xx_hal.o
                0x00000000080013b0                HAL_Delay
 .text.HAL_GetREVID
                0x00000000080013d8        0xc ./Drivers/STM32H7xx_HAL_Driver/Src/stm32h7xx_hal.o
                0x00000000080013d8                HAL_GetREVID
 .text.HAL_ADC_PollForConversion
                0x00000000080013e4      0x134 ./Drivers/STM32H7xx_HAL_Driver/Src/stm32h7xx_hal_adc.o
                0x00000000080013e4                HAL_ADC_PollForConversion
 .text.HAL_ADC_GetValue
                0x0000000008001518        0x6 ./Drivers/STM32H7xx_HAL_Driver/Src/stm32h7xx_hal_adc.o
                0x0000000008001518                HAL_ADC_GetValue
 *fill*         0x000000000800151e        0x2 
 .text.HAL_ADC_ConfigChannel
                0x0000000008001520      0x4dc ./Drivers/STM32H7xx_HAL_Driver/Src/stm32h7xx_hal_adc.o
                0x0000000008001520                HAL_ADC_ConfigChannel
 .text.ADC_ConversionStop
                0x00000000080019fc       0xfc ./Drivers/STM32H7xx_HAL_Driver/Src/stm32h7xx_hal_adc.o
                0x00000000080019fc                ADC_ConversionStop
 .text.ADC_Enable
                0x0000000008001af8       0xd4 ./Drivers/STM32H7xx_HAL_Driver/Src/stm32h7xx_hal_adc.o
                0x0000000008001af8                ADC_Enable
 .text.HAL_ADC_Start
                0x0000000008001bcc      0x110 ./Drivers/STM32H7xx_HAL_Driver/Src/stm32h7xx_hal_adc.o
                0x0000000008001bcc                HAL_ADC_Start
 .text.ADC_Disable
                0x0000000008001cdc       0x94 ./Drivers/STM32H7xx_HAL_Driver/Src/stm32h7xx_hal_adc.o
                0x0000000008001cdc                ADC_Disable
 .text.HAL_ADC_Stop
                0x0000000008001d70       0x44 ./Drivers/STM32H7xx_HAL_Driver/Src/stm32h7xx_hal_adc.o
                0x0000000008001d70                HAL_ADC_Stop
 .text.ADC_ConfigureBoostMode
                0x0000000008001db4      0x164 ./Drivers/STM32H7xx_HAL_Driver/Src/stm32h7xx_hal_adc.o
                0x0000000008001db4                ADC_ConfigureBoostMode
 .text.HAL_ADC_Init
                0x0000000008001f18      0x260 ./Drivers/STM32H7xx_HAL_Driver/Src/stm32h7xx_hal_adc.o
                0x0000000008001f18                HAL_ADC_Init
 .text.HAL_ADCEx_MultiModeConfigChannel
                0x0000000008002178      0x164 ./Drivers/STM32H7xx_HAL_Driver/Src/stm32h7xx_hal_adc_ex.o
                0x0000000008002178                HAL_ADCEx_MultiModeConfigChannel
 .text.HAL_NVIC_SetPriorityGrouping
                0x00000000080022dc       0x24 ./Drivers/STM32H7xx_HAL_Driver/Src/stm32h7xx_hal_cortex.o
                0x00000000080022dc                HAL_NVIC_SetPriorityGrouping
 .text.HAL_NVIC_SetPriority
                0x0000000008002300       0x64 ./Drivers/STM32H7xx_HAL_Driver/Src/stm32h7xx_hal_cortex.o
                0x0000000008002300                HAL_NVIC_SetPriority
 .text.HAL_NVIC_EnableIRQ
                0x0000000008002364       0x1c ./Drivers/STM32H7xx_HAL_Driver/Src/stm32h7xx_hal_cortex.o
                0x0000000008002364                HAL_NVIC_EnableIRQ
 .text.HAL_SYSTICK_Config
                0x0000000008002380       0x2c ./Drivers/STM32H7xx_HAL_Driver/Src/stm32h7xx_hal_cortex.o
                0x0000000008002380                HAL_SYSTICK_Config
 .text.HAL_GPIO_Init
                0x00000000080023ac      0x1ec ./Drivers/STM32H7xx_HAL_Driver/Src/stm32h7xx_hal_gpio.o
                0x00000000080023ac                HAL_GPIO_Init
 .text.HAL_GPIO_ReadPin
                0x0000000008002598        0xe ./Drivers/STM32H7xx_HAL_Driver/Src/stm32h7xx_hal_gpio.o
                0x0000000008002598                HAL_GPIO_ReadPin
 .text.HAL_GPIO_WritePin
                0x00000000080025a6        0xc ./Drivers/STM32H7xx_HAL_Driver/Src/stm32h7xx_hal_gpio.o
                0x00000000080025a6                HAL_GPIO_WritePin
 .text.HAL_GPIO_EXTI_IRQHandler
                0x00000000080025b2       0x1e ./Drivers/STM32H7xx_HAL_Driver/Src/stm32h7xx_hal_gpio.o
                0x00000000080025b2                HAL_GPIO_EXTI_IRQHandler
 .text.I2S_WaitFlagStateUntilTimeout
                0x00000000080025d0       0x50 ./Drivers/STM32H7xx_HAL_Driver/Src/stm32h7xx_hal_i2s.o
 .text.HAL_I2S_Init
                0x0000000008002620      0x178 ./Drivers/STM32H7xx_HAL_Driver/Src/stm32h7xx_hal_i2s.o
                0x0000000008002620                HAL_I2S_Init
 .text.HAL_I2S_Transmit
                0x0000000008002798      0x132 ./Drivers/STM32H7xx_HAL_Driver/Src/stm32h7xx_hal_i2s.o
                0x0000000008002798                HAL_I2S_Transmit
 *fill*         0x00000000080028ca        0x2 
 .text.HAL_PWREx_ConfigSupply
                0x00000000080028cc       0x54 ./Drivers/STM32H7xx_HAL_Driver/Src/stm32h7xx_hal_pwr_ex.o
                0x00000000080028cc                HAL_PWREx_ConfigSupply
 .text.HAL_RCC_OscConfig
                0x0000000008002920      0x674 ./Drivers/STM32H7xx_HAL_Driver/Src/stm32h7xx_hal_rcc.o
                0x0000000008002920                HAL_RCC_OscConfig
 .text.HAL_RCC_GetSysClockFreq
                0x0000000008002f94      0x1f4 ./Drivers/STM32H7xx_HAL_Driver/Src/stm32h7xx_hal_rcc.o
                0x0000000008002f94                HAL_RCC_GetSysClockFreq
 .text.HAL_RCC_ClockConfig
                0x0000000008003188      0x294 ./Drivers/STM32H7xx_HAL_Driver/Src/stm32h7xx_hal_rcc.o
                0x0000000008003188                HAL_RCC_ClockConfig
 .text.HAL_RCC_GetHCLKFreq
                0x000000000800341c       0x44 ./Drivers/STM32H7xx_HAL_Driver/Src/stm32h7xx_hal_rcc.o
                0x000000000800341c                HAL_RCC_GetHCLKFreq
 .text.RCCEx_PLL2_Config
                0x0000000008003460      0x10c ./Drivers/STM32H7xx_HAL_Driver/Src/stm32h7xx_hal_rcc_ex.o
 .text.RCCEx_PLL3_Config
                0x000000000800356c      0x10c ./Drivers/STM32H7xx_HAL_Driver/Src/stm32h7xx_hal_rcc_ex.o
 .text.HAL_RCCEx_PeriphCLKConfig
                0x0000000008003678      0x9c4 ./Drivers/STM32H7xx_HAL_Driver/Src/stm32h7xx_hal_rcc_ex.o
                0x0000000008003678                HAL_RCCEx_PeriphCLKConfig
 .text.HAL_RCCEx_GetD3PCLK1Freq
                0x000000000800403c       0x24 ./Drivers/STM32H7xx_HAL_Driver/Src/stm32h7xx_hal_rcc_ex.o
                0x000000000800403c                HAL_RCCEx_GetD3PCLK1Freq
 .text.HAL_RCCEx_GetPLL2ClockFreq
                0x0000000008004060      0x1fc ./Drivers/STM32H7xx_HAL_Driver/Src/stm32h7xx_hal_rcc_ex.o
                0x0000000008004060                HAL_RCCEx_GetPLL2ClockFreq
 .text.HAL_RCCEx_GetPLL3ClockFreq
                0x000000000800425c      0x1fc ./Drivers/STM32H7xx_HAL_Driver/Src/stm32h7xx_hal_rcc_ex.o
                0x000000000800425c                HAL_RCCEx_GetPLL3ClockFreq
 .text.HAL_RCCEx_GetPLL1ClockFreq
                0x0000000008004458      0x1fc ./Drivers/STM32H7xx_HAL_Driver/Src/stm32h7xx_hal_rcc_ex.o
                0x0000000008004458                HAL_RCCEx_GetPLL1ClockFreq
 .text.HAL_RCCEx_GetPeriphCLKFreq
                0x0000000008004654      0x614 ./Drivers/STM32H7xx_HAL_Driver/Src/stm32h7xx_hal_rcc_ex.o
                0x0000000008004654                HAL_RCCEx_GetPeriphCLKFreq
 .text.HAL_TIM_Base_Start_IT
                0x0000000008004c68       0x90 ./Drivers/STM32H7xx_HAL_Driver/Src/stm32h7xx_hal_tim.o
                0x0000000008004c68                HAL_TIM_Base_Start_IT
 .text.HAL_TIM_OC_DelayElapsedCallback
                0x0000000008004cf8        0x2 ./Drivers/STM32H7xx_HAL_Driver/Src/stm32h7xx_hal_tim.o
                0x0000000008004cf8                HAL_TIM_OC_DelayElapsedCallback
 .text.HAL_TIM_IC_CaptureCallback
                0x0000000008004cfa        0x2 ./Drivers/STM32H7xx_HAL_Driver/Src/stm32h7xx_hal_tim.o
                0x0000000008004cfa                HAL_TIM_IC_CaptureCallback
 .text.HAL_TIM_PWM_PulseFinishedCallback
                0x0000000008004cfc        0x2 ./Drivers/STM32H7xx_HAL_Driver/Src/stm32h7xx_hal_tim.o
                0x0000000008004cfc                HAL_TIM_PWM_PulseFinishedCallback
 .text.HAL_TIM_TriggerCallback
                0x0000000008004cfe        0x2 ./Drivers/STM32H7xx_HAL_Driver/Src/stm32h7xx_hal_tim.o
                0x0000000008004cfe                HAL_TIM_TriggerCallback
 .text.HAL_TIM_IRQHandler
                0x0000000008004d00      0x19a ./Drivers/STM32H7xx_HAL_Driver/Src/stm32h7xx_hal_tim.o
                0x0000000008004d00                HAL_TIM_IRQHandler
 *fill*         0x0000000008004e9a        0x2 
 .text.TIM_Base_SetConfig
                0x0000000008004e9c      0x100 ./Drivers/STM32H7xx_HAL_Driver/Src/stm32h7xx_hal_tim.o
                0x0000000008004e9c                TIM_Base_SetConfig
 .text.HAL_TIM_Base_Init
                0x0000000008004f9c       0x60 ./Drivers/STM32H7xx_HAL_Driver/Src/stm32h7xx_hal_tim.o
                0x0000000008004f9c                HAL_TIM_Base_Init
 .text.HAL_TIMEx_CommutCallback
                0x0000000008004ffc        0x2 ./Drivers/STM32H7xx_HAL_Driver/Src/stm32h7xx_hal_tim_ex.o
                0x0000000008004ffc                HAL_TIMEx_CommutCallback
 .text.HAL_TIMEx_BreakCallback
                0x0000000008004ffe        0x2 ./Drivers/STM32H7xx_HAL_Driver/Src/stm32h7xx_hal_tim_ex.o
                0x0000000008004ffe                HAL_TIMEx_BreakCallback
 .text.HAL_TIMEx_Break2Callback
                0x0000000008005000        0x2 ./Drivers/STM32H7xx_HAL_Driver/Src/stm32h7xx_hal_tim_ex.o
                0x0000000008005000                HAL_TIMEx_Break2Callback
 *fill*         0x0000000008005002        0x2 
 .text.__libc_init_array
                0x0000000008005004       0x48 c:/st/stm32cubeide_1.8.0/stm32cubeide/plugins/com.st.stm32cube.ide.mcu.externaltools.gnu-tools-for-stm32.9-2020-q2-update.win32_2.0.0.202105311346/tools/bin/../lib/gcc/arm-none-eabi/9.3.1/../../../../arm-none-eabi/lib/thumb/v7e-m+dp/hard\libc_nano.a(lib_a-init.o)
                0x0000000008005004                __libc_init_array
 .text.memcpy   0x000000000800504c       0x1c c:/st/stm32cubeide_1.8.0/stm32cubeide/plugins/com.st.stm32cube.ide.mcu.externaltools.gnu-tools-for-stm32.9-2020-q2-update.win32_2.0.0.202105311346/tools/bin/../lib/gcc/arm-none-eabi/9.3.1/../../../../arm-none-eabi/lib/thumb/v7e-m+dp/hard\libc_nano.a(lib_a-memcpy-stub.o)
                0x000000000800504c                memcpy
 .text.memset   0x0000000008005068       0x10 c:/st/stm32cubeide_1.8.0/stm32cubeide/plugins/com.st.stm32cube.ide.mcu.externaltools.gnu-tools-for-stm32.9-2020-q2-update.win32_2.0.0.202105311346/tools/bin/../lib/gcc/arm-none-eabi/9.3.1/../../../../arm-none-eabi/lib/thumb/v7e-m+dp/hard\libc_nano.a(lib_a-memset.o)
                0x0000000008005068                memset
 *(.glue_7)
 .glue_7        0x0000000008005078        0x0 linker stubs
 *(.glue_7t)
 .glue_7t       0x0000000008005078        0x0 linker stubs
 *(.eh_frame)
 .eh_frame      0x0000000008005078        0x0 c:/st/stm32cubeide_1.8.0/stm32cubeide/plugins/com.st.stm32cube.ide.mcu.externaltools.gnu-tools-for-stm32.9-2020-q2-update.win32_2.0.0.202105311346/tools/bin/../lib/gcc/arm-none-eabi/9.3.1/thumb/v7e-m+dp/hard/crtbegin.o
 *(.init)
 .init          0x0000000008005078        0x4 c:/st/stm32cubeide_1.8.0/stm32cubeide/plugins/com.st.stm32cube.ide.mcu.externaltools.gnu-tools-for-stm32.9-2020-q2-update.win32_2.0.0.202105311346/tools/bin/../lib/gcc/arm-none-eabi/9.3.1/thumb/v7e-m+dp/hard/crti.o
                0x0000000008005078                _init
 .init          0x000000000800507c        0x8 c:/st/stm32cubeide_1.8.0/stm32cubeide/plugins/com.st.stm32cube.ide.mcu.externaltools.gnu-tools-for-stm32.9-2020-q2-update.win32_2.0.0.202105311346/tools/bin/../lib/gcc/arm-none-eabi/9.3.1/thumb/v7e-m+dp/hard/crtn.o
 *(.fini)
 .fini          0x0000000008005084        0x4 c:/st/stm32cubeide_1.8.0/stm32cubeide/plugins/com.st.stm32cube.ide.mcu.externaltools.gnu-tools-for-stm32.9-2020-q2-update.win32_2.0.0.202105311346/tools/bin/../lib/gcc/arm-none-eabi/9.3.1/thumb/v7e-m+dp/hard/crti.o
                0x0000000008005084                _fini
 .fini          0x0000000008005088        0x8 c:/st/stm32cubeide_1.8.0/stm32cubeide/plugins/com.st.stm32cube.ide.mcu.externaltools.gnu-tools-for-stm32.9-2020-q2-update.win32_2.0.0.202105311346/tools/bin/../lib/gcc/arm-none-eabi/9.3.1/thumb/v7e-m+dp/hard/crtn.o
                0x0000000008005090                . = ALIGN (0x4)
                0x0000000008005090                _etext = .

.vfp11_veneer   0x0000000008005090        0x0
 .vfp11_veneer  0x0000000008005090        0x0 linker stubs

.v4_bx          0x0000000008005090        0x0
 .v4_bx         0x0000000008005090        0x0 linker stubs

.iplt           0x0000000008005090        0x0
 .iplt          0x0000000008005090        0x0 c:/st/stm32cubeide_1.8.0/stm32cubeide/plugins/com.st.stm32cube.ide.mcu.externaltools.gnu-tools-for-stm32.9-2020-q2-update.win32_2.0.0.202105311346/tools/bin/../lib/gcc/arm-none-eabi/9.3.1/thumb/v7e-m+dp/hard/crtbegin.o

.rodata         0x0000000008005090       0x2c
                0x0000000008005090                . = ALIGN (0x4)
 *(.rodata)
 *(.rodata*)
 .rodata.refresh.str1.4
                0x0000000008005090       0x11 ./Core/Src/custom.o
 *fill*         0x00000000080050a1        0x3 
 .rodata.max    0x00000000080050a4        0x6 ./Core/Src/custom.o
 *fill*         0x00000000080050aa        0x2 
 .rodata.D1CorePrescTable
                0x00000000080050ac       0x10 ./Core/Src/system_stm32h7xx.o
                0x00000000080050ac                D1CorePrescTable
                0x00000000080050bc                . = ALIGN (0x4)

.rel.dyn        0x00000000080050bc        0x0
 .rel.iplt      0x00000000080050bc        0x0 c:/st/stm32cubeide_1.8.0/stm32cubeide/plugins/com.st.stm32cube.ide.mcu.externaltools.gnu-tools-for-stm32.9-2020-q2-update.win32_2.0.0.202105311346/tools/bin/../lib/gcc/arm-none-eabi/9.3.1/thumb/v7e-m+dp/hard/crtbegin.o

.ARM.extab
 *(.ARM.extab* .gnu.linkonce.armextab.*)

.ARM            0x00000000080050bc        0x0
                0x00000000080050bc                __exidx_start = .
 *(.ARM.exidx*)
                0x00000000080050bc                __exidx_end = .

.preinit_array  0x00000000080050bc        0x0
                0x00000000080050bc                PROVIDE (__preinit_array_start = .)
 *(.preinit_array*)
                0x00000000080050bc                PROVIDE (__preinit_array_end = .)

.init_array     0x00000000080050bc        0x4
                0x00000000080050bc                PROVIDE (__init_array_start = .)
 *(SORT_BY_NAME(.init_array.*))
 *(.init_array*)
 .init_array    0x00000000080050bc        0x4 c:/st/stm32cubeide_1.8.0/stm32cubeide/plugins/com.st.stm32cube.ide.mcu.externaltools.gnu-tools-for-stm32.9-2020-q2-update.win32_2.0.0.202105311346/tools/bin/../lib/gcc/arm-none-eabi/9.3.1/thumb/v7e-m+dp/hard/crtbegin.o
                0x00000000080050c0                PROVIDE (__init_array_end = .)

.fini_array     0x00000000080050c0        0x4
                [!provide]                        PROVIDE (__fini_array_start = .)
 *(SORT_BY_NAME(.fini_array.*))
 *(.fini_array*)
 .fini_array    0x00000000080050c0        0x4 c:/st/stm32cubeide_1.8.0/stm32cubeide/plugins/com.st.stm32cube.ide.mcu.externaltools.gnu-tools-for-stm32.9-2020-q2-update.win32_2.0.0.202105311346/tools/bin/../lib/gcc/arm-none-eabi/9.3.1/thumb/v7e-m+dp/hard/crtbegin.o
                [!provide]                        PROVIDE (__fini_array_end = .)
                0x00000000080050c4                _sidata = LOADADDR (.data)

.data           0x0000000024000000     0x40d8 load address 0x00000000080050c4
                0x0000000024000000                . = ALIGN (0x4)
                0x0000000024000000                _sdata = .
 *(.data)
 *(.data*)
 .data.LUTsaw   0x0000000024000000      0xfa0 ./Core/Src/LUTs.o
                0x0000000024000000                LUTsaw
 .data.LUTsine  0x0000000024000fa0      0xfa0 ./Core/Src/LUTs.o
                0x0000000024000fa0                LUTsine
 .data.LUTsquare
                0x0000000024001f40      0xfa0 ./Core/Src/LUTs.o
                0x0000000024001f40                LUTsquare
 .data.LUTtri   0x0000000024002ee0      0xfa0 ./Core/Src/LUTs.o
                0x0000000024002ee0                LUTtri
 .data.menu     0x0000000024003e80       0x80 ./Core/Src/LUTs.o
                0x0000000024003e80                menu
 .data.octave_menu
                0x0000000024003f00       0x24 ./Core/Src/LUTs.o
                0x0000000024003f00                octave_menu
 .data.tone     0x0000000024003f24      0x180 ./Core/Src/LUTs.o
                0x0000000024003f24                tone
 .data.wave_menu
                0x00000000240040a4       0x24 ./Core/Src/LUTs.o
                0x00000000240040a4                wave_menu
 .data.SystemCoreClock
                0x00000000240040c8        0x4 ./Core/Src/system_stm32h7xx.o
                0x00000000240040c8                SystemCoreClock
 .data.SystemD2Clock
                0x00000000240040cc        0x4 ./Core/Src/system_stm32h7xx.o
                0x00000000240040cc                SystemD2Clock
 .data.uwTickFreq
                0x00000000240040d0        0x1 ./Drivers/STM32H7xx_HAL_Driver/Src/stm32h7xx_hal.o
                0x00000000240040d0                uwTickFreq
 *fill*         0x00000000240040d1        0x3 
 .data.uwTickPrio
                0x00000000240040d4        0x4 ./Drivers/STM32H7xx_HAL_Driver/Src/stm32h7xx_hal.o
                0x00000000240040d4                uwTickPrio
 *(.RamFunc)
 *(.RamFunc*)
                0x00000000240040d8                . = ALIGN (0x4)
                0x00000000240040d8                _edata = .

.igot.plt       0x00000000240040d8        0x0 load address 0x000000000800919c
 .igot.plt      0x00000000240040d8        0x0 c:/st/stm32cubeide_1.8.0/stm32cubeide/plugins/com.st.stm32cube.ide.mcu.externaltools.gnu-tools-for-stm32.9-2020-q2-update.win32_2.0.0.202105311346/tools/bin/../lib/gcc/arm-none-eabi/9.3.1/thumb/v7e-m+dp/hard/crtbegin.o
                0x00000000240040d8                . = ALIGN (0x4)

.bss            0x00000000240040d8      0x1fc load address 0x000000000800919c
                0x00000000240040d8                _sbss = .
                0x00000000240040d8                __bss_start__ = _sbss
 *(.bss)
 .bss           0x00000000240040d8       0x1c c:/st/stm32cubeide_1.8.0/stm32cubeide/plugins/com.st.stm32cube.ide.mcu.externaltools.gnu-tools-for-stm32.9-2020-q2-update.win32_2.0.0.202105311346/tools/bin/../lib/gcc/arm-none-eabi/9.3.1/thumb/v7e-m+dp/hard/crtbegin.o
 *(.bss*)
 .bss.adc_old   0x00000000240040f4        0x2 ./Core/Src/custom.o
 *fill*         0x00000000240040f6        0x2 
 .bss.counter1  0x00000000240040f8        0x4 ./Core/Src/custom.o
 .bss.counter2  0x00000000240040fc        0x4 ./Core/Src/custom.o
 .bss.hadc1     0x0000000024004100       0x64 ./Core/Src/custom.o
 .bss.hi2s1     0x0000000024004164       0x54 ./Core/Src/custom.o
 .bss.increment1
                0x00000000240041b8        0x4 ./Core/Src/custom.o
 .bss.increment2
                0x00000000240041bc        0x4 ./Core/Src/custom.o
 .bss.menu_option
                0x00000000240041c0        0x1 ./Core/Src/custom.o
 *fill*         0x00000000240041c1        0x3 
 .bss.sound_config
                0x00000000240041c4        0x8 ./Core/Src/custom.o
 *(COMMON)
 COMMON         0x00000000240041cc       0x64 ./Core/Src/adc.o
                0x00000000240041cc                hadc1
 COMMON         0x0000000024004230       0x54 ./Core/Src/i2s.o
                0x0000000024004230                hi2s1
 COMMON         0x0000000024004284       0x4c ./Core/Src/tim.o
                0x0000000024004284                htim16
 COMMON         0x00000000240042d0        0x4 ./Drivers/STM32H7xx_HAL_Driver/Src/stm32h7xx_hal.o
                0x00000000240042d0                uwTick
                0x00000000240042d4                . = ALIGN (0x4)
                0x00000000240042d4                _ebss = .
                0x00000000240042d4                __bss_end__ = _ebss

._user_heap_stack
                0x00000000240042d4      0x604 load address 0x000000000800919c
                0x00000000240042d8                . = ALIGN (0x8)
 *fill*         0x00000000240042d4        0x4 
                [!provide]                        PROVIDE (end = .)
                0x00000000240042d8                PROVIDE (_end = .)
                0x00000000240044d8                . = (. + _Min_Heap_Size)
 *fill*         0x00000000240042d8      0x200 
                0x00000000240048d8                . = (. + _Min_Stack_Size)
 *fill*         0x00000000240044d8      0x400 
                0x00000000240048d8                . = ALIGN (0x8)

/DISCARD/
 libc.a(*)
 libm.a(*)
 libgcc.a(*)

.ARM.attributes
                0x0000000000000000       0x2e
 *(.ARM.attributes)
 .ARM.attributes
                0x0000000000000000       0x1e c:/st/stm32cubeide_1.8.0/stm32cubeide/plugins/com.st.stm32cube.ide.mcu.externaltools.gnu-tools-for-stm32.9-2020-q2-update.win32_2.0.0.202105311346/tools/bin/../lib/gcc/arm-none-eabi/9.3.1/thumb/v7e-m+dp/hard/crti.o
 .ARM.attributes
                0x000000000000001e       0x32 c:/st/stm32cubeide_1.8.0/stm32cubeide/plugins/com.st.stm32cube.ide.mcu.externaltools.gnu-tools-for-stm32.9-2020-q2-update.win32_2.0.0.202105311346/tools/bin/../lib/gcc/arm-none-eabi/9.3.1/thumb/v7e-m+dp/hard/crtbegin.o
 .ARM.attributes
                0x0000000000000050       0x37 ./Core/Src/LUTs.o
 .ARM.attributes
                0x0000000000000087       0x32 ./Core/Src/adc.o
 .ARM.attributes
                0x00000000000000b9       0x32 ./Core/Src/custom.o
 .ARM.attributes
                0x00000000000000eb       0x32 ./Core/Src/gpio.o
 .ARM.attributes
                0x000000000000011d       0x32 ./Core/Src/i2s.o
 .ARM.attributes
                0x000000000000014f       0x32 ./Core/Src/main.o
 .ARM.attributes
                0x0000000000000181       0x32 ./Core/Src/stm32h7xx_hal_msp.o
 .ARM.attributes
                0x00000000000001b3       0x32 ./Core/Src/stm32h7xx_it.o
 .ARM.attributes
                0x00000000000001e5       0x32 ./Core/Src/system_stm32h7xx.o
 .ARM.attributes
                0x0000000000000217       0x32 ./Core/Src/tim.o
 .ARM.attributes
                0x0000000000000249       0x21 ./Core/Startup/startup_stm32h743vitx.o
 .ARM.attributes
                0x000000000000026a       0x32 ./Drivers/STM32H7xx_HAL_Driver/Src/stm32h7xx_hal.o
 .ARM.attributes
                0x000000000000029c       0x32 ./Drivers/STM32H7xx_HAL_Driver/Src/stm32h7xx_hal_adc.o
 .ARM.attributes
                0x00000000000002ce       0x32 ./Drivers/STM32H7xx_HAL_Driver/Src/stm32h7xx_hal_adc_ex.o
 .ARM.attributes
                0x0000000000000300       0x32 ./Drivers/STM32H7xx_HAL_Driver/Src/stm32h7xx_hal_cortex.o
 .ARM.attributes
                0x0000000000000332       0x32 ./Drivers/STM32H7xx_HAL_Driver/Src/stm32h7xx_hal_gpio.o
 .ARM.attributes
                0x0000000000000364       0x32 ./Drivers/STM32H7xx_HAL_Driver/Src/stm32h7xx_hal_i2s.o
 .ARM.attributes
                0x0000000000000396       0x32 ./Drivers/STM32H7xx_HAL_Driver/Src/stm32h7xx_hal_pwr_ex.o
 .ARM.attributes
                0x00000000000003c8       0x32 ./Drivers/STM32H7xx_HAL_Driver/Src/stm32h7xx_hal_rcc.o
 .ARM.attributes
                0x00000000000003fa       0x32 ./Drivers/STM32H7xx_HAL_Driver/Src/stm32h7xx_hal_rcc_ex.o
 .ARM.attributes
                0x000000000000042c       0x32 ./Drivers/STM32H7xx_HAL_Driver/Src/stm32h7xx_hal_tim.o
 .ARM.attributes
                0x000000000000045e       0x32 ./Drivers/STM32H7xx_HAL_Driver/Src/stm32h7xx_hal_tim_ex.o
 .ARM.attributes
                0x0000000000000490       0x32 c:/st/stm32cubeide_1.8.0/stm32cubeide/plugins/com.st.stm32cube.ide.mcu.externaltools.gnu-tools-for-stm32.9-2020-q2-update.win32_2.0.0.202105311346/tools/bin/../lib/gcc/arm-none-eabi/9.3.1/../../../../arm-none-eabi/lib/thumb/v7e-m+dp/hard\libc_nano.a(lib_a-init.o)
 .ARM.attributes
                0x00000000000004c2       0x32 c:/st/stm32cubeide_1.8.0/stm32cubeide/plugins/com.st.stm32cube.ide.mcu.externaltools.gnu-tools-for-stm32.9-2020-q2-update.win32_2.0.0.202105311346/tools/bin/../lib/gcc/arm-none-eabi/9.3.1/../../../../arm-none-eabi/lib/thumb/v7e-m+dp/hard\libc_nano.a(lib_a-memcpy-stub.o)
 .ARM.attributes
                0x00000000000004f4       0x32 c:/st/stm32cubeide_1.8.0/stm32cubeide/plugins/com.st.stm32cube.ide.mcu.externaltools.gnu-tools-for-stm32.9-2020-q2-update.win32_2.0.0.202105311346/tools/bin/../lib/gcc/arm-none-eabi/9.3.1/../../../../arm-none-eabi/lib/thumb/v7e-m+dp/hard\libc_nano.a(lib_a-memset.o)
 .ARM.attributes
                0x0000000000000526       0x1e c:/st/stm32cubeide_1.8.0/stm32cubeide/plugins/com.st.stm32cube.ide.mcu.externaltools.gnu-tools-for-stm32.9-2020-q2-update.win32_2.0.0.202105311346/tools/bin/../lib/gcc/arm-none-eabi/9.3.1/thumb/v7e-m+dp/hard/crtn.o
OUTPUT(FinalProject.elf elf32-littlearm)
LOAD linker stubs
LOAD c:/st/stm32cubeide_1.8.0/stm32cubeide/plugins/com.st.stm32cube.ide.mcu.externaltools.gnu-tools-for-stm32.9-2020-q2-update.win32_2.0.0.202105311346/tools/bin/../lib/gcc/arm-none-eabi/9.3.1/../../../../arm-none-eabi/lib/thumb/v7e-m+dp/hard\libc.a
LOAD c:/st/stm32cubeide_1.8.0/stm32cubeide/plugins/com.st.stm32cube.ide.mcu.externaltools.gnu-tools-for-stm32.9-2020-q2-update.win32_2.0.0.202105311346/tools/bin/../lib/gcc/arm-none-eabi/9.3.1/../../../../arm-none-eabi/lib/thumb/v7e-m+dp/hard\libm.a
LOAD c:/st/stm32cubeide_1.8.0/stm32cubeide/plugins/com.st.stm32cube.ide.mcu.externaltools.gnu-tools-for-stm32.9-2020-q2-update.win32_2.0.0.202105311346/tools/bin/../lib/gcc/arm-none-eabi/9.3.1/thumb/v7e-m+dp/hard\libgcc.a

.comment        0x0000000000000000       0x53
 .comment       0x0000000000000000       0x53 ./Core/Src/LUTs.o
                                         0x54 (size before relaxing)
 .comment       0x0000000000000053       0x54 ./Core/Src/adc.o
 .comment       0x0000000000000053       0x54 ./Core/Src/custom.o
 .comment       0x0000000000000053       0x54 ./Core/Src/gpio.o
 .comment       0x0000000000000053       0x54 ./Core/Src/i2s.o
 .comment       0x0000000000000053       0x54 ./Core/Src/main.o
 .comment       0x0000000000000053       0x54 ./Core/Src/stm32h7xx_hal_msp.o
 .comment       0x0000000000000053       0x54 ./Core/Src/stm32h7xx_it.o
 .comment       0x0000000000000053       0x54 ./Core/Src/system_stm32h7xx.o
 .comment       0x0000000000000053       0x54 ./Core/Src/tim.o
 .comment       0x0000000000000053       0x54 ./Drivers/STM32H7xx_HAL_Driver/Src/stm32h7xx_hal.o
 .comment       0x0000000000000053       0x54 ./Drivers/STM32H7xx_HAL_Driver/Src/stm32h7xx_hal_adc.o
 .comment       0x0000000000000053       0x54 ./Drivers/STM32H7xx_HAL_Driver/Src/stm32h7xx_hal_adc_ex.o
 .comment       0x0000000000000053       0x54 ./Drivers/STM32H7xx_HAL_Driver/Src/stm32h7xx_hal_cortex.o
 .comment       0x0000000000000053       0x54 ./Drivers/STM32H7xx_HAL_Driver/Src/stm32h7xx_hal_gpio.o
 .comment       0x0000000000000053       0x54 ./Drivers/STM32H7xx_HAL_Driver/Src/stm32h7xx_hal_i2s.o
 .comment       0x0000000000000053       0x54 ./Drivers/STM32H7xx_HAL_Driver/Src/stm32h7xx_hal_pwr_ex.o
 .comment       0x0000000000000053       0x54 ./Drivers/STM32H7xx_HAL_Driver/Src/stm32h7xx_hal_rcc.o
 .comment       0x0000000000000053       0x54 ./Drivers/STM32H7xx_HAL_Driver/Src/stm32h7xx_hal_rcc_ex.o
 .comment       0x0000000000000053       0x54 ./Drivers/STM32H7xx_HAL_Driver/Src/stm32h7xx_hal_tim.o
 .comment       0x0000000000000053       0x54 ./Drivers/STM32H7xx_HAL_Driver/Src/stm32h7xx_hal_tim_ex.o

.debug_frame    0x0000000000000000       0x74
 .debug_frame   0x0000000000000000       0x2c c:/st/stm32cubeide_1.8.0/stm32cubeide/plugins/com.st.stm32cube.ide.mcu.externaltools.gnu-tools-for-stm32.9-2020-q2-update.win32_2.0.0.202105311346/tools/bin/../lib/gcc/arm-none-eabi/9.3.1/../../../../arm-none-eabi/lib/thumb/v7e-m+dp/hard\libc_nano.a(lib_a-init.o)
 .debug_frame   0x000000000000002c       0x28 c:/st/stm32cubeide_1.8.0/stm32cubeide/plugins/com.st.stm32cube.ide.mcu.externaltools.gnu-tools-for-stm32.9-2020-q2-update.win32_2.0.0.202105311346/tools/bin/../lib/gcc/arm-none-eabi/9.3.1/../../../../arm-none-eabi/lib/thumb/v7e-m+dp/hard\libc_nano.a(lib_a-memcpy-stub.o)
 .debug_frame   0x0000000000000054       0x20 c:/st/stm32cubeide_1.8.0/stm32cubeide/plugins/com.st.stm32cube.ide.mcu.externaltools.gnu-tools-for-stm32.9-2020-q2-update.win32_2.0.0.202105311346/tools/bin/../lib/gcc/arm-none-eabi/9.3.1/../../../../arm-none-eabi/lib/thumb/v7e-m+dp/hard\libc_nano.a(lib_a-memset.o)
