Archive member included to satisfy reference by file (symbol)

c:/st/stm32cubeide_1.8.0/stm32cubeide/plugins/com.st.stm32cube.ide.mcu.externaltools.gnu-tools-for-stm32.9-2020-q2-update.win32_2.0.0.202105311346/tools/bin/../lib/gcc/arm-none-eabi/9.3.1/../../../../arm-none-eabi/lib/thumb/v7e-m+dp/hard\libc_nano.a(lib_a-errno.o)
                              ./Core/Src/syscalls.o (__errno)
c:/st/stm32cubeide_1.8.0/stm32cubeide/plugins/com.st.stm32cube.ide.mcu.externaltools.gnu-tools-for-stm32.9-2020-q2-update.win32_2.0.0.202105311346/tools/bin/../lib/gcc/arm-none-eabi/9.3.1/../../../../arm-none-eabi/lib/thumb/v7e-m+dp/hard\libc_nano.a(lib_a-exit.o)
                              c:/st/stm32cubeide_1.8.0/stm32cubeide/plugins/com.st.stm32cube.ide.mcu.externaltools.gnu-tools-for-stm32.9-2020-q2-update.win32_2.0.0.202105311346/tools/bin/../lib/gcc/arm-none-eabi/9.3.1/../../../../arm-none-eabi/lib/thumb/v7e-m+dp/hard/crt0.o (exit)
c:/st/stm32cubeide_1.8.0/stm32cubeide/plugins/com.st.stm32cube.ide.mcu.externaltools.gnu-tools-for-stm32.9-2020-q2-update.win32_2.0.0.202105311346/tools/bin/../lib/gcc/arm-none-eabi/9.3.1/../../../../arm-none-eabi/lib/thumb/v7e-m+dp/hard\libc_nano.a(lib_a-impure.o)
                              c:/st/stm32cubeide_1.8.0/stm32cubeide/plugins/com.st.stm32cube.ide.mcu.externaltools.gnu-tools-for-stm32.9-2020-q2-update.win32_2.0.0.202105311346/tools/bin/../lib/gcc/arm-none-eabi/9.3.1/../../../../arm-none-eabi/lib/thumb/v7e-m+dp/hard\libc_nano.a(lib_a-exit.o) (_global_impure_ptr)
c:/st/stm32cubeide_1.8.0/stm32cubeide/plugins/com.st.stm32cube.ide.mcu.externaltools.gnu-tools-for-stm32.9-2020-q2-update.win32_2.0.0.202105311346/tools/bin/../lib/gcc/arm-none-eabi/9.3.1/../../../../arm-none-eabi/lib/thumb/v7e-m+dp/hard\libc_nano.a(lib_a-init.o)
                              c:/st/stm32cubeide_1.8.0/stm32cubeide/plugins/com.st.stm32cube.ide.mcu.externaltools.gnu-tools-for-stm32.9-2020-q2-update.win32_2.0.0.202105311346/tools/bin/../lib/gcc/arm-none-eabi/9.3.1/../../../../arm-none-eabi/lib/thumb/v7e-m+dp/hard/crt0.o (__libc_init_array)
c:/st/stm32cubeide_1.8.0/stm32cubeide/plugins/com.st.stm32cube.ide.mcu.externaltools.gnu-tools-for-stm32.9-2020-q2-update.win32_2.0.0.202105311346/tools/bin/../lib/gcc/arm-none-eabi/9.3.1/../../../../arm-none-eabi/lib/thumb/v7e-m+dp/hard\libc_nano.a(lib_a-memcpy-stub.o)
                              ./Core/Src/custom.o (memcpy)
c:/st/stm32cubeide_1.8.0/stm32cubeide/plugins/com.st.stm32cube.ide.mcu.externaltools.gnu-tools-for-stm32.9-2020-q2-update.win32_2.0.0.202105311346/tools/bin/../lib/gcc/arm-none-eabi/9.3.1/../../../../arm-none-eabi/lib/thumb/v7e-m+dp/hard\libc_nano.a(lib_a-memset.o)
                              c:/st/stm32cubeide_1.8.0/stm32cubeide/plugins/com.st.stm32cube.ide.mcu.externaltools.gnu-tools-for-stm32.9-2020-q2-update.win32_2.0.0.202105311346/tools/bin/../lib/gcc/arm-none-eabi/9.3.1/../../../../arm-none-eabi/lib/thumb/v7e-m+dp/hard/crt0.o (memset)

Allocating common symbols
Common symbol       size              file

uwTick              0x4               ./Drivers/STM32H7xx_HAL_Driver/Src/stm32h7xx_hal.o
pFlash              0x1c              ./Drivers/STM32H7xx_HAL_Driver/Src/stm32h7xx_hal_flash.o
hadc1               0x64              ./Core/Src/adc.o
hi2s1               0x54              ./Core/Src/i2s.o
htim16              0x4c              ./Core/Src/tim.o

Discarded input sections

 .text          0x0000000000000000        0x0 c:/st/stm32cubeide_1.8.0/stm32cubeide/plugins/com.st.stm32cube.ide.mcu.externaltools.gnu-tools-for-stm32.9-2020-q2-update.win32_2.0.0.202105311346/tools/bin/../lib/gcc/arm-none-eabi/9.3.1/thumb/v7e-m+dp/hard/crti.o
 .data          0x0000000000000000        0x0 c:/st/stm32cubeide_1.8.0/stm32cubeide/plugins/com.st.stm32cube.ide.mcu.externaltools.gnu-tools-for-stm32.9-2020-q2-update.win32_2.0.0.202105311346/tools/bin/../lib/gcc/arm-none-eabi/9.3.1/thumb/v7e-m+dp/hard/crti.o
 .bss           0x0000000000000000        0x0 c:/st/stm32cubeide_1.8.0/stm32cubeide/plugins/com.st.stm32cube.ide.mcu.externaltools.gnu-tools-for-stm32.9-2020-q2-update.win32_2.0.0.202105311346/tools/bin/../lib/gcc/arm-none-eabi/9.3.1/thumb/v7e-m+dp/hard/crti.o
 .data          0x0000000000000000        0x4 c:/st/stm32cubeide_1.8.0/stm32cubeide/plugins/com.st.stm32cube.ide.mcu.externaltools.gnu-tools-for-stm32.9-2020-q2-update.win32_2.0.0.202105311346/tools/bin/../lib/gcc/arm-none-eabi/9.3.1/thumb/v7e-m+dp/hard/crtbegin.o
 .text          0x0000000000000000       0x7c c:/st/stm32cubeide_1.8.0/stm32cubeide/plugins/com.st.stm32cube.ide.mcu.externaltools.gnu-tools-for-stm32.9-2020-q2-update.win32_2.0.0.202105311346/tools/bin/../lib/gcc/arm-none-eabi/9.3.1/../../../../arm-none-eabi/lib/thumb/v7e-m+dp/hard/crt0.o
[...]
Memory Configuration

Name             Origin             Length             Attributes
FLASH            0x0000000008000000 0x0000000000200000 xr
DTCMRAM          0x0000000020000000 0x0000000000020000 xrw
RAM_D1           0x0000000024000000 0x0000000000080000 xrw
RAM_D2           0x0000000030000000 0x0000000000048000 xrw
RAM_D3           0x0000000038000000 0x0000000000010000 xrw
ITCMRAM          0x0000000000000000 0x0000000000010000 xrw
*default*        0x0000000000000000 0xffffffffffffffff

Linker script and memory map

LOAD c:/st/stm32cubeide_1.8.0/stm32cubeide/plugins/com.st.stm32cube.ide.mcu.externaltools.gnu-tools-for-stm32.9-2020-q2-update.win32_2.0.0.202105311346/tools/bin/../lib/gcc/arm-none-eabi/9.3.1/thumb/v7e-m+dp/hard/crti.o
LOAD c:/st/stm32cubeide_1.8.0/stm32cubeide/plugins/com.st.stm32cube.ide.mcu.externaltools.gnu-tools-for-stm32.9-2020-q2-update.win32_2.0.0.202105311346/tools/bin/../lib/gcc/arm-none-eabi/9.3.1/thumb/v7e-m+dp/hard/crtbegin.o
LOAD c:/st/stm32cubeide_1.8.0/stm32cubeide/plugins/com.st.stm32cube.ide.mcu.externaltools.gnu-tools-for-stm32.9-2020-q2-update.win32_2.0.0.202105311346/tools/bin/../lib/gcc/arm-none-eabi/9.3.1/../../../../arm-none-eabi/lib/thumb/v7e-m+dp/hard/crt0.o
LOAD ./Core/Src/LUTs.o
LOAD ./Core/Src/adc.o
LOAD ./Core/Src/custom.o
LOAD ./Core/Src/gpio.o
LOAD ./Core/Src/i2s.o
LOAD ./Core/Src/main.o
LOAD ./Core/Src/stm32h7xx_hal_msp.o
LOAD ./Core/Src/stm32h7xx_it.o
LOAD ./Core/Src/syscalls.o
LOAD ./Core/Src/sysmem.o
LOAD ./Core/Src/system_stm32h7xx.o
LOAD ./Core/Src/tim.o
LOAD ./Core/Startup/startup_stm32h743vitx.o
LOAD ./Drivers/STM32H7xx_HAL_Driver/Src/stm32h7xx_hal.o
LOAD ./Drivers/STM32H7xx_HAL_Driver/Src/stm32h7xx_hal_adc.o
LOAD ./Drivers/STM32H7xx_HAL_Driver/Src/stm32h7xx_hal_adc_ex.o
LOAD ./Drivers/STM32H7xx_HAL_Driver/Src/stm32h7xx_hal_cortex.o
LOAD ./Drivers/STM32H7xx_HAL_Driver/Src/stm32h7xx_hal_dma.o
LOAD ./Drivers/STM32H7xx_HAL_Driver/Src/stm32h7xx_hal_dma_ex.o
LOAD ./Drivers/STM32H7xx_HAL_Driver/Src/stm32h7xx_hal_exti.o
LOAD ./Drivers/STM32H7xx_HAL_Driver/Src/stm32h7xx_hal_flash.o
LOAD ./Drivers/STM32H7xx_HAL_Driver/Src/stm32h7xx_hal_flash_ex.o
LOAD ./Drivers/STM32H7xx_HAL_Driver/Src/stm32h7xx_hal_gpio.o
LOAD ./Drivers/STM32H7xx_HAL_Driver/Src/stm32h7xx_hal_hsem.o
LOAD ./Drivers/STM32H7xx_HAL_Driver/Src/stm32h7xx_hal_i2c.o
LOAD ./Drivers/STM32H7xx_HAL_Driver/Src/stm32h7xx_hal_i2c_ex.o
LOAD ./Drivers/STM32H7xx_HAL_Driver/Src/stm32h7xx_hal_i2s.o
LOAD ./Drivers/STM32H7xx_HAL_Driver/Src/stm32h7xx_hal_i2s_ex.o
LOAD ./Drivers/STM32H7xx_HAL_Driver/Src/stm32h7xx_hal_mdma.o
LOAD ./Drivers/STM32H7xx_HAL_Driver/Src/stm32h7xx_hal_pwr.o
LOAD ./Drivers/STM32H7xx_HAL_Driver/Src/stm32h7xx_hal_pwr_ex.o
LOAD ./Drivers/STM32H7xx_HAL_Driver/Src/stm32h7xx_hal_rcc.o
LOAD ./Drivers/STM32H7xx_HAL_Driver/Src/stm32h7xx_hal_rcc_ex.o
LOAD ./Drivers/STM32H7xx_HAL_Driver/Src/stm32h7xx_hal_tim.o
LOAD ./Drivers/STM32H7xx_HAL_Driver/Src/stm32h7xx_hal_tim_ex.o
START GROUP
LOAD c:/st/stm32cubeide_1.8.0/stm32cubeide/plugins/com.st.stm32cube.ide.mcu.externaltools.gnu-tools-for-stm32.9-2020-q2-update.win32_2.0.0.202105311346/tools/bin/../lib/gcc/arm-none-eabi/9.3.1/../../../../arm-none-eabi/lib/thumb/v7e-m+dp/hard\libc_nano.a
LOAD c:/st/stm32cubeide_1.8.0/stm32cubeide/plugins/com.st.stm32cube.ide.mcu.externaltools.gnu-tools-for-stm32.9-2020-q2-update.win32_2.0.0.202105311346/tools/bin/../lib/gcc/arm-none-eabi/9.3.1/../../../../arm-none-eabi/lib/thumb/v7e-m+dp/hard\libm.a
END GROUP
START GROUP
LOAD c:/st/stm32cubeide_1.8.0/stm32cubeide/plugins/com.st.stm32cube.ide.mcu.externaltools.gnu-tools-for-stm32.9-2020-q2-update.win32_2.0.0.202105311346/tools/bin/../lib/gcc/arm-none-eabi/9.3.1/thumb/v7e-m+dp/hard\libgcc.a
LOAD c:/st/stm32cubeide_1.8.0/stm32cubeide/plugins/com.st.stm32cube.ide.mcu.externaltools.gnu-tools-for-stm32.9-2020-q2-update.win32_2.0.0.202105311346/tools/bin/../lib/gcc/arm-none-eabi/9.3.1/../../../../arm-none-eabi/lib/thumb/v7e-m+dp/hard\libc_nano.a
END GROUP
START GROUP
LOAD c:/st/stm32cubeide_1.8.0/stm32cubeide/plugins/com.st.stm32cube.ide.mcu.externaltools.gnu-tools-for-stm32.9-2020-q2-update.win32_2.0.0.202105311346/tools/bin/../lib/gcc/arm-none-eabi/9.3.1/thumb/v7e-m+dp/hard\libgcc.a
LOAD c:/st/stm32cubeide_1.8.0/stm32cubeide/plugins/com.st.stm32cube.ide.mcu.externaltools.gnu-tools-for-stm32.9-2020-q2-update.win32_2.0.0.202105311346/tools/bin/../lib/gcc/arm-none-eabi/9.3.1/../../../../arm-none-eabi/lib/thumb/v7e-m+dp/hard\libc_nano.a
LOAD c:/st/stm32cubeide_1.8.0/stm32cubeide/plugins/com.st.stm32cube.ide.mcu.externaltools.gnu-tools-for-stm32.9-2020-q2-update.win32_2.0.0.202105311346/tools/bin/../lib/gcc/arm-none-eabi/9.3.1/../../../../arm-none-eabi/lib/thumb/v7e-m+dp/hard\libnosys.a
END GROUP
START GROUP
LOAD c:/st/stm32cubeide_1.8.0/stm32cubeide/plugins/com.st.stm32cube.ide.mcu.externaltools.gnu-tools-for-stm32.9-2020-q2-update.win32_2.0.0.202105311346/tools/bin/../lib/gcc/arm-none-eabi/9.3.1/thumb/v7e-m+dp/hard\libgcc.a
LOAD c:/st/stm32cubeide_1.8.0/stm32cubeide/plugins/com.st.stm32cube.ide.mcu.externaltools.gnu-tools-for-stm32.9-2020-q2-update.win32_2.0.0.202105311346/tools/bin/../lib/gcc/arm-none-eabi/9.3.1/../../../../arm-none-eabi/lib/thumb/v7e-m+dp/hard\libc_nano.a
LOAD c:/st/stm32cubeide_1.8.0/stm32cubeide/plugins/com.st.stm32cube.ide.mcu.externaltools.gnu-tools-for-stm32.9-2020-q2-update.win32_2.0.0.202105311346/tools/bin/../lib/gcc/arm-none-eabi/9.3.1/../../../../arm-none-eabi/lib/thumb/v7e-m+dp/hard\libnosys.a
END GROUP
LOAD c:/st/stm32cubeide_1.8.0/stm32cubeide/plugins/com.st.stm32cube.ide.mcu.externaltools.gnu-tools-for-stm32.9-2020-q2-update.win32_2.0.0.202105311346/tools/bin/../lib/gcc/arm-none-eabi/9.3.1/thumb/v7e-m+dp/hard/crtend.o
LOAD c:/st/stm32cubeide_1.8.0/stm32cubeide/plugins/com.st.stm32cube.ide.mcu.externaltools.gnu-tools-for-stm32.9-2020-q2-update.win32_2.0.0.202105311346/tools/bin/../lib/gcc/arm-none-eabi/9.3.1/thumb/v7e-m+dp/hard/crtn.o
                0x0000000024080000                _estack = (ORIGIN (RAM_D1) + LENGTH (RAM_D1))
                0x0000000000000200                _Min_Heap_Size = 0x200
                0x0000000000000400                _Min_Stack_Size = 0x400

.isr_vector     0x0000000008000000      0x298
                0x0000000008000000                . = ALIGN (0x4)
 *(.isr_vector)
 .isr_vector    0x0000000008000000      0x298 ./Core/Startup/startup_stm32h743vitx.o
                0x0000000008000000                g_pfnVectors
                0x0000000008000298                . = ALIGN (0x4)

.text           0x0000000008000298     0x78a0
                0x0000000008000298                . = ALIGN (0x4)
 *(.text)
 .text          0x0000000008000298       0x40 c:/st/stm32cubeide_1.8.0/stm32cubeide/plugins/com.st.stm32cube.ide.mcu.externaltools.gnu-tools-for-stm32.9-2020-q2-update.win32_2.0.0.202105311346/tools/bin/../lib/gcc/arm-none-eabi/9.3.1/thumb/v7e-m+dp/hard/crtbegin.o
 *(.text*)
 .text.MX_ADC1_Init
                0x00000000080002d8       0xf0 ./Core/Src/adc.o
                0x00000000080002d8                MX_ADC1_Init
 .text.HAL_ADC_MspInit
                0x00000000080003c8       0xe0 ./Core/Src/adc.o
                0x00000000080003c8                HAL_ADC_MspInit
 .text.lcd_e    0x00000000080004a8       0x34 ./Core/Src/custom.o
 .text.lcd_rs   0x00000000080004dc       0x34 ./Core/Src/custom.o
 .text.lcd_data
                0x0000000008000510      0x114 ./Core/Src/custom.o
 .text.lcd_clear
                0x0000000008000624       0x28 ./Core/Src/custom.o
 .text.lcd_enable
                0x000000000800064c       0x2c ./Core/Src/custom.o
 .text.lcd_config
                0x0000000008000678       0x28 ./Core/Src/custom.o
 .text.lcd_write
                0x00000000080006a0       0x28 ./Core/Src/custom.o
 .text.lcd_pos  0x00000000080006c8       0x36 ./Core/Src/custom.o
 .text.lcd_flush
                0x00000000080006fe       0x22 ./Core/Src/custom.o
 .text.lcd_init
                0x0000000008000720       0x26 ./Core/Src/custom.o
 *fill*         0x0000000008000746        0x2 
 .text.lcd_number
                0x0000000008000748       0xb8 ./Core/Src/custom.o
 .text.lcd_string
                0x0000000008000800       0x4a ./Core/Src/custom.o
 .text.delay    0x000000000800084a       0x16 ./Core/Src/custom.o
 .text.adc      0x0000000008000860       0x78 ./Core/Src/custom.o
 .text.i2s      0x00000000080008d8       0x34 ./Core/Src/custom.o
 .text.button_check
                0x000000000800090c       0x88 ./Core/Src/custom.o
 .text.refresh  0x0000000008000994      0x138 ./Core/Src/custom.o
 .text.add_voice
                0x0000000008000acc       0x70 ./Core/Src/custom.o
 .text.remove_voice
                0x0000000008000b3c       0x64 ./Core/Src/custom.o
 .text.customButtonInterrupt
                0x0000000008000ba0       0x40 ./Core/Src/custom.o
                0x0000000008000ba0                customButtonInterrupt
 .text.customTimerInterrupt
                0x0000000008000be0      0x318 ./Core/Src/custom.o
                0x0000000008000be0                customTimerInterrupt
 .text.customSetup
                0x0000000008000ef8       0xd8 ./Core/Src/custom.o
                0x0000000008000ef8                customSetup
 .text.customLoop
                0x0000000008000fd0      0x5bc ./Core/Src/custom.o
                0x0000000008000fd0                customLoop
 .text.MX_GPIO_Init
                0x000000000800158c      0x1a8 ./Core/Src/gpio.o
                0x000000000800158c                MX_GPIO_Init
 .text.HAL_GPIO_EXTI_Callback
                0x0000000008001734       0x1c ./Core/Src/gpio.o
                0x0000000008001734                HAL_GPIO_EXTI_Callback
 .text.MX_I2S1_Init
                0x0000000008001750       0x64 ./Core/Src/i2s.o
                0x0000000008001750                MX_I2S1_Init
 .text.HAL_I2S_MspInit
                0x00000000080017b4       0xc8 ./Core/Src/i2s.o
                0x00000000080017b4                HAL_I2S_MspInit
 .text.main     0x000000000800187c       0x5c ./Core/Src/main.o
                0x000000000800187c                main
 .text.SystemClock_Config
                0x00000000080018d8      0x10c ./Core/Src/main.o
                0x00000000080018d8                SystemClock_Config
 .text.HAL_TIM_PeriodElapsedCallback
                0x00000000080019e4       0x20 ./Core/Src/main.o
                0x00000000080019e4                HAL_TIM_PeriodElapsedCallback
 .text.Error_Handler
                0x0000000008001a04        0xa ./Core/Src/main.o
                0x0000000008001a04                Error_Handler
 *fill*         0x0000000008001a0e        0x2 
 .text.HAL_MspInit
                0x0000000008001a10       0x34 ./Core/Src/stm32h7xx_hal_msp.o
                0x0000000008001a10                HAL_MspInit
 .text.NMI_Handler
                0x0000000008001a44        0x6 ./Core/Src/stm32h7xx_it.o
                0x0000000008001a44                NMI_Handler
 .text.HardFault_Handler
                0x0000000008001a4a        0x6 ./Core/Src/stm32h7xx_it.o
                0x0000000008001a4a                HardFault_Handler
 .text.MemManage_Handler
                0x0000000008001a50        0x6 ./Core/Src/stm32h7xx_it.o
                0x0000000008001a50                MemManage_Handler
 .text.BusFault_Handler
                0x0000000008001a56        0x6 ./Core/Src/stm32h7xx_it.o
                0x0000000008001a56                BusFault_Handler
 .text.UsageFault_Handler
                0x0000000008001a5c        0x6 ./Core/Src/stm32h7xx_it.o
                0x0000000008001a5c                UsageFault_Handler
 .text.SVC_Handler
                0x0000000008001a62        0xe ./Core/Src/stm32h7xx_it.o
                0x0000000008001a62                SVC_Handler
 .text.DebugMon_Handler
                0x0000000008001a70        0xe ./Core/Src/stm32h7xx_it.o
                0x0000000008001a70                DebugMon_Handler
 .text.PendSV_Handler
                0x0000000008001a7e        0xe ./Core/Src/stm32h7xx_it.o
                0x0000000008001a7e                PendSV_Handler
 .text.SysTick_Handler
                0x0000000008001a8c        0xc ./Core/Src/stm32h7xx_it.o
                0x0000000008001a8c                SysTick_Handler
 .text.EXTI9_5_IRQHandler
                0x0000000008001a98        0xe ./Core/Src/stm32h7xx_it.o
                0x0000000008001a98                EXTI9_5_IRQHandler
 *fill*         0x0000000008001aa6        0x2 
 .text.TIM16_IRQHandler
                0x0000000008001aa8       0x14 ./Core/Src/stm32h7xx_it.o
                0x0000000008001aa8                TIM16_IRQHandler
 .text.SystemInit
                0x0000000008001abc      0x110 ./Core/Src/system_stm32h7xx.o
                0x0000000008001abc                SystemInit
 .text.MX_TIM16_Init
                0x0000000008001bcc       0x4c ./Core/Src/tim.o
                0x0000000008001bcc                MX_TIM16_Init
 .text.HAL_TIM_Base_MspInit
                0x0000000008001c18       0x50 ./Core/Src/tim.o
                0x0000000008001c18                HAL_TIM_Base_MspInit
 .text.Reset_Handler
                0x0000000008001c68       0x50 ./Core/Startup/startup_stm32h743vitx.o
                0x0000000008001c68                Reset_Handler
 .text.Default_Handler
                0x0000000008001cb8        0x2 ./Core/Startup/startup_stm32h743vitx.o
                0x0000000008001cb8                RTC_Alarm_IRQHandler
                0x0000000008001cb8                EXTI2_IRQHandler
                0x0000000008001cb8                TIM8_CC_IRQHandler
                0x0000000008001cb8                HRTIM1_Master_IRQHandler
                0x0000000008001cb8                UART8_IRQHandler
                0x0000000008001cb8                SPI4_IRQHandler
                0x0000000008001cb8                TIM1_CC_IRQHandler
                0x0000000008001cb8                BDMA_Channel6_IRQHandler
                0x0000000008001cb8                DMA2_Stream5_IRQHandler
                0x0000000008001cb8                HRTIM1_FLT_IRQHandler
                0x0000000008001cb8                JPEG_IRQHandler
                0x0000000008001cb8                DMA1_Stream5_IRQHandler
                0x0000000008001cb8                BDMA_Channel1_IRQHandler
                0x0000000008001cb8                HRTIM1_TIMD_IRQHandler
                0x0000000008001cb8                TAMP_STAMP_IRQHandler
                0x0000000008001cb8                EXTI3_IRQHandler
                0x0000000008001cb8                LPTIM4_IRQHandler
                0x0000000008001cb8                TIM8_TRG_COM_TIM14_IRQHandler
                0x0000000008001cb8                LPTIM2_IRQHandler
                0x0000000008001cb8                DFSDM1_FLT1_IRQHandler
                0x0000000008001cb8                DMAMUX2_OVR_IRQHandler
                0x0000000008001cb8                TIM8_UP_TIM13_IRQHandler
                0x0000000008001cb8                I2C3_ER_IRQHandler
                0x0000000008001cb8                DFSDM1_FLT2_IRQHandler
                0x0000000008001cb8                MDMA_IRQHandler
                0x0000000008001cb8                LPTIM3_IRQHandler
                0x0000000008001cb8                HSEM1_IRQHandler
                0x0000000008001cb8                EXTI0_IRQHandler
                0x0000000008001cb8                I2C2_EV_IRQHandler
                0x0000000008001cb8                DMA1_Stream2_IRQHandler
                0x0000000008001cb8                FPU_IRQHandler
                0x0000000008001cb8                OTG_HS_WKUP_IRQHandler
                0x0000000008001cb8                FDCAN1_IT1_IRQHandler
                0x0000000008001cb8                LTDC_ER_IRQHandler
                0x0000000008001cb8                DMA2_Stream2_IRQHandler
                0x0000000008001cb8                HRTIM1_TIME_IRQHandler
                0x0000000008001cb8                SPI1_IRQHandler
                0x0000000008001cb8                TIM6_DAC_IRQHandler
                0x0000000008001cb8                DCMI_IRQHandler
                0x0000000008001cb8                HRTIM1_TIMC_IRQHandler
                0x0000000008001cb8                DMA2_Stream3_IRQHandler
                0x0000000008001cb8                SAI2_IRQHandler
                0x0000000008001cb8                DFSDM1_FLT3_IRQHandler
                0x0000000008001cb8                USART6_IRQHandler
                0x0000000008001cb8                TIM17_IRQHandler
                0x0000000008001cb8                USART3_IRQHandler
                0x0000000008001cb8                BDMA_Channel7_IRQHandler
                0x0000000008001cb8                LPTIM5_IRQHandler
                0x0000000008001cb8                UART5_IRQHandler
                0x0000000008001cb8                ADC3_IRQHandler
                0x0000000008001cb8                DMA2_Stream0_IRQHandler
                0x0000000008001cb8                TIM4_IRQHandler
                0x0000000008001cb8                BDMA_Channel2_IRQHandler
                0x0000000008001cb8                QUADSPI_IRQHandler
                0x0000000008001cb8                I2C1_EV_IRQHandler
                0x0000000008001cb8                DMA1_Stream6_IRQHandler
                0x0000000008001cb8                DMAMUX1_OVR_IRQHandler
                0x0000000008001cb8                DMA1_Stream1_IRQHandler
                0x0000000008001cb8                UART4_IRQHandler
                0x0000000008001cb8                BDMA_Channel5_IRQHandler
                0x0000000008001cb8                TIM3_IRQHandler
                0x0000000008001cb8                RCC_IRQHandler
                0x0000000008001cb8                TIM8_BRK_TIM12_IRQHandler
                0x0000000008001cb8                TIM1_TRG_COM_IRQHandler
                0x0000000008001cb8                Default_Handler
                0x0000000008001cb8                ECC_IRQHandler
                0x0000000008001cb8                CEC_IRQHandler
                0x0000000008001cb8                EXTI15_10_IRQHandler
                0x0000000008001cb8                BDMA_Channel0_IRQHandler
                0x0000000008001cb8                ADC_IRQHandler
                0x0000000008001cb8                DMA1_Stream7_IRQHandler
                0x0000000008001cb8                HRTIM1_TIMA_IRQHandler
                0x0000000008001cb8                SPI5_IRQHandler
                0x0000000008001cb8                TIM7_IRQHandler
                0x0000000008001cb8                SDMMC1_IRQHandler
                0x0000000008001cb8                TIM5_IRQHandler
                0x0000000008001cb8                DMA2_Stream7_IRQHandler
                0x0000000008001cb8                TIM15_IRQHandler
                0x0000000008001cb8                PVD_AVD_IRQHandler
                0x0000000008001cb8                I2C3_EV_IRQHandler
                0x0000000008001cb8                RTC_WKUP_IRQHandler
                0x0000000008001cb8                LTDC_IRQHandler
                0x0000000008001cb8                SAI3_IRQHandler
                0x0000000008001cb8                ETH_WKUP_IRQHandler
                0x0000000008001cb8                SPDIF_RX_IRQHandler
                0x0000000008001cb8                SPI2_IRQHandler
                0x0000000008001cb8                OTG_HS_EP1_IN_IRQHandler
                0x0000000008001cb8                DMA1_Stream0_IRQHandler
                0x0000000008001cb8                CRS_IRQHandler
                0x0000000008001cb8                EXTI4_IRQHandler
                0x0000000008001cb8                RNG_IRQHandler
                0x0000000008001cb8                HRTIM1_TIMB_IRQHandler
                0x0000000008001cb8                FDCAN2_IT1_IRQHandler
                0x0000000008001cb8                ETH_IRQHandler
                0x0000000008001cb8                TIM1_UP_IRQHandler
                0x0000000008001cb8                BDMA_Channel4_IRQHandler
                0x0000000008001cb8                OTG_HS_EP1_OUT_IRQHandler
                0x0000000008001cb8                WWDG_IRQHandler
                0x0000000008001cb8                SPI6_IRQHandler
                0x0000000008001cb8                MDIOS_IRQHandler
                0x0000000008001cb8                I2C4_EV_IRQHandler
                0x0000000008001cb8                FDCAN2_IT0_IRQHandler
                0x0000000008001cb8                LPUART1_IRQHandler
                0x0000000008001cb8                FDCAN1_IT0_IRQHandler
                0x0000000008001cb8                TIM2_IRQHandler
                0x0000000008001cb8                OTG_FS_WKUP_IRQHandler
                0x0000000008001cb8                OTG_HS_IRQHandler
                0x0000000008001cb8                DMA2D_IRQHandler
                0x0000000008001cb8                TIM1_BRK_IRQHandler
                0x0000000008001cb8                EXTI1_IRQHandler
                0x0000000008001cb8                SDMMC2_IRQHandler
                0x0000000008001cb8                OTG_FS_EP1_OUT_IRQHandler
                0x0000000008001cb8                BDMA_Channel3_IRQHandler
                0x0000000008001cb8                UART7_IRQHandler
                0x0000000008001cb8                MDIOS_WKUP_IRQHandler
                0x0000000008001cb8                USART2_IRQHandler
                0x0000000008001cb8                DFSDM1_FLT0_IRQHandler
                0x0000000008001cb8                SAI4_IRQHandler
                0x0000000008001cb8                I2C2_ER_IRQHandler
                0x0000000008001cb8                DMA2_Stream1_IRQHandler
                0x0000000008001cb8                FLASH_IRQHandler
                0x0000000008001cb8                DMA2_Stream4_IRQHandler
                0x0000000008001cb8                USART1_IRQHandler
                0x0000000008001cb8                OTG_FS_IRQHandler
                0x0000000008001cb8                SPI3_IRQHandler
                0x0000000008001cb8                WAKEUP_PIN_IRQHandler
                0x0000000008001cb8                DMA1_Stream4_IRQHandler
                0x0000000008001cb8                OTG_FS_EP1_IN_IRQHandler
                0x0000000008001cb8                I2C1_ER_IRQHandler
                0x0000000008001cb8                FMC_IRQHandler
                0x0000000008001cb8                FDCAN_CAL_IRQHandler
                0x0000000008001cb8                SWPMI1_IRQHandler
                0x0000000008001cb8                COMP1_IRQHandler
                0x0000000008001cb8                LPTIM1_IRQHandler
                0x0000000008001cb8                I2C4_ER_IRQHandler
                0x0000000008001cb8                DMA2_Stream6_IRQHandler
                0x0000000008001cb8                SAI1_IRQHandler
                0x0000000008001cb8                DMA1_Stream3_IRQHandler
 *fill*         0x0000000008001cba        0x2 
 .text.HAL_Init
                0x0000000008001cbc       0x78 ./Drivers/STM32H7xx_HAL_Driver/Src/stm32h7xx_hal.o
                0x0000000008001cbc                HAL_Init
 .text.HAL_InitTick
                0x0000000008001d34       0x6c ./Drivers/STM32H7xx_HAL_Driver/Src/stm32h7xx_hal.o
                0x0000000008001d34                HAL_InitTick
 .text.HAL_IncTick
                0x0000000008001da0       0x28 ./Drivers/STM32H7xx_HAL_Driver/Src/stm32h7xx_hal.o
                0x0000000008001da0                HAL_IncTick
 .text.HAL_GetTick
                0x0000000008001dc8       0x18 ./Drivers/STM32H7xx_HAL_Driver/Src/stm32h7xx_hal.o
                0x0000000008001dc8                HAL_GetTick
 .text.HAL_Delay
                0x0000000008001de0       0x48 ./Drivers/STM32H7xx_HAL_Driver/Src/stm32h7xx_hal.o
                0x0000000008001de0                HAL_Delay
 .text.HAL_GetREVID
                0x0000000008001e28       0x18 ./Drivers/STM32H7xx_HAL_Driver/Src/stm32h7xx_hal.o
                0x0000000008001e28                HAL_GetREVID
 .text.LL_ADC_SetCommonClock
                0x0000000008001e40       0x26 ./Drivers/STM32H7xx_HAL_Driver/Src/stm32h7xx_hal_adc.o
 .text.LL_ADC_SetCommonPathInternalCh
                0x0000000008001e66       0x26 ./Drivers/STM32H7xx_HAL_Driver/Src/stm32h7xx_hal_adc.o
 .text.LL_ADC_GetCommonPathInternalCh
                0x0000000008001e8c       0x1c ./Drivers/STM32H7xx_HAL_Driver/Src/stm32h7xx_hal_adc.o
 .text.LL_ADC_SetOffset
                0x0000000008001ea8       0x40 ./Drivers/STM32H7xx_HAL_Driver/Src/stm32h7xx_hal_adc.o
 .text.LL_ADC_SetDataRightShift
                0x0000000008001ee8       0x32 ./Drivers/STM32H7xx_HAL_Driver/Src/stm32h7xx_hal_adc.o
 .text.LL_ADC_SetOffsetSignedSaturation
                0x0000000008001f1a       0x36 ./Drivers/STM32H7xx_HAL_Driver/Src/stm32h7xx_hal_adc.o
 .text.LL_ADC_REG_IsTriggerSourceSWStart
                0x0000000008001f50       0x26 ./Drivers/STM32H7xx_HAL_Driver/Src/stm32h7xx_hal_adc.o
 .text.LL_ADC_REG_SetSequencerRanks
                0x0000000008001f76       0x58 ./Drivers/STM32H7xx_HAL_Driver/Src/stm32h7xx_hal_adc.o
 .text.LL_ADC_SetChannelSamplingTime
                0x0000000008001fce       0x56 ./Drivers/STM32H7xx_HAL_Driver/Src/stm32h7xx_hal_adc.o
 .text.LL_ADC_SetChannelSingleDiff
                0x0000000008002024       0x48 ./Drivers/STM32H7xx_HAL_Driver/Src/stm32h7xx_hal_adc.o
 .text.LL_ADC_GetMultimode
                0x000000000800206c       0x1c ./Drivers/STM32H7xx_HAL_Driver/Src/stm32h7xx_hal_adc.o
 .text.LL_ADC_GetMultiDMATransfer
                0x0000000008002088       0x1c ./Drivers/STM32H7xx_HAL_Driver/Src/stm32h7xx_hal_adc.o
 .text.LL_ADC_DisableDeepPowerDown
                0x00000000080020a4       0x24 ./Drivers/STM32H7xx_HAL_Driver/Src/stm32h7xx_hal_adc.o
 .text.LL_ADC_IsDeepPowerDownEnabled
                0x00000000080020c8       0x28 ./Drivers/STM32H7xx_HAL_Driver/Src/stm32h7xx_hal_adc.o
 .text.LL_ADC_EnableInternalRegulator
                0x00000000080020f0       0x28 ./Drivers/STM32H7xx_HAL_Driver/Src/stm32h7xx_hal_adc.o
 .text.LL_ADC_IsInternalRegulatorEnabled
                0x0000000008002118       0x28 ./Drivers/STM32H7xx_HAL_Driver/Src/stm32h7xx_hal_adc.o
 .text.LL_ADC_Enable
                0x0000000008002140       0x28 ./Drivers/STM32H7xx_HAL_Driver/Src/stm32h7xx_hal_adc.o
 .text.LL_ADC_Disable
                0x0000000008002168       0x28 ./Drivers/STM32H7xx_HAL_Driver/Src/stm32h7xx_hal_adc.o
 .text.LL_ADC_IsEnabled
                0x0000000008002190       0x26 ./Drivers/STM32H7xx_HAL_Driver/Src/stm32h7xx_hal_adc.o
 .text.LL_ADC_IsDisableOngoing
                0x00000000080021b6       0x26 ./Drivers/STM32H7xx_HAL_Driver/Src/stm32h7xx_hal_adc.o
 .text.LL_ADC_REG_StartConversion
                0x00000000080021dc       0x28 ./Drivers/STM32H7xx_HAL_Driver/Src/stm32h7xx_hal_adc.o
 .text.LL_ADC_REG_StopConversion
                0x0000000008002204       0x28 ./Drivers/STM32H7xx_HAL_Driver/Src/stm32h7xx_hal_adc.o
 .text.LL_ADC_REG_IsConversionOngoing
                0x000000000800222c       0x26 ./Drivers/STM32H7xx_HAL_Driver/Src/stm32h7xx_hal_adc.o
 *fill*         0x0000000008002252        0x2 
 .text.LL_ADC_INJ_StopConversion
                0x0000000008002254       0x28 ./Drivers/STM32H7xx_HAL_Driver/Src/stm32h7xx_hal_adc.o
 .text.LL_ADC_INJ_IsConversionOngoing
                0x000000000800227c       0x26 ./Drivers/STM32H7xx_HAL_Driver/Src/stm32h7xx_hal_adc.o
 *fill*         0x00000000080022a2        0x2 
 .text.HAL_ADC_Init
                0x00000000080022a4      0x340 ./Drivers/STM32H7xx_HAL_Driver/Src/stm32h7xx_hal_adc.o
                0x00000000080022a4                HAL_ADC_Init
 .text.HAL_ADC_Start
                0x00000000080025e4      0x194 ./Drivers/STM32H7xx_HAL_Driver/Src/stm32h7xx_hal_adc.o
                0x00000000080025e4                HAL_ADC_Start
 .text.HAL_ADC_Stop
                0x0000000008002778       0x68 ./Drivers/STM32H7xx_HAL_Driver/Src/stm32h7xx_hal_adc.o
                0x0000000008002778                HAL_ADC_Stop
 .text.HAL_ADC_PollForConversion
                0x00000000080027e0      0x1e8 ./Drivers/STM32H7xx_HAL_Driver/Src/stm32h7xx_hal_adc.o
                0x00000000080027e0                HAL_ADC_PollForConversion
 .text.HAL_ADC_GetValue
                0x00000000080029c8       0x1a ./Drivers/STM32H7xx_HAL_Driver/Src/stm32h7xx_hal_adc.o
                0x00000000080029c8                HAL_ADC_GetValue
 *fill*         0x00000000080029e2        0x2 
 .text.HAL_ADC_ConfigChannel
                0x00000000080029e4      0x6a0 ./Drivers/STM32H7xx_HAL_Driver/Src/stm32h7xx_hal_adc.o
                0x00000000080029e4                HAL_ADC_ConfigChannel
 .text.ADC_ConversionStop
                0x0000000008003084      0x178 ./Drivers/STM32H7xx_HAL_Driver/Src/stm32h7xx_hal_adc.o
                0x0000000008003084                ADC_ConversionStop
 .text.ADC_Enable
                0x00000000080031fc      0x114 ./Drivers/STM32H7xx_HAL_Driver/Src/stm32h7xx_hal_adc.o
                0x00000000080031fc                ADC_Enable
 .text.ADC_Disable
                0x0000000008003310       0xbe ./Drivers/STM32H7xx_HAL_Driver/Src/stm32h7xx_hal_adc.o
                0x0000000008003310                ADC_Disable
 *fill*         0x00000000080033ce        0x2 
 .text.ADC_ConfigureBoostMode
                0x00000000080033d0      0x214 ./Drivers/STM32H7xx_HAL_Driver/Src/stm32h7xx_hal_adc.o
                0x00000000080033d0                ADC_ConfigureBoostMode
 .text.LL_ADC_IsEnabled
                0x00000000080035e4       0x26 ./Drivers/STM32H7xx_HAL_Driver/Src/stm32h7xx_hal_adc_ex.o
 .text.LL_ADC_REG_IsConversionOngoing
                0x000000000800360a       0x26 ./Drivers/STM32H7xx_HAL_Driver/Src/stm32h7xx_hal_adc_ex.o
 .text.HAL_ADCEx_MultiModeConfigChannel
                0x0000000008003630      0x1bc ./Drivers/STM32H7xx_HAL_Driver/Src/stm32h7xx_hal_adc_ex.o
                0x0000000008003630                HAL_ADCEx_MultiModeConfigChannel
 .text.__NVIC_SetPriorityGrouping
                0x00000000080037ec       0x48 ./Drivers/STM32H7xx_HAL_Driver/Src/stm32h7xx_hal_cortex.o
 .text.__NVIC_GetPriorityGrouping
                0x0000000008003834       0x1c ./Drivers/STM32H7xx_HAL_Driver/Src/stm32h7xx_hal_cortex.o
 .text.__NVIC_EnableIRQ
                0x0000000008003850       0x3c ./Drivers/STM32H7xx_HAL_Driver/Src/stm32h7xx_hal_cortex.o
 .text.__NVIC_SetPriority
                0x000000000800388c       0x54 ./Drivers/STM32H7xx_HAL_Driver/Src/stm32h7xx_hal_cortex.o
 .text.NVIC_EncodePriority
                0x00000000080038e0       0x66 ./Drivers/STM32H7xx_HAL_Driver/Src/stm32h7xx_hal_cortex.o
 *fill*         0x0000000008003946        0x2 
 .text.SysTick_Config
                0x0000000008003948       0x44 ./Drivers/STM32H7xx_HAL_Driver/Src/stm32h7xx_hal_cortex.o
 .text.HAL_NVIC_SetPriorityGrouping
                0x000000000800398c       0x16 ./Drivers/STM32H7xx_HAL_Driver/Src/stm32h7xx_hal_cortex.o
                0x000000000800398c                HAL_NVIC_SetPriorityGrouping
 .text.HAL_NVIC_SetPriority
                0x00000000080039a2       0x34 ./Drivers/STM32H7xx_HAL_Driver/Src/stm32h7xx_hal_cortex.o
                0x00000000080039a2                HAL_NVIC_SetPriority
 .text.HAL_NVIC_EnableIRQ
                0x00000000080039d6       0x1c ./Drivers/STM32H7xx_HAL_Driver/Src/stm32h7xx_hal_cortex.o
                0x00000000080039d6                HAL_NVIC_EnableIRQ
 .text.HAL_SYSTICK_Config
                0x00000000080039f2       0x18 ./Drivers/STM32H7xx_HAL_Driver/Src/stm32h7xx_hal_cortex.o
                0x00000000080039f2                HAL_SYSTICK_Config
 *fill*         0x0000000008003a0a        0x2 
 .text.HAL_GPIO_Init
                0x0000000008003a0c      0x360 ./Drivers/STM32H7xx_HAL_Driver/Src/stm32h7xx_hal_gpio.o
                0x0000000008003a0c                HAL_GPIO_Init
 .text.HAL_GPIO_ReadPin
                0x0000000008003d6c       0x30 ./Drivers/STM32H7xx_HAL_Driver/Src/stm32h7xx_hal_gpio.o
                0x0000000008003d6c                HAL_GPIO_ReadPin
 .text.HAL_GPIO_WritePin
                0x0000000008003d9c       0x32 ./Drivers/STM32H7xx_HAL_Driver/Src/stm32h7xx_hal_gpio.o
                0x0000000008003d9c                HAL_GPIO_WritePin
 .text.HAL_GPIO_EXTI_IRQHandler
                0x0000000008003dce       0x34 ./Drivers/STM32H7xx_HAL_Driver/Src/stm32h7xx_hal_gpio.o
                0x0000000008003dce                HAL_GPIO_EXTI_IRQHandler
 *fill*         0x0000000008003e02        0x2 
 .text.HAL_I2S_Init
                0x0000000008003e04      0x240 ./Drivers/STM32H7xx_HAL_Driver/Src/stm32h7xx_hal_i2s.o
                0x0000000008003e04                HAL_I2S_Init
 .text.HAL_I2S_Transmit
                0x0000000008004044      0x1be ./Drivers/STM32H7xx_HAL_Driver/Src/stm32h7xx_hal_i2s.o
                0x0000000008004044                HAL_I2S_Transmit
 .text.I2S_WaitFlagStateUntilTimeout
                0x0000000008004202       0x72 ./Drivers/STM32H7xx_HAL_Driver/Src/stm32h7xx_hal_i2s.o
 .text.HAL_PWREx_ConfigSupply
                0x0000000008004274       0x74 ./Drivers/STM32H7xx_HAL_Driver/Src/stm32h7xx_hal_pwr_ex.o
                0x0000000008004274                HAL_PWREx_ConfigSupply
 .text.HAL_RCC_OscConfig
                0x00000000080042e8      0x858 ./Drivers/STM32H7xx_HAL_Driver/Src/stm32h7xx_hal_rcc.o
                0x00000000080042e8                HAL_RCC_OscConfig
 .text.HAL_RCC_ClockConfig
                0x0000000008004b40      0x36c ./Drivers/STM32H7xx_HAL_Driver/Src/stm32h7xx_hal_rcc.o
                0x0000000008004b40                HAL_RCC_ClockConfig
 .text.HAL_RCC_GetSysClockFreq
                0x0000000008004eac      0x2f4 ./Drivers/STM32H7xx_HAL_Driver/Src/stm32h7xx_hal_rcc.o
                0x0000000008004eac                HAL_RCC_GetSysClockFreq
 .text.HAL_RCC_GetHCLKFreq
                0x00000000080051a0       0x60 ./Drivers/STM32H7xx_HAL_Driver/Src/stm32h7xx_hal_rcc.o
                0x00000000080051a0                HAL_RCC_GetHCLKFreq
 .text.HAL_RCCEx_PeriphCLKConfig
                0x0000000008005200      0xe80 ./Drivers/STM32H7xx_HAL_Driver/Src/stm32h7xx_hal_rcc_ex.o
                0x0000000008005200                HAL_RCCEx_PeriphCLKConfig
 .text.HAL_RCCEx_GetPeriphCLKFreq
                0x0000000008006080      0x9a4 ./Drivers/STM32H7xx_HAL_Driver/Src/stm32h7xx_hal_rcc_ex.o
                0x0000000008006080                HAL_RCCEx_GetPeriphCLKFreq
 .text.HAL_RCCEx_GetD3PCLK1Freq
                0x0000000008006a24       0x2c ./Drivers/STM32H7xx_HAL_Driver/Src/stm32h7xx_hal_rcc_ex.o
                0x0000000008006a24                HAL_RCCEx_GetD3PCLK1Freq
 .text.HAL_RCCEx_GetPLL2ClockFreq
                0x0000000008006a50      0x2a8 ./Drivers/STM32H7xx_HAL_Driver/Src/stm32h7xx_hal_rcc_ex.o
                0x0000000008006a50                HAL_RCCEx_GetPLL2ClockFreq
 .text.HAL_RCCEx_GetPLL3ClockFreq
                0x0000000008006cf8      0x2a8 ./Drivers/STM32H7xx_HAL_Driver/Src/stm32h7xx_hal_rcc_ex.o
                0x0000000008006cf8                HAL_RCCEx_GetPLL3ClockFreq
 .text.HAL_RCCEx_GetPLL1ClockFreq
                0x0000000008006fa0      0x2a4 ./Drivers/STM32H7xx_HAL_Driver/Src/stm32h7xx_hal_rcc_ex.o
                0x0000000008006fa0                HAL_RCCEx_GetPLL1ClockFreq
 .text.RCCEx_PLL2_Config
                0x0000000008007244      0x164 ./Drivers/STM32H7xx_HAL_Driver/Src/stm32h7xx_hal_rcc_ex.o
 .text.RCCEx_PLL3_Config
                0x00000000080073a8      0x164 ./Drivers/STM32H7xx_HAL_Driver/Src/stm32h7xx_hal_rcc_ex.o
 .text.HAL_TIM_Base_Init
                0x000000000800750c       0xae ./Drivers/STM32H7xx_HAL_Driver/Src/stm32h7xx_hal_tim.o
                0x000000000800750c                HAL_TIM_Base_Init
 *fill*         0x00000000080075ba        0x2 
 .text.HAL_TIM_Base_Start_IT
                0x00000000080075bc       0xf0 ./Drivers/STM32H7xx_HAL_Driver/Src/stm32h7xx_hal_tim.o
                0x00000000080075bc                HAL_TIM_Base_Start_IT
 .text.HAL_TIM_IRQHandler
                0x00000000080076ac      0x23e ./Drivers/STM32H7xx_HAL_Driver/Src/stm32h7xx_hal_tim.o
                0x00000000080076ac                HAL_TIM_IRQHandler
 .text.HAL_TIM_OC_DelayElapsedCallback
                0x00000000080078ea       0x14 ./Drivers/STM32H7xx_HAL_Driver/Src/stm32h7xx_hal_tim.o
                0x00000000080078ea                HAL_TIM_OC_DelayElapsedCallback
 .text.HAL_TIM_IC_CaptureCallback
                0x00000000080078fe       0x14 ./Drivers/STM32H7xx_HAL_Driver/Src/stm32h7xx_hal_tim.o
                0x00000000080078fe                HAL_TIM_IC_CaptureCallback
 .text.HAL_TIM_PWM_PulseFinishedCallback
                0x0000000008007912       0x14 ./Drivers/STM32H7xx_HAL_Driver/Src/stm32h7xx_hal_tim.o
                0x0000000008007912                HAL_TIM_PWM_PulseFinishedCallback
 .text.HAL_TIM_TriggerCallback
                0x0000000008007926       0x14 ./Drivers/STM32H7xx_HAL_Driver/Src/stm32h7xx_hal_tim.o
                0x0000000008007926                HAL_TIM_TriggerCallback
 *fill*         0x000000000800793a        0x2 
 .text.TIM_Base_SetConfig
                0x000000000800793c      0x134 ./Drivers/STM32H7xx_HAL_Driver/Src/stm32h7xx_hal_tim.o
                0x000000000800793c                TIM_Base_SetConfig
 .text.HAL_TIMEx_CommutCallback
                0x0000000008007a70       0x14 ./Drivers/STM32H7xx_HAL_Driver/Src/stm32h7xx_hal_tim_ex.o
                0x0000000008007a70                HAL_TIMEx_CommutCallback
 .text.HAL_TIMEx_BreakCallback
                0x0000000008007a84       0x14 ./Drivers/STM32H7xx_HAL_Driver/Src/stm32h7xx_hal_tim_ex.o
                0x0000000008007a84                HAL_TIMEx_BreakCallback
 .text.HAL_TIMEx_Break2Callback
                0x0000000008007a98       0x14 ./Drivers/STM32H7xx_HAL_Driver/Src/stm32h7xx_hal_tim_ex.o
                0x0000000008007a98                HAL_TIMEx_Break2Callback
 .text.__libc_init_array
                0x0000000008007aac       0x48 c:/st/stm32cubeide_1.8.0/stm32cubeide/plugins/com.st.stm32cube.ide.mcu.externaltools.gnu-tools-for-stm32.9-2020-q2-update.win32_2.0.0.202105311346/tools/bin/../lib/gcc/arm-none-eabi/9.3.1/../../../../arm-none-eabi/lib/thumb/v7e-m+dp/hard\libc_nano.a(lib_a-init.o)
                0x0000000008007aac                __libc_init_array
 .text.memcpy   0x0000000008007af4       0x1c c:/st/stm32cubeide_1.8.0/stm32cubeide/plugins/com.st.stm32cube.ide.mcu.externaltools.gnu-tools-for-stm32.9-2020-q2-update.win32_2.0.0.202105311346/tools/bin/../lib/gcc/arm-none-eabi/9.3.1/../../../../arm-none-eabi/lib/thumb/v7e-m+dp/hard\libc_nano.a(lib_a-memcpy-stub.o)
                0x0000000008007af4                memcpy
 .text.memset   0x0000000008007b10       0x10 c:/st/stm32cubeide_1.8.0/stm32cubeide/plugins/com.st.stm32cube.ide.mcu.externaltools.gnu-tools-for-stm32.9-2020-q2-update.win32_2.0.0.202105311346/tools/bin/../lib/gcc/arm-none-eabi/9.3.1/../../../../arm-none-eabi/lib/thumb/v7e-m+dp/hard\libc_nano.a(lib_a-memset.o)
                0x0000000008007b10                memset
 *(.glue_7)
 .glue_7        0x0000000008007b20        0x0 linker stubs
 *(.glue_7t)
 .glue_7t       0x0000000008007b20        0x0 linker stubs
 *(.eh_frame)
 .eh_frame      0x0000000008007b20        0x0 c:/st/stm32cubeide_1.8.0/stm32cubeide/plugins/com.st.stm32cube.ide.mcu.externaltools.gnu-tools-for-stm32.9-2020-q2-update.win32_2.0.0.202105311346/tools/bin/../lib/gcc/arm-none-eabi/9.3.1/thumb/v7e-m+dp/hard/crtbegin.o
 *(.init)
 .init          0x0000000008007b20        0x4 c:/st/stm32cubeide_1.8.0/stm32cubeide/plugins/com.st.stm32cube.ide.mcu.externaltools.gnu-tools-for-stm32.9-2020-q2-update.win32_2.0.0.202105311346/tools/bin/../lib/gcc/arm-none-eabi/9.3.1/thumb/v7e-m+dp/hard/crti.o
                0x0000000008007b20                _init
 .init          0x0000000008007b24        0x8 c:/st/stm32cubeide_1.8.0/stm32cubeide/plugins/com.st.stm32cube.ide.mcu.externaltools.gnu-tools-for-stm32.9-2020-q2-update.win32_2.0.0.202105311346/tools/bin/../lib/gcc/arm-none-eabi/9.3.1/thumb/v7e-m+dp/hard/crtn.o
 *(.fini)
 .fini          0x0000000008007b2c        0x4 c:/st/stm32cubeide_1.8.0/stm32cubeide/plugins/com.st.stm32cube.ide.mcu.externaltools.gnu-tools-for-stm32.9-2020-q2-update.win32_2.0.0.202105311346/tools/bin/../lib/gcc/arm-none-eabi/9.3.1/thumb/v7e-m+dp/hard/crti.o
                0x0000000008007b2c                _fini
 .fini          0x0000000008007b30        0x8 c:/st/stm32cubeide_1.8.0/stm32cubeide/plugins/com.st.stm32cube.ide.mcu.externaltools.gnu-tools-for-stm32.9-2020-q2-update.win32_2.0.0.202105311346/tools/bin/../lib/gcc/arm-none-eabi/9.3.1/thumb/v7e-m+dp/hard/crtn.o
                0x0000000008007b38                . = ALIGN (0x4)
                0x0000000008007b38                _etext = .

.vfp11_veneer   0x0000000008007b38        0x0
 .vfp11_veneer  0x0000000008007b38        0x0 linker stubs

.v4_bx          0x0000000008007b38        0x0
 .v4_bx         0x0000000008007b38        0x0 linker stubs

.iplt           0x0000000008007b38        0x0
 .iplt          0x0000000008007b38        0x0 c:/st/stm32cubeide_1.8.0/stm32cubeide/plugins/com.st.stm32cube.ide.mcu.externaltools.gnu-tools-for-stm32.9-2020-q2-update.win32_2.0.0.202105311346/tools/bin/../lib/gcc/arm-none-eabi/9.3.1/thumb/v7e-m+dp/hard/crtbegin.o

.rodata         0x0000000008007b38       0x24
                0x0000000008007b38                . = ALIGN (0x4)
 *(.rodata)
 .rodata        0x0000000008007b38       0x11 ./Core/Src/custom.o
 *(.rodata*)
 *fill*         0x0000000008007b49        0x3 
 .rodata.D1CorePrescTable
                0x0000000008007b4c       0x10 ./Core/Src/system_stm32h7xx.o
                0x0000000008007b4c                D1CorePrescTable
                0x0000000008007b5c                . = ALIGN (0x4)

.rel.dyn        0x0000000008007b5c        0x0
 .rel.iplt      0x0000000008007b5c        0x0 c:/st/stm32cubeide_1.8.0/stm32cubeide/plugins/com.st.stm32cube.ide.mcu.externaltools.gnu-tools-for-stm32.9-2020-q2-update.win32_2.0.0.202105311346/tools/bin/../lib/gcc/arm-none-eabi/9.3.1/thumb/v7e-m+dp/hard/crtbegin.o

.ARM.extab
 *(.ARM.extab* .gnu.linkonce.armextab.*)

.ARM            0x0000000008007b5c        0x0
                0x0000000008007b5c                __exidx_start = .
 *(.ARM.exidx*)
                0x0000000008007b5c                __exidx_end = .

.preinit_array  0x0000000008007b5c        0x0
                0x0000000008007b5c                PROVIDE (__preinit_array_start = .)
 *(.preinit_array*)
                0x0000000008007b5c                PROVIDE (__preinit_array_end = .)

.init_array     0x0000000008007b5c        0x4
                0x0000000008007b5c                PROVIDE (__init_array_start = .)
 *(SORT_BY_NAME(.init_array.*))
 *(.init_array*)
 .init_array    0x0000000008007b5c        0x4 c:/st/stm32cubeide_1.8.0/stm32cubeide/plugins/com.st.stm32cube.ide.mcu.externaltools.gnu-tools-for-stm32.9-2020-q2-update.win32_2.0.0.202105311346/tools/bin/../lib/gcc/arm-none-eabi/9.3.1/thumb/v7e-m+dp/hard/crtbegin.o
                0x0000000008007b60                PROVIDE (__init_array_end = .)

.fini_array     0x0000000008007b60        0x4
                [!provide]                        PROVIDE (__fini_array_start = .)
 *(SORT_BY_NAME(.fini_array.*))
 *(.fini_array*)
 .fini_array    0x0000000008007b60        0x4 c:/st/stm32cubeide_1.8.0/stm32cubeide/plugins/com.st.stm32cube.ide.mcu.externaltools.gnu-tools-for-stm32.9-2020-q2-update.win32_2.0.0.202105311346/tools/bin/../lib/gcc/arm-none-eabi/9.3.1/thumb/v7e-m+dp/hard/crtbegin.o
                [!provide]                        PROVIDE (__fini_array_end = .)
                0x0000000008007b64                _sidata = LOADADDR (.data)

.data           0x0000000024000000     0x40e4 load address 0x0000000008007b64
                0x0000000024000000                . = ALIGN (0x4)
                0x0000000024000000                _sdata = .
 *(.data)
 *(.data*)
 .data.tone     0x0000000024000000      0x180 ./Core/Src/LUTs.o
                0x0000000024000000                tone
 .data.LUTsine  0x0000000024000180      0xfa0 ./Core/Src/LUTs.o
                0x0000000024000180                LUTsine
 .data.LUTsquare
                0x0000000024001120      0xfa0 ./Core/Src/LUTs.o
                0x0000000024001120                LUTsquare
 .data.LUTsaw   0x00000000240020c0      0xfa0 ./Core/Src/LUTs.o
                0x00000000240020c0                LUTsaw
 .data.LUTtri   0x0000000024003060      0xfa0 ./Core/Src/LUTs.o
                0x0000000024003060                LUTtri
 .data.menu     0x0000000024004000       0x80 ./Core/Src/LUTs.o
                0x0000000024004000                menu
 .data.octave_menu
                0x0000000024004080       0x24 ./Core/Src/LUTs.o
                0x0000000024004080                octave_menu
 .data.wave_menu
                0x00000000240040a4       0x24 ./Core/Src/LUTs.o
                0x00000000240040a4                wave_menu
 .data.bigmax   0x00000000240040c8        0x4 ./Core/Src/custom.o
 .data.max      0x00000000240040cc        0x8 ./Core/Src/custom.o
 .data.SystemCoreClock
                0x00000000240040d4        0x4 ./Core/Src/system_stm32h7xx.o
                0x00000000240040d4                SystemCoreClock
 .data.SystemD2Clock
                0x00000000240040d8        0x4 ./Core/Src/system_stm32h7xx.o
                0x00000000240040d8                SystemD2Clock
 .data.uwTickPrio
                0x00000000240040dc        0x4 ./Drivers/STM32H7xx_HAL_Driver/Src/stm32h7xx_hal.o
                0x00000000240040dc                uwTickPrio
 .data.uwTickFreq
                0x00000000240040e0        0x1 ./Drivers/STM32H7xx_HAL_Driver/Src/stm32h7xx_hal.o
                0x00000000240040e0                uwTickFreq
 *(.RamFunc)
 *(.RamFunc*)
                0x00000000240040e4                . = ALIGN (0x4)
 *fill*         0x00000000240040e1        0x3 
                0x00000000240040e4                _edata = .

.igot.plt       0x00000000240040e4        0x0 load address 0x000000000800bc48
 .igot.plt      0x00000000240040e4        0x0 c:/st/stm32cubeide_1.8.0/stm32cubeide/plugins/com.st.stm32cube.ide.mcu.externaltools.gnu-tools-for-stm32.9-2020-q2-update.win32_2.0.0.202105311346/tools/bin/../lib/gcc/arm-none-eabi/9.3.1/thumb/v7e-m+dp/hard/crtbegin.o
                0x00000000240040e4                . = ALIGN (0x4)

.bss            0x00000000240040e4      0x230 load address 0x000000000800bc48
                0x00000000240040e4                _sbss = .
                0x00000000240040e4                __bss_start__ = _sbss
 *(.bss)
 .bss           0x00000000240040e4       0x1c c:/st/stm32cubeide_1.8.0/stm32cubeide/plugins/com.st.stm32cube.ide.mcu.externaltools.gnu-tools-for-stm32.9-2020-q2-update.win32_2.0.0.202105311346/tools/bin/../lib/gcc/arm-none-eabi/9.3.1/thumb/v7e-m+dp/hard/crtbegin.o
 *(.bss*)
 .bss.hadc1     0x0000000024004100       0x64 ./Core/Src/custom.o
 .bss.hi2s1     0x0000000024004164       0x54 ./Core/Src/custom.o
 .bss.sound_config
                0x00000000240041b8        0xc ./Core/Src/custom.o
 .bss.increment1
                0x00000000240041c4       0x10 ./Core/Src/custom.o
 .bss.increment2
                0x00000000240041d4       0x10 ./Core/Src/custom.o
 .bss.counter1  0x00000000240041e4       0x10 ./Core/Src/custom.o
 .bss.counter2  0x00000000240041f4       0x10 ./Core/Src/custom.o
 .bss.menu_option
                0x0000000024004204        0x1 ./Core/Src/custom.o
 *fill*         0x0000000024004205        0x1 
 .bss.adc_old   0x0000000024004206        0x2 ./Core/Src/custom.o
 .bss.needs_update
                0x0000000024004208        0x2 ./Core/Src/custom.o
 *(COMMON)
 *fill*         0x000000002400420a        0x2 
 COMMON         0x000000002400420c       0x64 ./Core/Src/adc.o
                0x000000002400420c                hadc1
 COMMON         0x0000000024004270       0x54 ./Core/Src/i2s.o
                0x0000000024004270                hi2s1
 COMMON         0x00000000240042c4       0x4c ./Core/Src/tim.o
                0x00000000240042c4                htim16
 COMMON         0x0000000024004310        0x4 ./Drivers/STM32H7xx_HAL_Driver/Src/stm32h7xx_hal.o
                0x0000000024004310                uwTick
                0x0000000024004314                . = ALIGN (0x4)
                0x0000000024004314                _ebss = .
                0x0000000024004314                __bss_end__ = _ebss

._user_heap_stack
                0x0000000024004314      0x604 load address 0x000000000800bc48
                0x0000000024004318                . = ALIGN (0x8)
 *fill*         0x0000000024004314        0x4 
                [!provide]                        PROVIDE (end = .)
                0x0000000024004318                PROVIDE (_end = .)
                0x0000000024004518                . = (. + _Min_Heap_Size)
 *fill*         0x0000000024004318      0x200 
                0x0000000024004918                . = (. + _Min_Stack_Size)
 *fill*         0x0000000024004518      0x400 
                0x0000000024004918                . = ALIGN (0x8)

/DISCARD/
 libc.a(*)
 libm.a(*)
 libgcc.a(*)

.ARM.attributes
                0x0000000000000000       0x2e
 *(.ARM.attributes)
 .ARM.attributes
                0x0000000000000000       0x1e c:/st/stm32cubeide_1.8.0/stm32cubeide/plugins/com.st.stm32cube.ide.mcu.externaltools.gnu-tools-for-stm32.9-2020-q2-update.win32_2.0.0.202105311346/tools/bin/../lib/gcc/arm-none-eabi/9.3.1/thumb/v7e-m+dp/hard/crti.o
 .ARM.attributes
                0x000000000000001e       0x32 c:/st/stm32cubeide_1.8.0/stm32cubeide/plugins/com.st.stm32cube.ide.mcu.externaltools.gnu-tools-for-stm32.9-2020-q2-update.win32_2.0.0.202105311346/tools/bin/../lib/gcc/arm-none-eabi/9.3.1/thumb/v7e-m+dp/hard/crtbegin.o
 .ARM.attributes
                0x0000000000000050       0x37 ./Core/Src/LUTs.o
 .ARM.attributes
                0x0000000000000087       0x32 ./Core/Src/adc.o
 .ARM.attributes
                0x00000000000000b9       0x32 ./Core/Src/custom.o
 .ARM.attributes
                0x00000000000000eb       0x32 ./Core/Src/gpio.o
 .ARM.attributes
                0x000000000000011d       0x32 ./Core/Src/i2s.o
 .ARM.attributes
                0x000000000000014f       0x32 ./Core/Src/main.o
 .ARM.attributes
                0x0000000000000181       0x32 ./Core/Src/stm32h7xx_hal_msp.o
 .ARM.attributes
                0x00000000000001b3       0x32 ./Core/Src/stm32h7xx_it.o
 .ARM.attributes
                0x00000000000001e5       0x32 ./Core/Src/system_stm32h7xx.o
 .ARM.attributes
                0x0000000000000217       0x32 ./Core/Src/tim.o
 .ARM.attributes
                0x0000000000000249       0x21 ./Core/Startup/startup_stm32h743vitx.o
 .ARM.attributes
                0x000000000000026a       0x32 ./Drivers/STM32H7xx_HAL_Driver/Src/stm32h7xx_hal.o
 .ARM.attributes
                0x000000000000029c       0x32 ./Drivers/STM32H7xx_HAL_Driver/Src/stm32h7xx_hal_adc.o
 .ARM.attributes
                0x00000000000002ce       0x32 ./Drivers/STM32H7xx_HAL_Driver/Src/stm32h7xx_hal_adc_ex.o
 .ARM.attributes
                0x0000000000000300       0x32 ./Drivers/STM32H7xx_HAL_Driver/Src/stm32h7xx_hal_cortex.o
 .ARM.attributes
                0x0000000000000332       0x32 ./Drivers/STM32H7xx_HAL_Driver/Src/stm32h7xx_hal_gpio.o
 .ARM.attributes
                0x0000000000000364       0x32 ./Drivers/STM32H7xx_HAL_Driver/Src/stm32h7xx_hal_i2s.o
 .ARM.attributes
                0x0000000000000396       0x32 ./Drivers/STM32H7xx_HAL_Driver/Src/stm32h7xx_hal_pwr_ex.o
 .ARM.attributes
                0x00000000000003c8       0x32 ./Drivers/STM32H7xx_HAL_Driver/Src/stm32h7xx_hal_rcc.o
 .ARM.attributes
                0x00000000000003fa       0x32 ./Drivers/STM32H7xx_HAL_Driver/Src/stm32h7xx_hal_rcc_ex.o
 .ARM.attributes
                0x000000000000042c       0x32 ./Drivers/STM32H7xx_HAL_Driver/Src/stm32h7xx_hal_tim.o
 .ARM.attributes
                0x000000000000045e       0x32 ./Drivers/STM32H7xx_HAL_Driver/Src/stm32h7xx_hal_tim_ex.o
 .ARM.attributes
                0x0000000000000490       0x32 c:/st/stm32cubeide_1.8.0/stm32cubeide/plugins/com.st.stm32cube.ide.mcu.externaltools.gnu-tools-for-stm32.9-2020-q2-update.win32_2.0.0.202105311346/tools/bin/../lib/gcc/arm-none-eabi/9.3.1/../../../../arm-none-eabi/lib/thumb/v7e-m+dp/hard\libc_nano.a(lib_a-init.o)
 .ARM.attributes
                0x00000000000004c2       0x32 c:/st/stm32cubeide_1.8.0/stm32cubeide/plugins/com.st.stm32cube.ide.mcu.externaltools.gnu-tools-for-stm32.9-2020-q2-update.win32_2.0.0.202105311346/tools/bin/../lib/gcc/arm-none-eabi/9.3.1/../../../../arm-none-eabi/lib/thumb/v7e-m+dp/hard\libc_nano.a(lib_a-memcpy-stub.o)
 .ARM.attributes
                0x00000000000004f4       0x32 c:/st/stm32cubeide_1.8.0/stm32cubeide/plugins/com.st.stm32cube.ide.mcu.externaltools.gnu-tools-for-stm32.9-2020-q2-update.win32_2.0.0.202105311346/tools/bin/../lib/gcc/arm-none-eabi/9.3.1/../../../../arm-none-eabi/lib/thumb/v7e-m+dp/hard\libc_nano.a(lib_a-memset.o)
 .ARM.attributes
                0x0000000000000526       0x1e c:/st/stm32cubeide_1.8.0/stm32cubeide/plugins/com.st.stm32cube.ide.mcu.externaltools.gnu-tools-for-stm32.9-2020-q2-update.win32_2.0.0.202105311346/tools/bin/../lib/gcc/arm-none-eabi/9.3.1/thumb/v7e-m+dp/hard/crtn.o
OUTPUT(FinalProject.elf elf32-littlearm)
LOAD linker stubs
LOAD c:/st/stm32cubeide_1.8.0/stm32cubeide/plugins/com.st.stm32cube.ide.mcu.externaltools.gnu-tools-for-stm32.9-2020-q2-update.win32_2.0.0.202105311346/tools/bin/../lib/gcc/arm-none-eabi/9.3.1/../../../../arm-none-eabi/lib/thumb/v7e-m+dp/hard\libc.a
LOAD c:/st/stm32cubeide_1.8.0/stm32cubeide/plugins/com.st.stm32cube.ide.mcu.externaltools.gnu-tools-for-stm32.9-2020-q2-update.win32_2.0.0.202105311346/tools/bin/../lib/gcc/arm-none-eabi/9.3.1/../../../../arm-none-eabi/lib/thumb/v7e-m+dp/hard\libm.a
LOAD c:/st/stm32cubeide_1.8.0/stm32cubeide/plugins/com.st.stm32cube.ide.mcu.externaltools.gnu-tools-for-stm32.9-2020-q2-update.win32_2.0.0.202105311346/tools/bin/../lib/gcc/arm-none-eabi/9.3.1/thumb/v7e-m+dp/hard\libgcc.a

.debug_info     0x0000000000000000    0x25800
 .debug_info    0x0000000000000000      0xc53 ./Core/Src/LUTs.o
 .debug_info    0x0000000000000c53     0x1c23 ./Core/Src/adc.o
 .debug_info    0x0000000000002876     0x1e25 ./Core/Src/custom.o
 .debug_info    0x000000000000469b     0x14a0 ./Core/Src/gpio.o
 .debug_info    0x0000000000005b3b     0x19eb ./Core/Src/i2s.o
 .debug_info    0x0000000000007526     0x22b4 ./Core/Src/main.o
 .debug_info    0x00000000000097da      0xf3b ./Core/Src/stm32h7xx_hal_msp.o
 .debug_info    0x000000000000a715     0x12db ./Core/Src/stm32h7xx_it.o
 .debug_info    0x000000000000b9f0     0x1748 ./Core/Src/system_stm32h7xx.o
 .debug_info    0x000000000000d138     0x1a05 ./Core/Src/tim.o
 .debug_info    0x000000000000eb3d       0x22 ./Core/Startup/startup_stm32h743vitx.o
 .debug_info    0x000000000000eb5f     0x1f5e ./Drivers/STM32H7xx_HAL_Driver/Src/stm32h7xx_hal.o
 .debug_info    0x0000000000010abd     0x290c ./Drivers/STM32H7xx_HAL_Driver/Src/stm32h7xx_hal_adc.o
 .debug_info    0x00000000000133c9     0x2a4c ./Drivers/STM32H7xx_HAL_Driver/Src/stm32h7xx_hal_adc_ex.o
 .debug_info    0x0000000000015e15     0x1bd4 ./Drivers/STM32H7xx_HAL_Driver/Src/stm32h7xx_hal_cortex.o
 .debug_info    0x00000000000179e9     0x17bf ./Drivers/STM32H7xx_HAL_Driver/Src/stm32h7xx_hal_gpio.o
 .debug_info    0x00000000000191a8     0x1b8c ./Drivers/STM32H7xx_HAL_Driver/Src/stm32h7xx_hal_i2s.o
 .debug_info    0x000000000001ad34     0x1b06 ./Drivers/STM32H7xx_HAL_Driver/Src/stm32h7xx_hal_pwr_ex.o
 .debug_info    0x000000000001c83a     0x192a ./Drivers/STM32H7xx_HAL_Driver/Src/stm32h7xx_hal_rcc.o
 .debug_info    0x000000000001e164     0x1cc1 ./Drivers/STM32H7xx_HAL_Driver/Src/stm32h7xx_hal_rcc_ex.o
 .debug_info    0x000000000001fe25     0x37a3 ./Drivers/STM32H7xx_HAL_Driver/Src/stm32h7xx_hal_tim.o
 .debug_info    0x00000000000235c8     0x2238 ./Drivers/STM32H7xx_HAL_Driver/Src/stm32h7xx_hal_tim_ex.o

.debug_abbrev   0x0000000000000000     0x3ae0
 .debug_abbrev  0x0000000000000000      0x1d3 ./Core/Src/LUTs.o
 .debug_abbrev  0x00000000000001d3      0x265 ./Core/Src/adc.o
 .debug_abbrev  0x0000000000000438      0x37d ./Core/Src/custom.o
 .debug_abbrev  0x00000000000007b5      0x256 ./Core/Src/gpio.o
 .debug_abbrev  0x0000000000000a0b      0x265 ./Core/Src/i2s.o
 .debug_abbrev  0x0000000000000c70      0x2af ./Core/Src/main.o
 .debug_abbrev  0x0000000000000f1f      0x20f ./Core/Src/stm32h7xx_hal_msp.o
 .debug_abbrev  0x000000000000112e      0x211 ./Core/Src/stm32h7xx_it.o
 .debug_abbrev  0x000000000000133f      0x262 ./Core/Src/system_stm32h7xx.o
 .debug_abbrev  0x00000000000015a1      0x26d ./Core/Src/tim.o
 .debug_abbrev  0x000000000000180e       0x12 ./Core/Startup/startup_stm32h743vitx.o
 .debug_abbrev  0x0000000000001820      0x31b ./Drivers/STM32H7xx_HAL_Driver/Src/stm32h7xx_hal.o
 .debug_abbrev  0x0000000000001b3b      0x31b ./Drivers/STM32H7xx_HAL_Driver/Src/stm32h7xx_hal_adc.o
 .debug_abbrev  0x0000000000001e56      0x361 ./Drivers/STM32H7xx_HAL_Driver/Src/stm32h7xx_hal_adc_ex.o
 .debug_abbrev  0x00000000000021b7      0x409 ./Drivers/STM32H7xx_HAL_Driver/Src/stm32h7xx_hal_cortex.o
 .debug_abbrev  0x00000000000025c0      0x2cb ./Drivers/STM32H7xx_HAL_Driver/Src/stm32h7xx_hal_gpio.o
 .debug_abbrev  0x000000000000288b      0x2cc ./Drivers/STM32H7xx_HAL_Driver/Src/stm32h7xx_hal_i2s.o
 .debug_abbrev  0x0000000000002b57      0x350 ./Drivers/STM32H7xx_HAL_Driver/Src/stm32h7xx_hal_pwr_ex.o
 .debug_abbrev  0x0000000000002ea7      0x322 ./Drivers/STM32H7xx_HAL_Driver/Src/stm32h7xx_hal_rcc.o
 .debug_abbrev  0x00000000000031c9      0x31d ./Drivers/STM32H7xx_HAL_Driver/Src/stm32h7xx_hal_rcc_ex.o
 .debug_abbrev  0x00000000000034e6      0x2f9 ./Drivers/STM32H7xx_HAL_Driver/Src/stm32h7xx_hal_tim.o
 .debug_abbrev  0x00000000000037df      0x301 ./Drivers/STM32H7xx_HAL_Driver/Src/stm32h7xx_hal_tim_ex.o

.debug_aranges  0x0000000000000000     0x1350
 .debug_aranges
                0x0000000000000000       0x18 ./Core/Src/LUTs.o
 .debug_aranges
                0x0000000000000018       0x30 ./Core/Src/adc.o
 .debug_aranges
                0x0000000000000048       0xd0 ./Core/Src/custom.o
 .debug_aranges
                0x0000000000000118       0x28 ./Core/Src/gpio.o
 .debug_aranges
                0x0000000000000140       0x30 ./Core/Src/i2s.o
 .debug_aranges
                0x0000000000000170       0x38 ./Core/Src/main.o
 .debug_aranges
                0x00000000000001a8       0x20 ./Core/Src/stm32h7xx_hal_msp.o
 .debug_aranges
                0x00000000000001c8       0x70 ./Core/Src/stm32h7xx_it.o
 .debug_aranges
                0x0000000000000238       0x28 ./Core/Src/system_stm32h7xx.o
 .debug_aranges
                0x0000000000000260       0x30 ./Core/Src/tim.o
 .debug_aranges
                0x0000000000000290       0x28 ./Core/Startup/startup_stm32h743vitx.o
 .debug_aranges
                0x00000000000002b8      0x198 ./Drivers/STM32H7xx_HAL_Driver/Src/stm32h7xx_hal.o
 .debug_aranges
                0x0000000000000450      0x228 ./Drivers/STM32H7xx_HAL_Driver/Src/stm32h7xx_hal_adc.o
 .debug_aranges
                0x0000000000000678      0x1d8 ./Drivers/STM32H7xx_HAL_Driver/Src/stm32h7xx_hal_adc_ex.o
 .debug_aranges
                0x0000000000000850      0x120 ./Drivers/STM32H7xx_HAL_Driver/Src/stm32h7xx_hal_cortex.o
 .debug_aranges
                0x0000000000000970       0x58 ./Drivers/STM32H7xx_HAL_Driver/Src/stm32h7xx_hal_gpio.o
 .debug_aranges
                0x00000000000009c8      0x148 ./Drivers/STM32H7xx_HAL_Driver/Src/stm32h7xx_hal_i2s.o
 .debug_aranges
                0x0000000000000b10      0x158 ./Drivers/STM32H7xx_HAL_Driver/Src/stm32h7xx_hal_pwr_ex.o
 .debug_aranges
                0x0000000000000c68       0x88 ./Drivers/STM32H7xx_HAL_Driver/Src/stm32h7xx_hal_rcc.o
 .debug_aranges
                0x0000000000000cf0       0xf8 ./Drivers/STM32H7xx_HAL_Driver/Src/stm32h7xx_hal_rcc_ex.o
 .debug_aranges
                0x0000000000000de8      0x3e0 ./Drivers/STM32H7xx_HAL_Driver/Src/stm32h7xx_hal_tim.o
 .debug_aranges
                0x00000000000011c8      0x188 ./Drivers/STM32H7xx_HAL_Driver/Src/stm32h7xx_hal_tim_ex.o

.debug_macro    0x0000000000000000    0x3915b
 .debug_macro   0x0000000000000000      0x2d0 ./Core/Src/LUTs.o
 .debug_macro   0x00000000000002d0      0xac0 ./Core/Src/LUTs.o
 .debug_macro   0x0000000000000d90      0x23e ./Core/Src/LUTs.o
 .debug_macro   0x0000000000000fce       0x2e ./Core/Src/LUTs.o
 .debug_macro   0x0000000000000ffc       0x3b ./Core/Src/LUTs.o
 .debug_macro   0x0000000000001037       0x22 ./Core/Src/LUTs.o
 .debug_macro   0x0000000000001059       0x8e ./Core/Src/LUTs.o
 .debug_macro   0x00000000000010e7       0x51 ./Core/Src/LUTs.o
 .debug_macro   0x0000000000001138      0x103 ./Core/Src/LUTs.o
 .debug_macro   0x000000000000123b       0x6a ./Core/Src/LUTs.o
 .debug_macro   0x00000000000012a5      0x1df ./Core/Src/LUTs.o
 .debug_macro   0x0000000000001484       0x1c ./Core/Src/LUTs.o
 .debug_macro   0x00000000000014a0       0x22 ./Core/Src/LUTs.o
 .debug_macro   0x00000000000014c2      0x101 ./Core/Src/LUTs.o
 .debug_macro   0x00000000000015c3     0x1305 ./Core/Src/LUTs.o
 .debug_macro   0x00000000000028c8      0x11f ./Core/Src/LUTs.o
 .debug_macro   0x00000000000029e7       0x27 ./Core/Src/LUTs.o
 .debug_macro   0x0000000000002a0e    0x25862 ./Core/Src/LUTs.o
 .debug_macro   0x0000000000028270       0x6d ./Core/Src/LUTs.o
 .debug_macro   0x00000000000282dd     0x3d1e ./Core/Src/LUTs.o
 .debug_macro   0x000000000002bffb      0x174 ./Core/Src/LUTs.o
 .debug_macro   0x000000000002c16f       0x52 ./Core/Src/LUTs.o
 .debug_macro   0x000000000002c1c1       0x17 ./Core/Src/LUTs.o
 .debug_macro   0x000000000002c1d8       0x3c ./Core/Src/LUTs.o
 .debug_macro   0x000000000002c214       0x34 ./Core/Src/LUTs.o
 .debug_macro   0x000000000002c248       0x16 ./Core/Src/LUTs.o
 .debug_macro   0x000000000002c25e       0x43 ./Core/Src/LUTs.o
 .debug_macro   0x000000000002c2a1       0x34 ./Core/Src/LUTs.o
 .debug_macro   0x000000000002c2d5       0x10 ./Core/Src/LUTs.o
 .debug_macro   0x000000000002c2e5       0x58 ./Core/Src/LUTs.o
 .debug_macro   0x000000000002c33d       0x71 ./Core/Src/LUTs.o
 .debug_macro   0x000000000002c3ae       0x1c ./Core/Src/LUTs.o
 .debug_macro   0x000000000002c3ca      0x12a ./Core/Src/LUTs.o
 .debug_macro   0x000000000002c4f4      0x333 ./Core/Src/LUTs.o
 .debug_macro   0x000000000002c827      0x1a9 ./Core/Src/LUTs.o
 .debug_macro   0x000000000002c9d0       0x5d ./Core/Src/LUTs.o
 .debug_macro   0x000000000002ca2d     0x2382 ./Core/Src/LUTs.o
 .debug_macro   0x000000000002edaf     0x1002 ./Core/Src/LUTs.o
 .debug_macro   0x000000000002fdb1      0x14d ./Core/Src/LUTs.o
 .debug_macro   0x000000000002fefe      0x114 ./Core/Src/LUTs.o
 .debug_macro   0x0000000000030012      0x3b2 ./Core/Src/LUTs.o
 .debug_macro   0x00000000000303c4       0xac ./Core/Src/LUTs.o
 .debug_macro   0x0000000000030470      0x72d ./Core/Src/LUTs.o
 .debug_macro   0x0000000000030b9d      0x228 ./Core/Src/LUTs.o
 .debug_macro   0x0000000000030dc5       0x66 ./Core/Src/LUTs.o
 .debug_macro   0x0000000000030e2b      0x3bb ./Core/Src/LUTs.o
 .debug_macro   0x00000000000311e6      0x3e4 ./Core/Src/LUTs.o
 .debug_macro   0x00000000000315ca      0x275 ./Core/Src/LUTs.o
 .debug_macro   0x000000000003183f     0x1036 ./Core/Src/LUTs.o
 .debug_macro   0x0000000000032875      0x6c5 ./Core/Src/LUTs.o
 .debug_macro   0x0000000000032f3a      0x36e ./Core/Src/LUTs.o
 .debug_macro   0x00000000000332a8      0x3ca ./Core/Src/LUTs.o
 .debug_macro   0x0000000000033672      0x408 ./Core/Src/LUTs.o
 .debug_macro   0x0000000000033a7a       0x51 ./Core/Src/LUTs.o
 .debug_macro   0x0000000000033acb       0x4a ./Core/Src/LUTs.o
 .debug_macro   0x0000000000033b15      0x22c ./Core/Src/LUTs.o
 .debug_macro   0x0000000000033d41       0x67 ./Core/Src/LUTs.o
 .debug_macro   0x0000000000033da8       0xa5 ./Core/Src/LUTs.o
 .debug_macro   0x0000000000033e4d      0x25d ./Core/Src/LUTs.o
 .debug_macro   0x00000000000340aa      0x1c4 ./Core/Src/LUTs.o
 .debug_macro   0x000000000003426e      0x25e ./Core/Src/LUTs.o
 .debug_macro   0x00000000000344cc       0x35 ./Core/Src/LUTs.o
 .debug_macro   0x0000000000034501      0xad7 ./Core/Src/LUTs.o
 .debug_macro   0x0000000000034fd8      0x29f ./Core/Src/LUTs.o
 .debug_macro   0x0000000000035277      0x5a0 ./Core/Src/LUTs.o
 .debug_macro   0x0000000000035817      0x2d4 ./Core/Src/adc.o
 .debug_macro   0x0000000000035aeb      0x357 ./Core/Src/custom.o
 .debug_macro   0x0000000000035e42       0x10 ./Core/Src/custom.o
 .debug_macro   0x0000000000035e52      0x2de ./Core/Src/gpio.o
 .debug_macro   0x0000000000036130      0x2d4 ./Core/Src/i2s.o
 .debug_macro   0x0000000000036404      0x300 ./Core/Src/main.o
 .debug_macro   0x0000000000036704      0x2ca ./Core/Src/stm32h7xx_hal_msp.o
 .debug_macro   0x00000000000369ce      0x2d4 ./Core/Src/stm32h7xx_it.o
 .debug_macro   0x0000000000036ca2      0x2c0 ./Core/Src/system_stm32h7xx.o
 .debug_macro   0x0000000000036f62      0x2d4 ./Core/Src/tim.o
 .debug_macro   0x0000000000037236      0x2ea ./Drivers/STM32H7xx_HAL_Driver/Src/stm32h7xx_hal.o
 .debug_macro   0x0000000000037520      0x2e4 ./Drivers/STM32H7xx_HAL_Driver/Src/stm32h7xx_hal_adc.o
 .debug_macro   0x0000000000037804      0x2cc ./Drivers/STM32H7xx_HAL_Driver/Src/stm32h7xx_hal_adc_ex.o
 .debug_macro   0x0000000000037ad0      0x2c0 ./Drivers/STM32H7xx_HAL_Driver/Src/stm32h7xx_hal_cortex.o
 .debug_macro   0x0000000000037d90      0x2c7 ./Drivers/STM32H7xx_HAL_Driver/Src/stm32h7xx_hal_gpio.o
 .debug_macro   0x0000000000038057      0x2c8 ./Drivers/STM32H7xx_HAL_Driver/Src/stm32h7xx_hal_i2s.o
 .debug_macro   0x000000000003831f      0x2f9 ./Drivers/STM32H7xx_HAL_Driver/Src/stm32h7xx_hal_pwr_ex.o
 .debug_macro   0x0000000000038618      0x2e4 ./Drivers/STM32H7xx_HAL_Driver/Src/stm32h7xx_hal_rcc.o
 .debug_macro   0x00000000000388fc      0x2de ./Drivers/STM32H7xx_HAL_Driver/Src/stm32h7xx_hal_rcc_ex.o
 .debug_macro   0x0000000000038bda      0x2c1 ./Drivers/STM32H7xx_HAL_Driver/Src/stm32h7xx_hal_tim.o
 .debug_macro   0x0000000000038e9b      0x2c0 ./Drivers/STM32H7xx_HAL_Driver/Src/stm32h7xx_hal_tim_ex.o

.debug_line     0x0000000000000000    0x18330
 .debug_line    0x0000000000000000      0x85f ./Core/Src/LUTs.o
 .debug_line    0x000000000000085f      0x94a ./Core/Src/adc.o
 .debug_line    0x00000000000011a9     0x1161 ./Core/Src/custom.o
 .debug_line    0x000000000000230a      0x8fb ./Core/Src/gpio.o
 .debug_line    0x0000000000002c05      0x903 ./Core/Src/i2s.o
 .debug_line    0x0000000000003508      0x969 ./Core/Src/main.o
 .debug_line    0x0000000000003e71      0x883 ./Core/Src/stm32h7xx_hal_msp.o
 .debug_line    0x00000000000046f4      0x977 ./Core/Src/stm32h7xx_it.o
 .debug_line    0x000000000000506b      0xa37 ./Core/Src/system_stm32h7xx.o
 .debug_line    0x0000000000005aa2      0x8d3 ./Core/Src/tim.o
 .debug_line    0x0000000000006375       0x88 ./Core/Startup/startup_stm32h743vitx.o
 .debug_line    0x00000000000063fd      0xe32 ./Drivers/STM32H7xx_HAL_Driver/Src/stm32h7xx_hal.o
 .debug_line    0x000000000000722f     0x2389 ./Drivers/STM32H7xx_HAL_Driver/Src/stm32h7xx_hal_adc.o
 .debug_line    0x00000000000095b8     0x1f50 ./Drivers/STM32H7xx_HAL_Driver/Src/stm32h7xx_hal_adc_ex.o
 .debug_line    0x000000000000b508      0xe38 ./Drivers/STM32H7xx_HAL_Driver/Src/stm32h7xx_hal_cortex.o
 .debug_line    0x000000000000c340      0xcf5 ./Drivers/STM32H7xx_HAL_Driver/Src/stm32h7xx_hal_gpio.o
 .debug_line    0x000000000000d035     0x180a ./Drivers/STM32H7xx_HAL_Driver/Src/stm32h7xx_hal_i2s.o
 .debug_line    0x000000000000e83f      0xf4c ./Drivers/STM32H7xx_HAL_Driver/Src/stm32h7xx_hal_pwr_ex.o
 .debug_line    0x000000000000f78b     0x139d ./Drivers/STM32H7xx_HAL_Driver/Src/stm32h7xx_hal_rcc.o
 .debug_line    0x0000000000010b28     0x1b4b ./Drivers/STM32H7xx_HAL_Driver/Src/stm32h7xx_hal_rcc_ex.o
 .debug_line    0x0000000000012673     0x3ef0 ./Drivers/STM32H7xx_HAL_Driver/Src/stm32h7xx_hal_tim.o
 .debug_line    0x0000000000016563     0x1dcd ./Drivers/STM32H7xx_HAL_Driver/Src/stm32h7xx_hal_tim_ex.o

.debug_str      0x0000000000000000   0x171258
 .debug_str     0x0000000000000000   0x16a83b ./Core/Src/LUTs.o
                                     0x16af67 (size before relaxing)
 .debug_str     0x000000000016a83b      0xb33 ./Core/Src/adc.o
                                     0x16bb96 (size before relaxing)
 .debug_str     0x000000000016b36e      0x6a9 ./Core/Src/custom.o
                                     0x16bc6e (size before relaxing)
 .debug_str     0x000000000016ba17      0x7fe ./Core/Src/gpio.o
                                     0x16ba2e (size before relaxing)
 .debug_str     0x000000000016c215       0x56 ./Core/Src/i2s.o
                                     0x16ba43 (size before relaxing)
 .debug_str     0x000000000016c26b      0x51f ./Core/Src/main.o
                                     0x16bec8 (size before relaxing)
 .debug_str     0x000000000016c78a       0x2c ./Core/Src/stm32h7xx_hal_msp.o
                                     0x16b148 (size before relaxing)
 .debug_str     0x000000000016c7b6       0xe1 ./Core/Src/stm32h7xx_it.o
                                     0x16b5f5 (size before relaxing)
 .debug_str     0x000000000016c897      0x30b ./Core/Src/system_stm32h7xx.o
                                     0x16b43a (size before relaxing)
 .debug_str     0x000000000016cba2       0x5b ./Core/Src/tim.o
                                     0x16bfc9 (size before relaxing)
 .debug_str     0x000000000016cbfd       0x36 ./Core/Startup/startup_stm32h743vitx.o
                                         0x66 (size before relaxing)
 .debug_str     0x000000000016cc33      0x757 ./Drivers/STM32H7xx_HAL_Driver/Src/stm32h7xx_hal.o
                                     0x16c268 (size before relaxing)
 .debug_str     0x000000000016d38a      0xa4a ./Drivers/STM32H7xx_HAL_Driver/Src/stm32h7xx_hal_adc.o
                                     0x16c093 (size before relaxing)
 .debug_str     0x000000000016ddd4      0x898 ./Drivers/STM32H7xx_HAL_Driver/Src/stm32h7xx_hal_adc_ex.o
                                     0x16c17a (size before relaxing)
 .debug_str     0x000000000016e66c      0x398 ./Drivers/STM32H7xx_HAL_Driver/Src/stm32h7xx_hal_cortex.o
                                     0x16bd70 (size before relaxing)
 .debug_str     0x000000000016ea04      0x10f ./Drivers/STM32H7xx_HAL_Driver/Src/stm32h7xx_hal_gpio.o
                                     0x16b432 (size before relaxing)
 .debug_str     0x000000000016eb13      0x3d5 ./Drivers/STM32H7xx_HAL_Driver/Src/stm32h7xx_hal_i2s.o
                                     0x16b850 (size before relaxing)
 .debug_str     0x000000000016eee8      0x627 ./Drivers/STM32H7xx_HAL_Driver/Src/stm32h7xx_hal_pwr_ex.o
                                     0x16b8c1 (size before relaxing)
 .debug_str     0x000000000016f50f      0x26c ./Drivers/STM32H7xx_HAL_Driver/Src/stm32h7xx_hal_rcc.o
                                     0x16b796 (size before relaxing)
 .debug_str     0x000000000016f77b      0x65b ./Drivers/STM32H7xx_HAL_Driver/Src/stm32h7xx_hal_rcc_ex.o
                                     0x16bc48 (size before relaxing)
 .debug_str     0x000000000016fdd6      0xe28 ./Drivers/STM32H7xx_HAL_Driver/Src/stm32h7xx_hal_tim.o
                                     0x16c4cc (size before relaxing)
 .debug_str     0x0000000000170bfe      0x65a ./Drivers/STM32H7xx_HAL_Driver/Src/stm32h7xx_hal_tim_ex.o
                                     0x16bdb2 (size before relaxing)

.comment        0x0000000000000000       0x53
 .comment       0x0000000000000000       0x53 ./Core/Src/LUTs.o
                                         0x54 (size before relaxing)
 .comment       0x0000000000000053       0x54 ./Core/Src/adc.o
 .comment       0x0000000000000053       0x54 ./Core/Src/custom.o
 .comment       0x0000000000000053       0x54 ./Core/Src/gpio.o
 .comment       0x0000000000000053       0x54 ./Core/Src/i2s.o
 .comment       0x0000000000000053       0x54 ./Core/Src/main.o
 .comment       0x0000000000000053       0x54 ./Core/Src/stm32h7xx_hal_msp.o
 .comment       0x0000000000000053       0x54 ./Core/Src/stm32h7xx_it.o
 .comment       0x0000000000000053       0x54 ./Core/Src/system_stm32h7xx.o
 .comment       0x0000000000000053       0x54 ./Core/Src/tim.o
 .comment       0x0000000000000053       0x54 ./Drivers/STM32H7xx_HAL_Driver/Src/stm32h7xx_hal.o
 .comment       0x0000000000000053       0x54 ./Drivers/STM32H7xx_HAL_Driver/Src/stm32h7xx_hal_adc.o
 .comment       0x0000000000000053       0x54 ./Drivers/STM32H7xx_HAL_Driver/Src/stm32h7xx_hal_adc_ex.o
 .comment       0x0000000000000053       0x54 ./Drivers/STM32H7xx_HAL_Driver/Src/stm32h7xx_hal_cortex.o
 .comment       0x0000000000000053       0x54 ./Drivers/STM32H7xx_HAL_Driver/Src/stm32h7xx_hal_gpio.o
 .comment       0x0000000000000053       0x54 ./Drivers/STM32H7xx_HAL_Driver/Src/stm32h7xx_hal_i2s.o
 .comment       0x0000000000000053       0x54 ./Drivers/STM32H7xx_HAL_Driver/Src/stm32h7xx_hal_pwr_ex.o
 .comment       0x0000000000000053       0x54 ./Drivers/STM32H7xx_HAL_Driver/Src/stm32h7xx_hal_rcc.o
 .comment       0x0000000000000053       0x54 ./Drivers/STM32H7xx_HAL_Driver/Src/stm32h7xx_hal_rcc_ex.o
 .comment       0x0000000000000053       0x54 ./Drivers/STM32H7xx_HAL_Driver/Src/stm32h7xx_hal_tim.o
 .comment       0x0000000000000053       0x54 ./Drivers/STM32H7xx_HAL_Driver/Src/stm32h7xx_hal_tim_ex.o

.debug_ranges   0x0000000000000000     0x11f0
 .debug_ranges  0x0000000000000000       0x20 ./Core/Src/adc.o
 .debug_ranges  0x0000000000000020       0xc0 ./Core/Src/custom.o
 .debug_ranges  0x00000000000000e0       0x18 ./Core/Src/gpio.o
 .debug_ranges  0x00000000000000f8       0x20 ./Core/Src/i2s.o
 .debug_ranges  0x0000000000000118       0x28 ./Core/Src/main.o
 .debug_ranges  0x0000000000000140       0x10 ./Core/Src/stm32h7xx_hal_msp.o
 .debug_ranges  0x0000000000000150       0x60 ./Core/Src/stm32h7xx_it.o
 .debug_ranges  0x00000000000001b0       0x18 ./Core/Src/system_stm32h7xx.o
 .debug_ranges  0x00000000000001c8       0x20 ./Core/Src/tim.o
 .debug_ranges  0x00000000000001e8       0x20 ./Core/Startup/startup_stm32h743vitx.o
 .debug_ranges  0x0000000000000208      0x188 ./Drivers/STM32H7xx_HAL_Driver/Src/stm32h7xx_hal.o
 .debug_ranges  0x0000000000000390      0x218 ./Drivers/STM32H7xx_HAL_Driver/Src/stm32h7xx_hal_adc.o
 .debug_ranges  0x00000000000005a8      0x1c8 ./Drivers/STM32H7xx_HAL_Driver/Src/stm32h7xx_hal_adc_ex.o
 .debug_ranges  0x0000000000000770      0x110 ./Drivers/STM32H7xx_HAL_Driver/Src/stm32h7xx_hal_cortex.o
 .debug_ranges  0x0000000000000880       0x48 ./Drivers/STM32H7xx_HAL_Driver/Src/stm32h7xx_hal_gpio.o
 .debug_ranges  0x00000000000008c8      0x138 ./Drivers/STM32H7xx_HAL_Driver/Src/stm32h7xx_hal_i2s.o
 .debug_ranges  0x0000000000000a00      0x148 ./Drivers/STM32H7xx_HAL_Driver/Src/stm32h7xx_hal_pwr_ex.o
 .debug_ranges  0x0000000000000b48       0x78 ./Drivers/STM32H7xx_HAL_Driver/Src/stm32h7xx_hal_rcc.o
 .debug_ranges  0x0000000000000bc0       0xe8 ./Drivers/STM32H7xx_HAL_Driver/Src/stm32h7xx_hal_rcc_ex.o
 .debug_ranges  0x0000000000000ca8      0x3d0 ./Drivers/STM32H7xx_HAL_Driver/Src/stm32h7xx_hal_tim.o
 .debug_ranges  0x0000000000001078      0x178 ./Drivers/STM32H7xx_HAL_Driver/Src/stm32h7xx_hal_tim_ex.o

.debug_frame    0x0000000000000000     0x5128
 .debug_frame   0x0000000000000000       0x80 ./Core/Src/adc.o
 .debug_frame   0x0000000000000080      0x33c ./Core/Src/custom.o
 .debug_frame   0x00000000000003bc       0x58 ./Core/Src/gpio.o
 .debug_frame   0x0000000000000414       0x78 ./Core/Src/i2s.o
 .debug_frame   0x000000000000048c       0x94 ./Core/Src/main.o
 .debug_frame   0x0000000000000520       0x38 ./Core/Src/stm32h7xx_hal_msp.o
 .debug_frame   0x0000000000000558      0x13c ./Core/Src/stm32h7xx_it.o
 .debug_frame   0x0000000000000694       0x58 ./Core/Src/system_stm32h7xx.o
 .debug_frame   0x00000000000006ec       0x74 ./Core/Src/tim.o
 .debug_frame   0x0000000000000760      0x690 ./Drivers/STM32H7xx_HAL_Driver/Src/stm32h7xx_hal.o
 .debug_frame   0x0000000000000df0      0xa28 ./Drivers/STM32H7xx_HAL_Driver/Src/stm32h7xx_hal_adc.o
 .debug_frame   0x0000000000001818      0x88c ./Drivers/STM32H7xx_HAL_Driver/Src/stm32h7xx_hal_adc_ex.o
 .debug_frame   0x00000000000020a4      0x4b8 ./Drivers/STM32H7xx_HAL_Driver/Src/stm32h7xx_hal_cortex.o
 .debug_frame   0x000000000000255c      0x14c ./Drivers/STM32H7xx_HAL_Driver/Src/stm32h7xx_hal_gpio.o
 .debug_frame   0x00000000000026a8      0x5ac ./Drivers/STM32H7xx_HAL_Driver/Src/stm32h7xx_hal_i2s.o
 .debug_frame   0x0000000000002c54      0x580 ./Drivers/STM32H7xx_HAL_Driver/Src/stm32h7xx_hal_pwr_ex.o
 .debug_frame   0x00000000000031d4      0x1f8 ./Drivers/STM32H7xx_HAL_Driver/Src/stm32h7xx_hal_rcc.o
 .debug_frame   0x00000000000033cc      0x3f4 ./Drivers/STM32H7xx_HAL_Driver/Src/stm32h7xx_hal_rcc_ex.o
 .debug_frame   0x00000000000037c0     0x121c ./Drivers/STM32H7xx_HAL_Driver/Src/stm32h7xx_hal_tim.o
 .debug_frame   0x00000000000049dc      0x6d8 ./Drivers/STM32H7xx_HAL_Driver/Src/stm32h7xx_hal_tim_ex.o
 .debug_frame   0x00000000000050b4       0x2c c:/st/stm32cubeide_1.8.0/stm32cubeide/plugins/com.st.stm32cube.ide.mcu.externaltools.gnu-tools-for-stm32.9-2020-q2-update.win32_2.0.0.202105311346/tools/bin/../lib/gcc/arm-none-eabi/9.3.1/../../../../arm-none-eabi/lib/thumb/v7e-m+dp/hard\libc_nano.a(lib_a-init.o)
 .debug_frame   0x00000000000050e0       0x28 c:/st/stm32cubeide_1.8.0/stm32cubeide/plugins/com.st.stm32cube.ide.mcu.externaltools.gnu-tools-for-stm32.9-2020-q2-update.win32_2.0.0.202105311346/tools/bin/../lib/gcc/arm-none-eabi/9.3.1/../../../../arm-none-eabi/lib/thumb/v7e-m+dp/hard\libc_nano.a(lib_a-memcpy-stub.o)
 .debug_frame   0x0000000000005108       0x20 c:/st/stm32cubeide_1.8.0/stm32cubeide/plugins/com.st.stm32cube.ide.mcu.externaltools.gnu-tools-for-stm32.9-2020-q2-update.win32_2.0.0.202105311346/tools/bin/../lib/gcc/arm-none-eabi/9.3.1/../../../../arm-none-eabi/lib/thumb/v7e-m+dp/hard\libc_nano.a(lib_a-memset.o)
