custom.c:315:13:add_voice	0	static
custom.c:328:13:remove_voice	0	static
custom.c:69:13:lcd_rs	8	static
custom.c:76:13:lcd_data	8	static
custom.c:62:13:lcd_e	8	static
custom.c:118:13:lcd_clear	8	static
custom.c:241:13:i2s	16	static
custom.c:124:13:lcd_enable	8	static
custom.c:133:13:lcd_config	8	static
custom.c:147:13:lcd_pos	8	static
custom.c:140:13:lcd_write	8	static
custom.c:172:13:lcd_number	16	static
custom.c:206:13:lcd_string	16	static
custom.c:280:13:refresh	8	static
custom.c:154:13:lcd_flush	8	static
custom.c:162:13:lcd_init	8	static
custom.c:216:13:delay	8	static
custom.c:251:22:button_check	16	static
custom.c:220:17:adc	16	static
custom.c:346:6:customButtonInterrupt	0	static
custom.c:350:6:customTimerInterrupt	16	static
custom.c:402:6:customSetup	8	static
custom.c:422:6:customLoop	16	static
