custom.c:66:13:lcd_e	16	static
custom.c:73:13:lcd_rs	16	static
custom.c:80:13:lcd_data	16	static
custom.c:122:13:lcd_clear	8	static
custom.c:128:13:lcd_enable	8	static
custom.c:137:13:lcd_config	16	static
custom.c:144:13:lcd_write	16	static
custom.c:151:13:lcd_pos	16	static
custom.c:158:13:lcd_flush	8	static
custom.c:166:13:lcd_init	8	static
custom.c:177:13:lcd_number	40	static
custom.c:212:13:lcd_string	32	static
custom.c:223:13:delay	16	static
custom.c:228:17:adc	24	static
custom.c:249:13:i2s	24	static
custom.c:260:22:button_check	16	static
custom.c:290:13:refresh	8	static
custom.c:324:13:add_voice	16	static
custom.c:338:13:remove_voice	16	static
custom.c:357:6:customButtonInterrupt	4	static
custom.c:371:6:customTimerInterrupt	16	static
custom.c:429:6:customSetup	16	static
custom.c:458:6:customLoop	16	static
