stm32h7xx_hal_adc_ex.c:126:19:HAL_ADCEx_Calibration_Start	32	static
stm32h7xx_hal_adc_ex.c:200:10:HAL_ADCEx_Calibration_GetValue	0	static
stm32h7xx_hal_adc_ex.c:216:19:HAL_ADCEx_LinearCalibration_GetValue	24	static
stm32h7xx_hal_adc_ex.c:261:19:HAL_ADCEx_Calibration_SetValue	12	static
stm32h7xx_hal_adc_ex.c:312:19:HAL_ADCEx_LinearCalibration_SetValue	32	static
stm32h7xx_hal_adc_ex.c:403:19:HAL_ADCEx_LinearCalibration_FactorLoad	48	static
stm32h7xx_hal_adc_ex.c:449:19:HAL_ADCEx_InjectedStart	16	static
stm32h7xx_hal_adc_ex.c:586:19:HAL_ADCEx_InjectedStop	8	static
stm32h7xx_hal_adc_ex.c:641:19:HAL_ADCEx_InjectedPollForConversion	24	static
stm32h7xx_hal_adc_ex.c:775:19:HAL_ADCEx_InjectedStart_IT	16	static
stm32h7xx_hal_adc_ex.c:936:19:HAL_ADCEx_InjectedStop_IT	8	static
stm32h7xx_hal_adc_ex.c:1002:19:HAL_ADCEx_MultiModeStart_DMA	136	static
stm32h7xx_hal_adc_ex.c:1118:19:HAL_ADCEx_MultiModeStop_DMA	120	static
stm32h7xx_hal_adc_ex.c:1242:10:HAL_ADCEx_MultiModeGetValue	0	static
stm32h7xx_hal_adc_ex.c:1288:10:HAL_ADCEx_InjectedGetValue	0	static
stm32h7xx_hal_adc_ex.c:1323:13:HAL_ADCEx_InjectedConvCpltCallback	0	static
stm32h7xx_hal_adc_ex.c:1342:13:HAL_ADCEx_InjectedQueueOverflowCallback	0	static
stm32h7xx_hal_adc_ex.c:1357:13:HAL_ADCEx_LevelOutOfWindow2Callback	0	static
stm32h7xx_hal_adc_ex.c:1372:13:HAL_ADCEx_LevelOutOfWindow3Callback	0	static
stm32h7xx_hal_adc_ex.c:1388:13:HAL_ADCEx_EndOfSamplingCallback	0	static
stm32h7xx_hal_adc_ex.c:1405:19:HAL_ADCEx_RegularStop	8	static
stm32h7xx_hal_adc_ex.c:1463:19:HAL_ADCEx_RegularStop_IT	8	static
stm32h7xx_hal_adc_ex.c:1523:19:HAL_ADCEx_RegularStop_DMA	16	static
stm32h7xx_hal_adc_ex.c:1609:19:HAL_ADCEx_RegularMultiModeStop_DMA	120	static
stm32h7xx_hal_adc_ex.c:1793:19:HAL_ADCEx_InjectedConfigChannel	32	static,ignoring_inline_asm
stm32h7xx_hal_adc_ex.c:2353:19:HAL_ADCEx_MultiModeConfigChannel	120	static
stm32h7xx_hal_adc_ex.c:2466:19:HAL_ADCEx_EnableInjectedQueue	0	static
stm32h7xx_hal_adc_ex.c:2507:19:HAL_ADCEx_DisableInjectedQueue	0	static
stm32h7xx_hal_adc_ex.c:2544:19:HAL_ADCEx_DisableVoltageRegulator	0	static
stm32h7xx_hal_adc_ex.c:2581:19:HAL_ADCEx_EnterADCDeepPowerDownMode	0	static
