stm32h7xx_hal_i2s.c:506:13:HAL_I2S_MspInit	0	static
stm32h7xx_hal_i2s.c:261:19:HAL_I2S_Init	24	static
stm32h7xx_hal_i2s.c:522:13:HAL_I2S_MspDeInit	0	static
stm32h7xx_hal_i2s.c:462:19:HAL_I2S_DeInit	8	static
stm32h7xx_hal_i2s.c:806:19:HAL_I2S_Transmit	24	static
stm32h7xx_hal_i2s.c:923:19:HAL_I2S_Receive	24	static
stm32h7xx_hal_i2s.c:1029:19:HAL_I2SEx_TransmitReceive	48	static
stm32h7xx_hal_i2s.c:1178:19:HAL_I2S_Transmit_IT	12	static
stm32h7xx_hal_i2s.c:1254:19:HAL_I2S_Receive_IT	12	static
stm32h7xx_hal_i2s.c:1328:19:HAL_I2SEx_TransmitReceive_IT	16	static
stm32h7xx_hal_i2s.c:1406:19:HAL_I2S_Transmit_DMA	24	static
stm32h7xx_hal_i2s.c:1492:19:HAL_I2S_Receive_DMA	24	static
stm32h7xx_hal_i2s.c:1579:19:HAL_I2SEx_TransmitReceive_DMA	24	static
stm32h7xx_hal_i2s.c:1679:19:HAL_I2S_DMAPause	16	static
stm32h7xx_hal_i2s.c:1751:19:HAL_I2S_DMAResume	4	static
stm32h7xx_hal_i2s.c:1786:19:HAL_I2S_DMAStop	16	static
stm32h7xx_hal_i2s.c:1976:13:HAL_I2S_TxHalfCpltCallback	0	static
stm32h7xx_hal_i2s.c:2161:13:I2S_DMATxHalfCplt	8	static
stm32h7xx_hal_i2s.c:1992:13:HAL_I2S_TxCpltCallback	0	static
stm32h7xx_hal_i2s.c:2290:13:I2S_Transmit_16Bit_IT	8	static
stm32h7xx_hal_i2s.c:2327:13:I2S_Transmit_32Bit_IT	8	static
stm32h7xx_hal_i2s.c:2133:13:I2S_DMATxCplt	8	static
stm32h7xx_hal_i2s.c:2008:13:HAL_I2S_RxHalfCpltCallback	0	static
stm32h7xx_hal_i2s.c:2207:13:I2S_DMARxHalfCplt	8	static
stm32h7xx_hal_i2s.c:2024:13:HAL_I2S_RxCpltCallback	0	static
stm32h7xx_hal_i2s.c:2180:13:I2S_DMARxCplt	8	static
stm32h7xx_hal_i2s.c:2040:13:HAL_I2SEx_TxRxHalfCpltCallback	0	static
stm32h7xx_hal_i2s.c:2244:13:I2SEx_DMATxRxHalfCplt	8	static
stm32h7xx_hal_i2s.c:2056:13:HAL_I2SEx_TxRxCpltCallback	0	static
stm32h7xx_hal_i2s.c:2358:13:I2S_Receive_16Bit_IT	16	static
stm32h7xx_hal_i2s.c:2414:13:I2S_Receive_32Bit_IT	16	static
stm32h7xx_hal_i2s.c:2226:13:I2SEx_DMATxRxCplt	8	static
stm32h7xx_hal_i2s.c:2072:13:HAL_I2S_ErrorCallback	0	static
stm32h7xx_hal_i2s.c:2262:13:I2S_DMAError	8	static
stm32h7xx_hal_i2s.c:1835:6:HAL_I2S_IRQHandler	16	static
stm32h7xx_hal_i2s.c:2107:22:HAL_I2S_GetState	0	static
stm32h7xx_hal_i2s.c:2118:10:HAL_I2S_GetError	0	static
